###############################################################################
#
# IAR ELF Linker V7.30.1.7746/W32 for ARM                 21/Oct/2014  18:10:36
# Copyright 2007-2014 IAR Systems AB.
#
#    Output file  =  
#        C:\Users\gharbin\Desktop\My Work\my
#        workspaces\Audio\Project\Projects\EWARM\Project
#        Configuration\Exe\Project Configuration.out
#    Map file     =  
#        C:\Users\gharbin\Desktop\My Work\my
#        workspaces\Audio\Project\Projects\EWARM\Project
#        Configuration/List\Project Configuration.map
#    Command line =  
#        "C:\Users\gharbin\Desktop\My Work\my
#        workspaces\Audio\Project\Projects\EWARM\Project
#        Configuration\Obj\ccsbcs.o" "C:\Users\gharbin\Desktop\My Work\my
#        workspaces\Audio\Project\Projects\EWARM\Project
#        Configuration\Obj\diskio.o" "C:\Users\gharbin\Desktop\My Work\my
#        workspaces\Audio\Project\Projects\EWARM\Project
#        Configuration\Obj\ff.o" "C:\Users\gharbin\Desktop\My Work\my
#        workspaces\Audio\Project\Projects\EWARM\Project
#        Configuration\Obj\ff_gen_drv.o" "C:\Users\gharbin\Desktop\My Work\my
#        workspaces\Audio\Project\Projects\EWARM\Project
#        Configuration\Obj\main.o" "C:\Users\gharbin\Desktop\My Work\my
#        workspaces\Audio\Project\Projects\EWARM\Project
#        Configuration\Obj\startup_stm32f407xx.o" "C:\Users\gharbin\Desktop\My
#        Work\my workspaces\Audio\Project\Projects\EWARM\Project
#        Configuration\Obj\stm32f4xx_hal.o" "C:\Users\gharbin\Desktop\My
#        Work\my workspaces\Audio\Project\Projects\EWARM\Project
#        Configuration\Obj\stm32f4xx_hal_cortex.o" "C:\Users\gharbin\Desktop\My
#        Work\my workspaces\Audio\Project\Projects\EWARM\Project
#        Configuration\Obj\stm32f4xx_hal_dma.o" "C:\Users\gharbin\Desktop\My
#        Work\my workspaces\Audio\Project\Projects\EWARM\Project
#        Configuration\Obj\stm32f4xx_hal_dma_ex.o" "C:\Users\gharbin\Desktop\My
#        Work\my workspaces\Audio\Project\Projects\EWARM\Project
#        Configuration\Obj\stm32f4xx_hal_flash.o" "C:\Users\gharbin\Desktop\My
#        Work\my workspaces\Audio\Project\Projects\EWARM\Project
#        Configuration\Obj\stm32f4xx_hal_flash_ex.o"
#        "C:\Users\gharbin\Desktop\My Work\my
#        workspaces\Audio\Project\Projects\EWARM\Project
#        Configuration\Obj\stm32f4xx_hal_flash_ramfunc.o"
#        "C:\Users\gharbin\Desktop\My Work\my
#        workspaces\Audio\Project\Projects\EWARM\Project
#        Configuration\Obj\stm32f4xx_hal_gpio.o" "C:\Users\gharbin\Desktop\My
#        Work\my workspaces\Audio\Project\Projects\EWARM\Project
#        Configuration\Obj\stm32f4xx_hal_hcd.o" "C:\Users\gharbin\Desktop\My
#        Work\my workspaces\Audio\Project\Projects\EWARM\Project
#        Configuration\Obj\stm32f4xx_hal_i2s.o" "C:\Users\gharbin\Desktop\My
#        Work\my workspaces\Audio\Project\Projects\EWARM\Project
#        Configuration\Obj\stm32f4xx_hal_i2s_ex.o" "C:\Users\gharbin\Desktop\My
#        Work\my workspaces\Audio\Project\Projects\EWARM\Project
#        Configuration\Obj\stm32f4xx_hal_msp.o" "C:\Users\gharbin\Desktop\My
#        Work\my workspaces\Audio\Project\Projects\EWARM\Project
#        Configuration\Obj\stm32f4xx_hal_pwr.o" "C:\Users\gharbin\Desktop\My
#        Work\my workspaces\Audio\Project\Projects\EWARM\Project
#        Configuration\Obj\stm32f4xx_hal_pwr_ex.o" "C:\Users\gharbin\Desktop\My
#        Work\my workspaces\Audio\Project\Projects\EWARM\Project
#        Configuration\Obj\stm32f4xx_hal_rcc.o" "C:\Users\gharbin\Desktop\My
#        Work\my workspaces\Audio\Project\Projects\EWARM\Project
#        Configuration\Obj\stm32f4xx_hal_rcc_ex.o" "C:\Users\gharbin\Desktop\My
#        Work\my workspaces\Audio\Project\Projects\EWARM\Project
#        Configuration\Obj\stm32f4xx_it.o" "C:\Users\gharbin\Desktop\My Work\my
#        workspaces\Audio\Project\Projects\EWARM\Project
#        Configuration\Obj\stm32f4xx_ll_usb.o" "C:\Users\gharbin\Desktop\My
#        Work\my workspaces\Audio\Project\Projects\EWARM\Project
#        Configuration\Obj\syscall.o" "C:\Users\gharbin\Desktop\My Work\my
#        workspaces\Audio\Project\Projects\EWARM\Project
#        Configuration\Obj\system_stm32f4xx.o" "C:\Users\gharbin\Desktop\My
#        Work\my workspaces\Audio\Project\Projects\EWARM\Project
#        Configuration\Obj\usb_host.o" "C:\Users\gharbin\Desktop\My Work\my
#        workspaces\Audio\Project\Projects\EWARM\Project
#        Configuration\Obj\usbh_conf.o" "C:\Users\gharbin\Desktop\My Work\my
#        workspaces\Audio\Project\Projects\EWARM\Project
#        Configuration\Obj\usbh_core.o" "C:\Users\gharbin\Desktop\My Work\my
#        workspaces\Audio\Project\Projects\EWARM\Project
#        Configuration\Obj\usbh_ctlreq.o" "C:\Users\gharbin\Desktop\My Work\my
#        workspaces\Audio\Project\Projects\EWARM\Project
#        Configuration\Obj\usbh_diskio.o" "C:\Users\gharbin\Desktop\My Work\my
#        workspaces\Audio\Project\Projects\EWARM\Project
#        Configuration\Obj\usbh_ioreq.o" "C:\Users\gharbin\Desktop\My Work\my
#        workspaces\Audio\Project\Projects\EWARM\Project
#        Configuration\Obj\usbh_msc.o" "C:\Users\gharbin\Desktop\My Work\my
#        workspaces\Audio\Project\Projects\EWARM\Project
#        Configuration\Obj\usbh_msc_bot.o" "C:\Users\gharbin\Desktop\My Work\my
#        workspaces\Audio\Project\Projects\EWARM\Project
#        Configuration\Obj\usbh_msc_scsi.o" "C:\Users\gharbin\Desktop\My
#        Work\my workspaces\Audio\Project\Projects\EWARM\Project
#        Configuration\Obj\usbh_pipes.o" --redirect _Printf=_PrintfFull
#        --redirect _Scanf=_ScanfFull -o "C:\Users\gharbin\Desktop\My Work\my
#        workspaces\Audio\Project\Projects\EWARM\Project
#        Configuration\Exe\Project Configuration.out" --map
#        "C:\Users\gharbin\Desktop\My Work\my
#        workspaces\Audio\Project\Projects\EWARM\Project
#        Configuration/List\Project Configuration.map" --config
#        "C:\Users\gharbin\Desktop\My Work\my
#        workspaces\Audio\Project\Projects\EWARM\stm32f407xx_flash.icf"
#        --semihosting --entry __iar_program_start --vfe
#
###############################################################################

*******************************************************************************
*** RUNTIME MODEL ATTRIBUTES
***

CppFlavor                     = *
__Heap_Handler                = DLMalloc
__SystemLibrary               = DLib
__dlib_dynamic_initialization = normal


*******************************************************************************
*** PLACEMENT SUMMARY
***

"A1":  place at 0x08000000 { ro section .intvec };
"P1":  place in [from 0x08000000 to 0x080fffff] { ro };
"P2":  place in [from 0x20000000 to 0x2001ffff] { rw, block CSTACK, block HEAP };

  Section             Kind        Address    Size  Object
  -------             ----        -------    ----  ------
"A1":                                       0x188
  .intvec             ro code  0x08000000   0x188  startup_stm32f407xx.o [1]
                             - 0x08000188   0x188

"P1":                                      0x89b8
  .text               ro code  0x08000188  0x1500  dlmalloc.o [3]
  .text               ro code  0x08001688     0x6  abort.o [3]
  .text               ro code  0x0800168e    0x22  zero_init3.o [5]
  .text               ro code  0x080016b0    0x2c  xgetmemchunk.o [3]
  .text               ro code  0x080016dc    0x14  exit.o [6]
  .text               ro code  0x080016f0    0x6c  iarttio.o [6]
  .text               ro code  0x0800175c     0x8  XShttio.o [3]
  .text               ro code  0x08001764  0x1150  xprintffull.o [3]
  .text               ro code  0x080028b4    0x20  xmbtowc.o [3]
  .text               ro code  0x080028d4    0x16  strchr.o [5]
  .text               ro code  0x080028ec    0x36  strlen.o [5]
  .text               ro code  0x08002924    0x58  memchr.o [5]
  .text               ro code  0x0800297c     0xa  xmbcurmax.o [3]
  .text               ro code  0x08002986    0x1a  xwctomb.o [3]
  .text               ro code  0x080029a0    0x76  ABImemcpy_unaligned.o [5]
  .text               ro code  0x08002a18    0xee  I64DivMod.o [5]
  .text               ro code  0x08002b06    0x42  xdnorm.o [4]
  .text               ro code  0x08002b48    0x2e  DblCmpLe.o [4]
  .text               ro code  0x08002b78    0x2e  DblCmpGe.o [4]
  .text               ro code  0x08002ba8   0x114  xdscale.o [4]
  .text               ro code  0x08002cbc    0x58  DblToI32.o [4]
  .text               ro code  0x08002d14    0x30  I32ToDbl.o [4]
  .text               ro code  0x08002d44   0x180  DblSub.o [4]
  .text               ro code  0x08002ec4   0x1a2  DblMul.o [4]
  .text               ro code  0x08003068   0x246  DblDiv.o [4]
  .text               ro code  0x080032b0    0x6c  localeconv.o [3]
  .text               ro code  0x0800331c     0xe  div.o [3]
  .text               ro code  0x0800332c    0x14  setlocale.o [3]
  .text               ro code  0x08003340    0x60  xencoding_sb.o [3]
  .text               ro code  0x080033a0     0x2  I64DivZer.o [5]
  .text               ro code  0x080033a4    0xd4  DblAdd.o [4]
  .text               ro code  0x08003478     0x2  xtls.o [3]
  .text               ro code  0x0800347c   0xca8  stm32f4xx_hal_dma.o [1]
  .text               ro code  0x08004124   0x10a  main.o [1]
  .text               ro code  0x08004230    0x84  stm32f4xx_hal.o [1]
  .text               ro code  0x080042b4   0x19c  stm32f4xx_hal_cortex.o [1]
  .text               ro code  0x08004450   0x2dc  stm32f4xx_hal_i2s.o [1]
  .text               ro code  0x0800472c    0x4c  usb_host.o [1]
  .text               ro code  0x08004778    0x38  ff_gen_drv.o [1]
  .text               ro code  0x080047b0   0x700  stm32f4xx_hal_rcc.o [1]
  .text               ro code  0x08004eb0   0x1c8  stm32f4xx_hal_rcc_ex.o [1]
  .text               ro code  0x08005078    0xf4  stm32f4xx_hal_msp.o [1]
  .text               ro code  0x0800516c   0x80c  usbh_core.o [1]
  .text               ro code  0x08005978   0x318  stm32f4xx_hal_gpio.o [1]
  .text               ro code  0x08005c90    0x24  printf.o [3]
  .text               ro code  0x08005cb4   0x1c2  usbh_conf.o [1]
  .text               ro code  0x08005e78     0x6  ABImemclr4.o [5]
  .text               ro code  0x08005e7e    0x70  usbh_pipes.o [1]
  .text               ro code  0x08005ef0   0x438  usbh_ctlreq.o [1]
  .text               ro code  0x08006328   0x79c  stm32f4xx_hal_hcd.o [1]
  .text               ro code  0x08006ac4    0x32  ABImemset48.o [5]
  .text               ro code  0x08006af6    0x86  usbh_ioreq.o [1]
  .text               ro code  0x08006b7c   0x646  stm32f4xx_ll_usb.o [1]
  .text               ro code  0x080071c4   0x820  usbh_msc.o [1]
  .text               ro code  0x080079e4   0x230  usbh_msc_bot.o [1]
  .text               ro code  0x08007c14   0x292  usbh_msc_scsi.o [1]
  .text               ro code  0x08007ea8     0x6  ABImemclr.o [5]
  .text               ro code  0x08007eb0    0x5e  ABImemset.o [5]
  .text               ro code  0x08007f10   0x1e8  usbh_diskio.o [1]
  .text               ro code  0x080080f8    0xe0  XShHandles.o [3]
  .text               ro code  0x080081d8    0xd6  xfspos.o [3]
  .text               ro code  0x080082b0    0xb0  fflush.o [3]
  .text               ro code  0x08008360     0xc  xfgpos.o [3]
  .text               ro code  0x0800836c    0x4c  lseek.o [6]
  .text               ro code  0x080083b8     0xc  errno.o [3]
  .text               ro code  0x080083c4     0x4  xsyslock_nop.o [3]
  .text               ro code  0x080083c8    0x10  write.o [6]
  .text               ro code  0x080083d8    0x1e  dwrite.o [6]
  .text               ro code  0x080083f6    0x20  iarwstd.o [6]
  .text               ro code  0x08008416    0x22  iarwrite.o [6]
  .text               ro code  0x08008438    0xd2  packbits_init.o [5]
  .text               ro code  0x0800850a    0xb6  xfwprep.o [3]
  .text               ro code  0x080085c0    0x22  fseek.o [3]
  .text               ro code  0x080085e4    0x7c  xfofind.o [3]
  .text               ro code  0x08008660    0x7a  fclose.o [3]
  .text               ro code  0x080086da    0x1a  close.o [6]
  .text               ro code  0x080086f4    0x16  remove.o [6]
  .text               ro code  0x0800870c    0x58  xcloseall.o [3]
  .text               ro code  0x08008764    0x56  fputc.o [3]
  .text               ro code  0x080087bc    0x50  system_stm32f4xx.o [1]
  .text               ro code  0x0800880c    0x28  data_init.o [5]
  .text               ro code  0x08008834    0x24  stm32f4xx_it.o [1]
  .text               ro code  0x08008858    0x22  fpinit_M.o [4]
  .iar.init_table     const    0x0800887c    0x2c  - Linker created -
  .text               ro code  0x080088a8    0x1a  cmain.o [5]
  .text               ro code  0x080088c2     0x4  low_level_init.o [3]
  .text               ro code  0x080088c6     0x4  exit.o [3]
  .text               ro code  0x080088cc     0xe  cexit.o [5]
  .text               ro code  0x080088da    0x16  xprout.o [3]
  .text               ro code  0x080088f0     0xc  putchar.o [3]
  .text               ro code  0x080088fc    0x10  startup_stm32f407xx.o [1]
  .text               ro code  0x0800890c     0xc  cstartup_M.o [5]
  .rodata             const    0x08008918     0x4  usbh_msc.o [1]
  .text               ro code  0x0800891c     0x4  startup_stm32f407xx.o [1]
  .text               ro code  0x08008920     0x4  startup_stm32f407xx.o [1]
  .text               ro code  0x08008924     0x4  startup_stm32f407xx.o [1]
  .text               ro code  0x08008928     0x4  startup_stm32f407xx.o [1]
  .text               ro code  0x0800892c     0x4  startup_stm32f407xx.o [1]
  .text               ro code  0x08008930     0x4  startup_stm32f407xx.o [1]
  .text               ro code  0x08008934     0x4  startup_stm32f407xx.o [1]
  .text               ro code  0x08008938     0x4  startup_stm32f407xx.o [1]
  .text               ro code  0x0800893c     0x4  startup_stm32f407xx.o [1]
  .text               ro code  0x08008940     0x4  startup_stm32f407xx.o [1]
  .text               ro code  0x08008944     0x4  startup_stm32f407xx.o [1]
  .text               ro code  0x08008948     0x4  startup_stm32f407xx.o [1]
  .text               ro code  0x0800894c     0x4  startup_stm32f407xx.o [1]
  .text               ro code  0x08008950     0x4  startup_stm32f407xx.o [1]
  .text               ro code  0x08008954     0x4  startup_stm32f407xx.o [1]
  .text               ro code  0x08008958     0x4  startup_stm32f407xx.o [1]
  .text               ro code  0x0800895c     0x4  startup_stm32f407xx.o [1]
  .text               ro code  0x08008960     0x4  startup_stm32f407xx.o [1]
  .text               ro code  0x08008964     0x4  startup_stm32f407xx.o [1]
  .text               ro code  0x08008968     0x4  startup_stm32f407xx.o [1]
  .text               ro code  0x0800896c     0x4  startup_stm32f407xx.o [1]
  .text               ro code  0x08008970     0x4  startup_stm32f407xx.o [1]
  .text               ro code  0x08008974     0x4  startup_stm32f407xx.o [1]
  .text               ro code  0x08008978     0x4  startup_stm32f407xx.o [1]
  .text               ro code  0x0800897c     0x4  startup_stm32f407xx.o [1]
  .text               ro code  0x08008980     0x4  startup_stm32f407xx.o [1]
  .text               ro code  0x08008984     0x4  startup_stm32f407xx.o [1]
  .text               ro code  0x08008988     0x4  startup_stm32f407xx.o [1]
  .text               ro code  0x0800898c     0x4  startup_stm32f407xx.o [1]
  .text               ro code  0x08008990     0x4  startup_stm32f407xx.o [1]
  .text               ro code  0x08008994     0x4  startup_stm32f407xx.o [1]
  .text               ro code  0x08008998     0x4  startup_stm32f407xx.o [1]
  .text               ro code  0x0800899c     0x4  startup_stm32f407xx.o [1]
  .text               ro code  0x080089a0     0x4  startup_stm32f407xx.o [1]
  .text               ro code  0x080089a4     0x4  startup_stm32f407xx.o [1]
  .text               ro code  0x080089a8     0x4  startup_stm32f407xx.o [1]
  .text               ro code  0x080089ac     0x4  startup_stm32f407xx.o [1]
  .text               ro code  0x080089b0     0x4  startup_stm32f407xx.o [1]
  .text               ro code  0x080089b4     0x4  startup_stm32f407xx.o [1]
  .text               ro code  0x080089b8     0x4  startup_stm32f407xx.o [1]
  .text               ro code  0x080089bc     0x4  startup_stm32f407xx.o [1]
  .text               ro code  0x080089c0     0x4  startup_stm32f407xx.o [1]
  .text               ro code  0x080089c4     0x4  startup_stm32f407xx.o [1]
  .text               ro code  0x080089c8     0x4  startup_stm32f407xx.o [1]
  .text               ro code  0x080089cc     0x4  startup_stm32f407xx.o [1]
  .text               ro code  0x080089d0     0x4  startup_stm32f407xx.o [1]
  .text               ro code  0x080089d4     0x4  startup_stm32f407xx.o [1]
  .text               ro code  0x080089d8     0x4  startup_stm32f407xx.o [1]
  .text               ro code  0x080089dc     0x4  startup_stm32f407xx.o [1]
  .text               ro code  0x080089e0     0x4  startup_stm32f407xx.o [1]
  .text               ro code  0x080089e4     0x4  startup_stm32f407xx.o [1]
  .text               ro code  0x080089e8     0x4  startup_stm32f407xx.o [1]
  .text               ro code  0x080089ec     0x4  startup_stm32f407xx.o [1]
  .text               ro code  0x080089f0     0x4  startup_stm32f407xx.o [1]
  .text               ro code  0x080089f4     0x4  startup_stm32f407xx.o [1]
  .text               ro code  0x080089f8     0x4  startup_stm32f407xx.o [1]
  .text               ro code  0x080089fc     0x4  startup_stm32f407xx.o [1]
  .text               ro code  0x08008a00     0x4  startup_stm32f407xx.o [1]
  .text               ro code  0x08008a04     0x4  startup_stm32f407xx.o [1]
  .text               ro code  0x08008a08     0x4  startup_stm32f407xx.o [1]
  .text               ro code  0x08008a0c     0x4  startup_stm32f407xx.o [1]
  .text               ro code  0x08008a10     0x4  startup_stm32f407xx.o [1]
  .text               ro code  0x08008a14     0x4  startup_stm32f407xx.o [1]
  .text               ro code  0x08008a18     0x4  startup_stm32f407xx.o [1]
  .text               ro code  0x08008a1c     0x4  startup_stm32f407xx.o [1]
  .text               ro code  0x08008a20     0x4  startup_stm32f407xx.o [1]
  .text               ro code  0x08008a24     0x4  startup_stm32f407xx.o [1]
  .text               ro code  0x08008a28     0x4  startup_stm32f407xx.o [1]
  .text               ro code  0x08008a2c     0x4  startup_stm32f407xx.o [1]
  .text               ro code  0x08008a30     0x4  startup_stm32f407xx.o [1]
  .text               ro code  0x08008a34     0x4  startup_stm32f407xx.o [1]
  .text               ro code  0x08008a38     0x4  startup_stm32f407xx.o [1]
  .text               ro code  0x08008a3c     0x4  startup_stm32f407xx.o [1]
  .text               ro code  0x08008a40     0x4  startup_stm32f407xx.o [1]
  .text               ro code  0x08008a44     0x4  startup_stm32f407xx.o [1]
  .text               ro code  0x08008a48     0x4  startup_stm32f407xx.o [1]
  .text               ro code  0x08008a4c     0x4  startup_stm32f407xx.o [1]
  .text               ro code  0x08008a50     0x4  startup_stm32f407xx.o [1]
  .text               ro code  0x08008a54     0x4  startup_stm32f407xx.o [1]
  .text               ro code  0x08008a58     0x4  startup_stm32f407xx.o [1]
  .text               ro code  0x08008a5c     0x4  startup_stm32f407xx.o [1]
  .text               ro code  0x08008a60     0x4  startup_stm32f407xx.o [1]
  .text               ro code  0x08008a64     0x4  startup_stm32f407xx.o [1]
  .text               ro code  0x08008a68     0x4  startup_stm32f407xx.o [1]
  .text               ro code  0x08008a6c     0x4  startup_stm32f407xx.o [1]
  .text               ro code  0x08008a70     0x4  startup_stm32f407xx.o [1]
  .text               ro code  0x08008a74     0x4  startup_stm32f407xx.o [1]
  .text               ro code  0x08008a78     0x0  cstart_closeall.o [5]
  .rodata             const    0x08008a78     0x0  zero_init3.o [5]
  .rodata             const    0x08008a78     0x0  packbits_init.o [5]
  Initializer bytes   ro data  0x08008a78    0xc8  <for P2 s0>
                             - 0x08008b40  0x89b8

"P2":                                      0x1198
  P2 s0                        0x20000000   0x230  <Init block>
    __DLIB_PERTHREAD  inited   0x20000000    0x88  localeconv.o [3]
    __DLIB_PERTHREAD  inited   0x20000088    0x74  setlocale.o [3]
    .data             inited   0x200000fc    0x40  xfiles.o [3]
    .data             inited   0x2000013c    0x40  xfiles.o [3]
    .data             inited   0x2000017c    0x40  xfiles.o [3]
    .data             inited   0x200001bc    0x20  usbh_msc.o [1]
    .data             inited   0x200001dc    0x20  xfiles.o [3]
    .data             inited   0x200001fc    0x14  system_stm32f4xx.o [1]
    .data             inited   0x20000210    0x14  usbh_diskio.o [1]
    .data             inited   0x20000224     0x8  XShttio.o [3]
    __DLIB_PERTHREAD  inited   0x2000022c     0x4  errno.o [3]
  .bss                zero     0x20000230   0x2c8  usb_host.o [1]
  .bss                zero     0x200004f8   0x290  usbh_conf.o [1]
  .bss                zero     0x20000788   0x1d8  dlmalloc.o [3]
  .bss                zero     0x20000960    0x80  XShHandles.o [3]
  .bss                zero     0x200009e0    0x50  main.o [1]
  .bss                zero     0x20000a30    0x50  main.o [1]
  .bss                zero     0x20000a80    0x50  xfiles.o [3]
  .bss                zero     0x20000ad0    0x50  xfiles.o [3]
  .bss                zero     0x20000b20    0x48  main.o [1]
  .bss                zero     0x20000b68    0x18  dlmalloc.o [3]
  .bss                zero     0x20000b80     0xc  ff_gen_drv.o [1]
  .bss                zero     0x20000b8c     0x4  stm32f4xx_hal.o [1]
  .bss                zero     0x20000b90     0x4  xgetmemchunk.o [3]
  .bss                zero     0x20000b94     0x1  usb_host.o [1]
  CSTACK                       0x20000b98   0x400  <Block>
    CSTACK            uninit   0x20000b98   0x400  <Block tail>
  HEAP                         0x20000f98   0x200  <Block>
    HEAP              uninit   0x20000f98   0x200  <Block tail>
                             - 0x20001198  0x1198


*******************************************************************************
*** INIT TABLE
***

          Address     Size
          -------     ----
Zero (__iar_zero_init3)
    1 destination range, total size 0x965:
          0x20000230  0x965

Copy/packbits (__iar_packbits_init3)
    1 source range, total size 0xc8 (35% of destination):
          0x08008a78   0xc8
    1 destination range, total size 0x230:
          0x20000000  0x230



*******************************************************************************
*** MODULE SUMMARY
***

    Module                  ro code  ro data  rw data
    ------                  -------  -------  -------
C:\Users\gharbin\Desktop\My Work\my workspaces\Audio\Project\Projects\EWARM\Project Configuration\Obj: [1]
    ff_gen_drv.o                 56                12
    main.o                      266               232
    startup_stm32f407xx.o       756
    stm32f4xx_hal.o             132                 4
    stm32f4xx_hal_cortex.o      412
    stm32f4xx_hal_dma.o       3 240
    stm32f4xx_hal_gpio.o        792
    stm32f4xx_hal_hcd.o       1 948
    stm32f4xx_hal_i2s.o         732
    stm32f4xx_hal_msp.o         244
    stm32f4xx_hal_rcc.o       1 792
    stm32f4xx_hal_rcc_ex.o      456
    stm32f4xx_it.o               36
    stm32f4xx_ll_usb.o        1 606
    system_stm32f4xx.o           80        7       20
    usb_host.o                   76               713
    usbh_conf.o                 450               656
    usbh_core.o               2 060
    usbh_ctlreq.o             1 080
    usbh_diskio.o               488        7       20
    usbh_ioreq.o                134
    usbh_msc.o                2 080       16       32
    usbh_msc_bot.o              560
    usbh_msc_scsi.o             658
    usbh_pipes.o                112
    -------------------------------------------------
    Total:                   20 246       30    1 689

command line: [2]
    -------------------------------------------------
    Total:

dl7M_tlf.a: [3]
    XShHandles.o                224               128
    XShttio.o                     8        3        8
    abort.o                       6
    div.o                        14
    dlmalloc.o                5 376               496
    errno.o                      12        2        4
    exit.o                        4
    fclose.o                    122
    fflush.o                    176
    fputc.o                      86
    fseek.o                      34
    localeconv.o                108       48      136
    low_level_init.o              4
    printf.o                     36
    putchar.o                    12
    setlocale.o                  20       42      116
    xcloseall.o                  88
    xencoding_sb.o               96
    xfgpos.o                     12
    xfiles.o                              79      384
    xfofind.o                   124
    xfspos.o                    214
    xfwprep.o                   182
    xgetmemchunk.o               44                 4
    xmbcurmax.o                  10
    xmbtowc.o                    32
    xprintffull.o             4 432
    xprout.o                     22
    xsyslock_nop.o                4
    xtls.o                        2
    xwctomb.o                    26
    -------------------------------------------------
    Total:                   11 530      174    1 276

m7M_tlv.a: [4]
    DblAdd.o                    212
    DblCmpGe.o                   46
    DblCmpLe.o                   46
    DblDiv.o                    582
    DblMul.o                    418
    DblSub.o                    384
    DblToI32.o                   88
    I32ToDbl.o                   48
    fpinit_M.o                   34
    xdnorm.o                     66
    xdscale.o                   276
    -------------------------------------------------
    Total:                    2 200

rt7M_tl.a: [5]
    ABImemclr.o                   6
    ABImemclr4.o                  6
    ABImemcpy_unaligned.o       118
    ABImemset.o                  94
    ABImemset48.o                50
    I64DivMod.o                 238
    I64DivZer.o                   2
    cexit.o                      14
    cmain.o                      26
    cstart_closeall.o
    cstartup_M.o                 12
    data_init.o                  40
    memchr.o                     88
    packbits_init.o             210
    strchr.o                     22
    strlen.o                     54
    zero_init3.o                 34
    -------------------------------------------------
    Total:                    1 014

shb_l.a: [6]
    close.o                      26
    dwrite.o                     30
    exit.o                       20
    iarttio.o                   108
    iarwrite.o                   34
    iarwstd.o                    32
    lseek.o                      76
    remove.o                     22
    write.o                      16
    -------------------------------------------------
    Total:                      364

    Gaps                         44        2
    Linker created                        44    1 536
-----------------------------------------------------
    Grand Total:             35 398      250    4 501


*******************************************************************************
*** ENTRY LIST
***

Entry                      Address   Size  Type      Object
-----                      -------   ----  ----      ------
?main                   0x080088a9         Code  Gb  cmain.o [5]
AHBPrescTable           0x200001fc   0x10  Data  Gb  system_stm32f4xx.o [1]
APBAHBPrescTable        0x08004ea0   0x10  Data  Gb  stm32f4xx_hal_rcc.o [1]
Appli_state             0x20000b94    0x1  Data  Gb  usb_host.o [1]
CSTACK$$Base            0x20000b98          --   Gb  - Linker created -
CSTACK$$Limit           0x20000f98          --   Gb  - Linker created -
DMA1_Stream7_IRQHandler
                        0x08008849    0x6  Code  Gb  stm32f4xx_it.o [1]
DeInitStateMachine      0x080051ab   0x44  Code  Lc  usbh_core.o [1]
FATFS_LinkDriver        0x08004779   0x34  Code  Gb  ff_gen_drv.o [1]
HAL_DMA_IRQHandler      0x08003785  0x952  Code  Gb  stm32f4xx_hal_dma.o [1]
HAL_DMA_Init            0x0800347d  0x214  Code  Gb  stm32f4xx_hal_dma.o [1]
HAL_Delay               0x08004295   0x18  Code  Wk  stm32f4xx_hal.o [1]
HAL_GPIO_Init           0x08005979  0x244  Code  Gb  stm32f4xx_hal_gpio.o [1]
HAL_GetTick             0x0800428f    0x6  Code  Wk  stm32f4xx_hal.o [1]
HAL_HCD_Connect_Callback
                        0x08005d23    0x8  Code  Gb  usbh_conf.o [1]
HAL_HCD_Disconnect_Callback
                        0x08005d2b    0x8  Code  Gb  usbh_conf.o [1]
HAL_HCD_GetCurrentFrame
                        0x0800661f    0x6  Code  Gb  stm32f4xx_hal_hcd.o [1]
HAL_HCD_GetCurrentSpeed
                        0x08006625    0x6  Code  Gb  stm32f4xx_hal_hcd.o [1]
HAL_HCD_HC_GetURBState  0x08006609    0xc  Code  Gb  stm32f4xx_hal_hcd.o [1]
HAL_HCD_HC_GetXferCount
                        0x08006615    0xa  Code  Gb  stm32f4xx_hal_hcd.o [1]
HAL_HCD_HC_Halt         0x080063eb   0x18  Code  Gb  stm32f4xx_hal_hcd.o [1]
HAL_HCD_HC_Init         0x0800639b   0x50  Code  Gb  stm32f4xx_hal_hcd.o [1]
HAL_HCD_HC_NotifyURBChange_Callback
                        0x08005d33    0x2  Code  Gb  usbh_conf.o [1]
HAL_HCD_HC_SubmitRequest
                        0x08006403   0xa0  Code  Gb  stm32f4xx_hal_hcd.o [1]
HAL_HCD_IRQHandler      0x080064a3  0x10e  Code  Gb  stm32f4xx_hal_hcd.o [1]
HAL_HCD_Init            0x08006329   0x68  Code  Gb  stm32f4xx_hal_hcd.o [1]
HAL_HCD_MspInit         0x08005cb5   0x66  Code  Gb  usbh_conf.o [1]
HAL_HCD_ResetPort       0x08006603    0x6  Code  Gb  stm32f4xx_hal_hcd.o [1]
HAL_HCD_SOF_Callback    0x08005d1b    0x8  Code  Gb  usbh_conf.o [1]
HAL_HCD_Start           0x080065b7   0x20  Code  Gb  stm32f4xx_hal_hcd.o [1]
HAL_HCD_Stop            0x080065e9   0x1a  Code  Gb  stm32f4xx_hal_hcd.o [1]
HAL_I2S_Init            0x08004451  0x23e  Code  Gb  stm32f4xx_hal_i2s.o [1]
HAL_I2S_MspInit         0x08005091   0x96  Code  Gb  stm32f4xx_hal_msp.o [1]
HAL_IncTick             0x08004285    0xa  Code  Wk  stm32f4xx_hal.o [1]
HAL_Init                0x08004231   0x30  Code  Gb  stm32f4xx_hal.o [1]
HAL_InitTick            0x08004261   0x24  Code  Wk  stm32f4xx_hal.o [1]
HAL_MspInit             0x08005079   0x18  Code  Gb  stm32f4xx_hal_msp.o [1]
HAL_NVIC_EnableIRQ      0x0800436f    0xc  Code  Gb  stm32f4xx_hal_cortex.o [1]
HAL_NVIC_SetPriority    0x0800430f   0x60  Code  Gb  stm32f4xx_hal_cortex.o [1]
HAL_NVIC_SetPriorityGrouping
                        0x080042d9   0x36  Code  Gb  stm32f4xx_hal_cortex.o [1]
HAL_RCCEx_PeriphCLKConfig
                        0x08004eb1  0x138  Code  Gb  stm32f4xx_hal_rcc_ex.o [1]
HAL_RCC_ClockConfig     0x08004b01  0x250  Code  Gb  stm32f4xx_hal_rcc.o [1]
HAL_RCC_GetHCLKFreq     0x08004de3   0x1e  Code  Gb  stm32f4xx_hal_rcc.o [1]
HAL_RCC_GetSysClockFreq
                        0x08004d99   0x4a  Code  Gb  stm32f4xx_hal_rcc.o [1]
HAL_RCC_OscConfig       0x080047b1  0x340  Code  Gb  stm32f4xx_hal_rcc.o [1]
HAL_SYSTICK_Callback    0x080043d5    0x2  Code  Wk  stm32f4xx_hal_cortex.o [1]
HAL_SYSTICK_Config      0x08004383   0x28  Code  Gb  stm32f4xx_hal_cortex.o [1]
HAL_SYSTICK_IRQHandler  0x080043cd    0x8  Code  Gb  stm32f4xx_hal_cortex.o [1]
HCD_HC_IN_IRQHandler    0x0800662b  0x16e  Code  Lc  stm32f4xx_hal_hcd.o [1]
HCD_HC_OUT_IRQHandler   0x080067c5  0x150  Code  Lc  stm32f4xx_hal_hcd.o [1]
HCD_Port_IRQHandler     0x0800699d   0xb2  Code  Lc  stm32f4xx_hal_hcd.o [1]
HCD_RXQLVL_IRQHandler   0x08006927   0x6a  Code  Lc  stm32f4xx_hal_hcd.o [1]
HEAP$$Base              0x20000f98          --   Gb  - Linker created -
HEAP$$Limit             0x20001198          --   Gb  - Linker created -
InStream_Read           0x08008439   0x22  Code  Lc  packbits_init.o [5]
LoadInt                 0x08001d95   0x6e  Code  Lc  xprintffull.o [3]
MX_USB_HOST_Init        0x0800472d   0x22  Code  Gb  usb_host.o [1]
MX_USB_HOST_Process     0x0800474f    0x6  Code  Gb  usb_host.o [1]
NVIC_GetPriorityGrouping
                        0x080042b5    0xa  Code  Lc  stm32f4xx_hal_cortex.o [1]
NVIC_SetPriority        0x080042bf   0x1a  Code  Lc  stm32f4xx_hal_cortex.o [1]
OTG_FS_IRQHandler       0x08008835    0x6  Code  Gb  stm32f4xx_it.o [1]
Region$$Table$$Base     0x0800887c          --   Gb  - Linker created -
Region$$Table$$Limit    0x080088a8          --   Gb  - Linker created -
SysTick_Handler         0x0800883b    0xe  Code  Gb  stm32f4xx_it.o [1]
SystemClock_Config      0x0800419d   0x76  Code  Gb  main.o [1]
SystemCoreClock         0x2000020c    0x4  Data  Gb  system_stm32f4xx.o [1]
SystemInit              0x080087bd   0x3a  Code  Gb  system_stm32f4xx.o [1]
USBH_AllocPipe          0x08005ea3   0x34  Code  Gb  usbh_pipes.o [1]
USBH_BulkReceiveData    0x08006b5d   0x12  Code  Gb  usbh_ioreq.o [1]
USBH_BulkSendData       0x08006b2d    0xa  Code  Gb  usbh_ioreq.o [1]
USBH_ClosePipe          0x08005e99    0xa  Code  Gb  usbh_pipes.o [1]
USBH_ClrFeature         0x08005ffd   0x18  Code  Gb  usbh_ctlreq.o [1]
USBH_CtlReceiveData     0x08006b1b   0x12  Code  Gb  usbh_ioreq.o [1]
USBH_CtlReq             0x08006153   0x3c  Code  Gb  usbh_ctlreq.o [1]
USBH_CtlSendData        0x08006b0f    0xc  Code  Gb  usbh_ioreq.o [1]
USBH_CtlSendSetup       0x08006af7   0x18  Code  Gb  usbh_ioreq.o [1]
USBH_Delay              0x08005e73    0x4  Code  Gb  usbh_conf.o [1]
USBH_Driver             0x20000210   0x14  Data  Gb  usbh_diskio.o [1]
USBH_FindInterface      0x080052bb   0x3e  Code  Gb  usbh_core.o [1]
USBH_FreePipe           0x08005ed7   0x18  Code  Gb  usbh_pipes.o [1]
USBH_GetDescriptor      0x08005f95   0x34  Code  Gb  usbh_ctlreq.o [1]
USBH_GetNextDesc        0x08006143   0x10  Code  Gb  usbh_ctlreq.o [1]
USBH_Get_CfgDesc        0x08005f1f   0x2c  Code  Gb  usbh_ctlreq.o [1]
USBH_Get_DevDesc        0x08005ef1   0x2e  Code  Gb  usbh_ctlreq.o [1]
USBH_Get_StringDesc     0x08005f4b   0x4a  Code  Gb  usbh_ctlreq.o [1]
USBH_HandleControl      0x08006191  0x174  Code  Lc  usbh_ctlreq.o [1]
USBH_HandleEnum         0x080054e5  0x152  Code  Lc  usbh_core.o [1]
USBH_Init               0x0800516d   0x3e  Code  Gb  usbh_core.o [1]
USBH_LL_ClosePipe       0x08005df1    0xe  Code  Gb  usbh_conf.o [1]
USBH_LL_Connect         0x08005687   0x2c  Code  Gb  usbh_core.o [1]
USBH_LL_Disconnect      0x080056b3   0x42  Code  Gb  usbh_core.o [1]
USBH_LL_DriverVBUS      0x08005e2d    0xc  Code  Gb  usbh_conf.o [1]
USBH_LL_GetLastXferSize
                        0x08005ddb    0x8  Code  Gb  usbh_conf.o [1]
USBH_LL_GetSpeed        0x08005db1   0x1c  Code  Gb  usbh_conf.o [1]
USBH_LL_GetToggle       0x08005e57   0x1c  Code  Gb  usbh_conf.o [1]
USBH_LL_GetURBState     0x08005e25    0x8  Code  Gb  usbh_conf.o [1]
USBH_LL_IncTimer        0x08005669   0x1e  Code  Gb  usbh_core.o [1]
USBH_LL_Init            0x08005d35   0x50  Code  Gb  usbh_conf.o [1]
USBH_LL_OpenPipe        0x08005de3    0xe  Code  Gb  usbh_conf.o [1]
USBH_LL_ResetPort       0x08005dcd    0xe  Code  Gb  usbh_conf.o [1]
USBH_LL_SetTimer        0x08005663    0x6  Code  Gb  usbh_core.o [1]
USBH_LL_SetToggle       0x08005e39   0x1e  Code  Gb  usbh_conf.o [1]
USBH_LL_Start           0x08005d95    0xe  Code  Gb  usbh_conf.o [1]
USBH_LL_Stop            0x08005da3    0xe  Code  Gb  usbh_conf.o [1]
USBH_LL_SubmitURB       0x08005dff    0xe  Code  Gb  usbh_conf.o [1]
USBH_MSC_BOT_Abort      0x08007bf7   0x1e  Code  Lc  usbh_msc_bot.o [1]
USBH_MSC_BOT_Init       0x08007a11   0x1e  Code  Gb  usbh_msc_bot.o [1]
USBH_MSC_BOT_Process    0x08007a31  0x1a2  Code  Gb  usbh_msc_bot.o [1]
USBH_MSC_BOT_REQ_GetMaxLUN
                        0x080079fb   0x16  Code  Gb  usbh_msc_bot.o [1]
USBH_MSC_BOT_REQ_Reset  0x080079e5   0x16  Code  Gb  usbh_msc_bot.o [1]
USBH_MSC_ClassRequest   0x0800733d   0x6c  Code  Lc  usbh_msc.o [1]
USBH_MSC_GetLUNInfo     0x08007779   0x26  Code  Gb  usbh_msc.o [1]
USBH_MSC_InterfaceDeInit
                        0x080072ef   0x4e  Code  Lc  usbh_msc.o [1]
USBH_MSC_InterfaceInit  0x080071c5  0x102  Code  Lc  usbh_msc.o [1]
USBH_MSC_Process        0x080073ad  0x2a6  Code  Lc  usbh_msc.o [1]
USBH_MSC_RdWrProcess    0x08007693   0xba  Code  Lc  usbh_msc.o [1]
USBH_MSC_Read           0x0800779f   0x50  Code  Gb  usbh_msc.o [1]
USBH_MSC_SCSI_Inquiry   0x08007cbf   0xb8  Code  Gb  usbh_msc_scsi.o [1]
USBH_MSC_SCSI_Read      0x08007e35   0x1c  Code  Gb  usbh_msc_scsi.o [1]
USBH_MSC_SCSI_ReadCapacity
                        0x08007c61   0x5e  Code  Gb  usbh_msc_scsi.o [1]
USBH_MSC_SCSI_RequestSense
                        0x08007d77   0x64  Code  Gb  usbh_msc_scsi.o [1]
USBH_MSC_SCSI_TestUnitReady
                        0x08007c15   0x4c  Code  Gb  usbh_msc_scsi.o [1]
USBH_MSC_SCSI_Write     0x08007e09   0x2c  Code  Gb  usbh_msc_scsi.o [1]
USBH_MSC_SOFProcess     0x0800768f    0x4  Code  Lc  usbh_msc.o [1]
USBH_MSC_UnitIsReady    0x08007757   0x22  Code  Gb  usbh_msc.o [1]
USBH_MSC_Write          0x080077ef   0x4e  Code  Gb  usbh_msc.o [1]
USBH_OpenPipe           0x08005e7f   0x1a  Code  Gb  usbh_pipes.o [1]
USBH_ParseCfgDesc       0x0800606d   0xd6  Code  Lc  usbh_ctlreq.o [1]
USBH_ParseDevDesc       0x08006015   0x58  Code  Lc  usbh_ctlreq.o [1]
USBH_Path               0x20000b64    0x4  Data  Gb  main.o [1]
USBH_Process            0x0800530d  0x1d0  Code  Gb  usbh_core.o [1]
USBH_RegisterClass      0x080051ef   0x40  Code  Gb  usbh_core.o [1]
USBH_SelectInterface    0x08005237   0x70  Code  Gb  usbh_core.o [1]
USBH_SetAddress         0x08005fc9   0x18  Code  Gb  usbh_ctlreq.o [1]
USBH_SetCfg             0x08005fe1   0x16  Code  Gb  usbh_ctlreq.o [1]
USBH_Start              0x080052f9   0x14  Code  Gb  usbh_core.o [1]
USBH_UserProcess        0x08004755   0x18  Code  Lc  usb_host.o [1]
USBH_initialize         0x08007f11    0x4  Code  Gb  usbh_diskio.o [1]
USBH_ioctl              0x08008063   0x44  Code  Gb  usbh_diskio.o [1]
USBH_msc                0x200001bc   0x20  Data  Gb  usbh_msc.o [1]
USBH_read               0x08007f29   0x7c  Code  Gb  usbh_diskio.o [1]
USBH_status             0x08007f15   0x14  Code  Gb  usbh_diskio.o [1]
USBH_write              0x08007fa5   0x9c  Code  Gb  usbh_diskio.o [1]
USB_CoreInit            0x08006b7d   0x6e  Code  Gb  stm32f4xx_ll_usb.o [1]
USB_CoreReset           0x08006cd3   0x2a  Code  Lc  stm32f4xx_ll_usb.o [1]
USB_DisableGlobalInt    0x08006bf3    0x6  Code  Gb  stm32f4xx_ll_usb.o [1]
USB_DoPing              0x08007109   0x1c  Code  Gb  stm32f4xx_ll_usb.o [1]
USB_DriveVbus           0x08006e37   0x3e  Code  Gb  stm32f4xx_ll_usb.o [1]
USB_EnableGlobalInt     0x08006beb    0x8  Code  Gb  stm32f4xx_ll_usb.o [1]
USB_FlushRxFifo         0x08006c43   0x1a  Code  Gb  stm32f4xx_ll_usb.o [1]
USB_FlushTxFifo         0x08006c25   0x1e  Code  Gb  stm32f4xx_ll_usb.o [1]
USB_GetCurrentFrame     0x08006e89    0xa  Code  Gb  stm32f4xx_ll_usb.o [1]
USB_GetHostSpeed        0x08006e75   0x14  Code  Gb  stm32f4xx_ll_usb.o [1]
USB_GetMode             0x08006ccb    0x8  Code  Gb  stm32f4xx_ll_usb.o [1]
USB_HC_Halt             0x080070b3   0x56  Code  Gb  stm32f4xx_ll_usb.o [1]
USB_HC_Init             0x08006e93   0xc2  Code  Gb  stm32f4xx_ll_usb.o [1]
USB_HC_ReadInterrupt    0x080070a9    0xa  Code  Gb  stm32f4xx_ll_usb.o [1]
USB_HC_StartXfer        0x08006f55  0x136  Code  Gb  stm32f4xx_ll_usb.o [1]
USB_HostInit            0x08006cfd   0xd0  Code  Gb  stm32f4xx_ll_usb.o [1]
USB_InitFSLSPClkSel     0x08006ddb   0x2e  Code  Gb  stm32f4xx_ll_usb.o [1]
USB_ReadInterrupts      0x08006cc3    0x8  Code  Gb  stm32f4xx_ll_usb.o [1]
USB_ReadPacket          0x08006c89   0x24  Code  Gb  stm32f4xx_ll_usb.o [1]
USB_ResetPort           0x08006e09   0x2e  Code  Gb  stm32f4xx_ll_usb.o [1]
USB_SetCurrentMode      0x08006bff   0x26  Code  Gb  stm32f4xx_ll_usb.o [1]
USB_StopHost            0x0800714d   0x76  Code  Gb  stm32f4xx_ll_usb.o [1]
USB_WritePacket         0x08006c5d   0x2c  Code  Gb  stm32f4xx_ll_usb.o [1]
_Close_all              0x0800870d   0x58  Code  Gb  xcloseall.o [3]
_EncodingSb_Mbtowc      0x0800335b   0x30  Code  Gb  xencoding_sb.o [3]
_EncodingSb_Wctomb      0x08003341   0x1a  Code  Gb  xencoding_sb.o [3]
_Files                  0x200001dc   0x20  Data  Gb  xfiles.o [3]
_Fofree                 0x080085e5   0x78  Code  Gb  xfofind.o [3]
_Fspos                  0x080081d9   0xd6  Code  Gb  xfspos.o [3]
_Fwprep                 0x0800850b   0xb6  Code  Gb  xfwprep.o [3]
_GenldFull              0x0800261f  0x24c  Code  Lc  xprintffull.o [3]
_IsdstStr               0x2000008c    0x4  Data  Gb  setlocale.o [3]
_LdtobFull              0x0800221d  0x3fc  Code  Lc  xprintffull.o [3]
_LitobFull              0x08002115  0x106  Code  Lc  xprintffull.o [3]
_LocaleEncoding         0x0800332d    0xe  Code  Gb  setlocale.o [3]
_LocaleReturnString     0x200000ac   0x50  Data  Lc  setlocale.o [3]
_Locale_Profile         0x20000090   0x1c  Data  Gb  setlocale.o [3]
_Locale_aeabi_lconv     0x20000050   0x38  Data  Gb  localeconv.o [3]
_Locale_lconv           0x20000000   0x50  Data  Gb  localeconv.o [3]
_Mbtowc                 0x080028b5   0x20  Code  Gb  xmbtowc.o [3]
_Nnl                    0x08008361    0xc  Code  Gb  xfgpos.o [3]
_PrintfFull             0x08001765  0x618  Code  Gb  xprintffull.o [3]
_Prout                  0x080088db   0x16  Code  Gb  xprout.o [3]
_PutcharsFull           0x0800286b   0x2e  Code  Lc  xprintffull.o [3]
_PutstrFull             0x08001e03  0x30c  Code  Lc  xprintffull.o [3]
_TzoneStr               0x20000088    0x4  Data  Gb  setlocale.o [3]
_Wctomb                 0x08002987   0x1a  Code  Gb  xwctomb.o [3]
__aeabi_cdcmple         0x08002b49         Code  Gb  DblCmpLe.o [4]
__aeabi_cdrcmple        0x08002b79         Code  Gb  DblCmpGe.o [4]
__aeabi_d2iz            0x08002cbd         Code  Gb  DblToI32.o [4]
__aeabi_d2uiz           0x08002ce9         Code  Gb  DblToI32.o [4]
__aeabi_ddiv            0x08003069         Code  Gb  DblDiv.o [4]
__aeabi_dmul            0x08002ec5         Code  Gb  DblMul.o [4]
__aeabi_dsub            0x08002d45         Code  Gb  DblSub.o [4]
__aeabi_errno_addr      0x080083b9    0x6  Code  Gb  errno.o [3]
__aeabi_i2d             0x08002d15         Code  Gb  I32ToDbl.o [4]
__aeabi_ldiv0           0x080033a1         Code  Gb  I64DivZer.o [5]
__aeabi_memclr          0x08007ea9         Code  Gb  ABImemclr.o [5]
__aeabi_memclr4         0x08005e79         Code  Gb  ABImemclr4.o [5]
__aeabi_ui2d            0x08002d29         Code  Gb  I32ToDbl.o [4]
__aeabi_uldivmod        0x08002a19         Code  Gb  I64DivMod.o [5]
__cexit_closeall        0x080088cf         Code  Gb  cexit.o [5]
__close                 0x080086db   0x1a  Code  Gb  close.o [6]
__cmain                 0x080088a9         Code  Gb  cmain.o [5]
__cstart_closeall       0x08008a78         Data  Gb  cstart_closeall.o [5]
__data_GetMemChunk      0x080016b1   0x2c  Code  Gb  xgetmemchunk.o [3]
__dwrite                0x080083d9   0x1e  Code  Gb  dwrite.o [6]
__exit                  0x080016dd   0x14  Code  Gb  exit.o [6]
__iar_Dnorm             0x08002b07   0x42  Code  Gb  xdnorm.o [4]
__iar_Dscale            0x08002ba9  0x114  Code  Gb  xdscale.o [4]
__iar_Errno             0x2000022c    0x4  Data  Gb  errno.o [3]
__iar_Locale_lconv_init
                        0x080032b1   0x3a  Code  Gb  localeconv.o [3]
__iar_Lockfilelock      0x080083c5    0x2  Code  Gb  xsyslock_nop.o [3]
__iar_Mbcurmax          0x0800297d    0xa  Code  Gb  xmbcurmax.o [3]
__iar_Memchr            0x08002925         Code  Gb  memchr.o [5]
__iar_Memset4_word      0x08006ac5         Code  Gb  ABImemset48.o [5]
__iar_Memset8_word      0x08006ac5         Code  Gb  ABImemset48.o [5]
__iar_Memset_word       0x08007eb1         Code  Gb  ABImemset.o [5]
__iar_Stderr            0x2000017c   0x40  Data  Gb  xfiles.o [3]
__iar_Stdin             0x200000fc   0x40  Data  Gb  xfiles.o [3]
__iar_Stdout            0x2000013c   0x40  Data  Gb  xfiles.o [3]
__iar_Strchr            0x080028d5         Code  Gb  strchr.o [5]
__iar_Unlockfilelock    0x080083c7    0x2  Code  Gb  xsyslock_nop.o [3]
__iar_close_ttio        0x080016f1   0x2e  Code  Gb  iarttio.o [6]
__iar_d2uiz             0x08002cf5         Code  Gb  DblToI32.o [4]
__iar_dadd              0x080033a5         Code  Gb  DblAdd.o [4]
__iar_data_init3        0x0800880d   0x28  Code  Gb  data_init.o [5]
__iar_dlfree            0x0800116f  0x510  Code  Gb  dlmalloc.o [3]
__iar_dlib_perthread_access
                        0x08003479    0x2  Code  Gb  xtls.o [3]
__iar_dlmalloc          0x08000eb9  0x2aa  Code  Gb  dlmalloc.o [3]
__iar_dsub              0x08002d59         Code  Gb  DblSub.o [4]
__iar_dsubStart         0x08002d6b         Code  Gb  DblSub.o [4]
__iar_get_ttio          0x08001721   0x38  Code  Gb  iarttio.o [6]
__iar_init_vfp          0x08008859         Code  Gb  fpinit_M.o [4]
__iar_lookup_ttioh      0x0800175d    0x8  Code  Gb  XShttio.o [3]
__iar_packbits_init3    0x0800845b   0xb0  Code  Gb  packbits_init.o [5]
__iar_program_start     0x0800890d         Code  Gb  cstartup_M.o [5]
__iar_sh_Discard        0x080080f9   0x44  Code  Gb  XShHandles.o [3]
__iar_sh_Move           0x08008143   0x4c  Code  Gb  XShHandles.o [3]
__iar_sh_Pos            0x0800818f   0x44  Code  Gb  XShHandles.o [3]
__iar_sh_stdout         0x080083f7   0x20  Code  Gb  iarwstd.o [6]
__iar_sh_write          0x08008417   0x22  Code  Gb  iarwrite.o [6]
__iar_ttio_handles      0x20000224    0x8  Data  Lc  XShttio.o [3]
__iar_ui2d              0x08002d2d         Code  Gb  I32ToDbl.o [4]
__iar_unaligned___aeabi_memcpy
                        0x080029a1         Code  Gb  ABImemcpy_unaligned.o [5]
__iar_unaligned___aeabi_memcpy4
                        0x080029c1         Code  Gb  ABImemcpy_unaligned.o [5]
__iar_unaligned___aeabi_memcpy8
                        0x080029c1         Code  Gb  ABImemcpy_unaligned.o [5]
__iar_zero_init3        0x0800168f   0x22  Code  Gb  zero_init3.o [5]
__low_level_init        0x080088c3    0x4  Code  Gb  low_level_init.o [3]
__lseek                 0x0800836d   0x4c  Code  Gb  lseek.o [6]
__vector_table          0x08000000         Data  Gb  startup_stm32f407xx.o [1]
__write                 0x080083c9   0x10  Code  Gb  write.o [6]
_call_main              0x080088b5         Code  Gb  cmain.o [5]
_exit                   0x080088cd         Code  Gb  cexit.o [5]
_gm_                    0x20000788  0x1d8  Data  Lc  dlmalloc.o [3]
_main                   0x080088bf         Code  Gb  cmain.o [5]
abort                   0x08001689    0x6  Code  Gb  abort.o [3]
assert_failed           0x0800422d    0x2  Code  Gb  main.o [1]
disk                    0x20000b80    0xc  Data  Gb  ff_gen_drv.o [1]
div                     0x0800331d    0xe  Code  Gb  div.o [3]
ebuf                    0x20000a80   0x50  Data  Lc  xfiles.o [3]
exit                    0x080088c7    0x4  Code  Gb  exit.o [3]
fclose                  0x08008661   0x7a  Code  Gb  fclose.o [3]
fflush                  0x08008327   0x34  Code  Gb  fflush.o [3]
fflushOne               0x080082b1   0x76  Code  Lc  fflush.o [3]
fputc                   0x08008765   0x56  Code  Gb  fputc.o [3]
fseek                   0x080085c1   0x22  Code  Gb  fseek.o [3]
hUsbHostFS              0x20000230  0x2c8  Data  Gb  usb_host.o [1]
hdma_spi3_rx            0x200009e0   0x50  Data  Gb  main.o [1]
hdma_spi3_tx            0x20000a30   0x50  Data  Gb  main.o [1]
hhcd_USB_OTG_FS         0x200004f8  0x290  Data  Gb  usbh_conf.o [1]
hi2s3                   0x20000b24   0x40  Data  Gb  main.o [1]
init_mparams            0x080001a3   0x32  Code  Lc  dlmalloc.o [3]
init_top                0x080001d5   0x34  Code  Lc  dlmalloc.o [3]
localeconv              0x080032eb   0x16  Code  Gb  localeconv.o [3]
main                    0x08004125   0x78  Code  Gb  main.o [1]
memchr                  0x08002925         Code  Gb  memchr.o [5]
mparams                 0x20000b68   0x18  Data  Lc  dlmalloc.o [3]
obuf                    0x20000ad0   0x50  Data  Lc  xfiles.o [3]
prepend_alloc           0x08000209  0x36e  Code  Lc  dlmalloc.o [3]
printf                  0x08005c91   0x24  Code  Gb  printf.o [3]
putchar                 0x080088f1    0xc  Code  Gb  putchar.o [3]
remove                  0x080086f5   0x16  Code  Gb  remove.o [6]
retUSBH                 0x20000b20    0x1  Data  Gb  main.o [1]
sFileInfo               0x20000960   0x80  Data  Lc  XShHandles.o [3]
segment_holding         0x08000189   0x1a  Code  Lc  dlmalloc.o [3]
strchr                  0x080028d5         Code  Gb  strchr.o [5]
strlen                  0x080028ed         Code  Gb  strlen.o [5]
sys_alloc               0x08000577  0x38c  Code  Lc  dlmalloc.o [3]
tmalloc_large           0x08000911  0x398  Code  Lc  dlmalloc.o [3]
tmalloc_small           0x08000ca9  0x210  Code  Lc  dlmalloc.o [3]
uwTick                  0x20000b8c    0x4  Data  Lc  stm32f4xx_hal.o [1]


[1] = C:\Users\gharbin\Desktop\My Work\my workspaces\Audio\Project\Projects\EWARM\Project Configuration\Obj
[2] = command line
[3] = dl7M_tlf.a
[4] = m7M_tlv.a
[5] = rt7M_tl.a
[6] = shb_l.a

  35 398 bytes of readonly  code memory
     250 bytes of readonly  data memory
   4 501 bytes of readwrite data memory

Errors: none
Warnings: none
