###############################################################################
#
# IAR ELF Linker V7.20.1.7305/W32 for ARM                 08/Sep/2014  18:17:07
# Copyright 2007-2014 IAR Systems AB.
#
#    Output file  =  
#        C:\Users\gharbin\Desktop\temp_desk\LWIP\Project\Projects\EWARM\Project
#        Configuration\Exe\Project Configuration.out
#    Map file     =  
#        C:\Users\gharbin\Desktop\temp_desk\LWIP\Project\Projects\EWARM\Project
#        Configuration/List\Project Configuration.map
#    Command line =  
#        "C:\Users\gharbin\Desktop\temp_desk\LWIP\Project\Projects\EWARM\Project
#        Configuration\Obj\api_lib.o"
#        "C:\Users\gharbin\Desktop\temp_desk\LWIP\Project\Projects\EWARM\Project
#        Configuration\Obj\api_msg.o"
#        "C:\Users\gharbin\Desktop\temp_desk\LWIP\Project\Projects\EWARM\Project
#        Configuration\Obj\asn1_dec.o"
#        "C:\Users\gharbin\Desktop\temp_desk\LWIP\Project\Projects\EWARM\Project
#        Configuration\Obj\asn1_enc.o"
#        "C:\Users\gharbin\Desktop\temp_desk\LWIP\Project\Projects\EWARM\Project
#        Configuration\Obj\auth.o"
#        "C:\Users\gharbin\Desktop\temp_desk\LWIP\Project\Projects\EWARM\Project
#        Configuration\Obj\autoip.o"
#        "C:\Users\gharbin\Desktop\temp_desk\LWIP\Project\Projects\EWARM\Project
#        Configuration\Obj\chap.o"
#        "C:\Users\gharbin\Desktop\temp_desk\LWIP\Project\Projects\EWARM\Project
#        Configuration\Obj\chpms.o"
#        "C:\Users\gharbin\Desktop\temp_desk\LWIP\Project\Projects\EWARM\Project
#        Configuration\Obj\def.o"
#        "C:\Users\gharbin\Desktop\temp_desk\LWIP\Project\Projects\EWARM\Project
#        Configuration\Obj\dhcp.o"
#        "C:\Users\gharbin\Desktop\temp_desk\LWIP\Project\Projects\EWARM\Project
#        Configuration\Obj\dns.o"
#        "C:\Users\gharbin\Desktop\temp_desk\LWIP\Project\Projects\EWARM\Project
#        Configuration\Obj\err.o"
#        "C:\Users\gharbin\Desktop\temp_desk\LWIP\Project\Projects\EWARM\Project
#        Configuration\Obj\etharp.o"
#        "C:\Users\gharbin\Desktop\temp_desk\LWIP\Project\Projects\EWARM\Project
#        Configuration\Obj\ethernetif.o"
#        "C:\Users\gharbin\Desktop\temp_desk\LWIP\Project\Projects\EWARM\Project
#        Configuration\Obj\fsm.o"
#        "C:\Users\gharbin\Desktop\temp_desk\LWIP\Project\Projects\EWARM\Project
#        Configuration\Obj\icmp.o"
#        "C:\Users\gharbin\Desktop\temp_desk\LWIP\Project\Projects\EWARM\Project
#        Configuration\Obj\igmp.o"
#        "C:\Users\gharbin\Desktop\temp_desk\LWIP\Project\Projects\EWARM\Project
#        Configuration\Obj\inet.o"
#        "C:\Users\gharbin\Desktop\temp_desk\LWIP\Project\Projects\EWARM\Project
#        Configuration\Obj\inet_chksum.o"
#        "C:\Users\gharbin\Desktop\temp_desk\LWIP\Project\Projects\EWARM\Project
#        Configuration\Obj\init.o"
#        "C:\Users\gharbin\Desktop\temp_desk\LWIP\Project\Projects\EWARM\Project
#        Configuration\Obj\ip.o"
#        "C:\Users\gharbin\Desktop\temp_desk\LWIP\Project\Projects\EWARM\Project
#        Configuration\Obj\ip_addr.o"
#        "C:\Users\gharbin\Desktop\temp_desk\LWIP\Project\Projects\EWARM\Project
#        Configuration\Obj\ip_frag.o"
#        "C:\Users\gharbin\Desktop\temp_desk\LWIP\Project\Projects\EWARM\Project
#        Configuration\Obj\ipcp.o"
#        "C:\Users\gharbin\Desktop\temp_desk\LWIP\Project\Projects\EWARM\Project
#        Configuration\Obj\lcp.o"
#        "C:\Users\gharbin\Desktop\temp_desk\LWIP\Project\Projects\EWARM\Project
#        Configuration\Obj\lwip.o"
#        "C:\Users\gharbin\Desktop\temp_desk\LWIP\Project\Projects\EWARM\Project
#        Configuration\Obj\lwip_timers.o"
#        "C:\Users\gharbin\Desktop\temp_desk\LWIP\Project\Projects\EWARM\Project
#        Configuration\Obj\magic.o"
#        "C:\Users\gharbin\Desktop\temp_desk\LWIP\Project\Projects\EWARM\Project
#        Configuration\Obj\main.o"
#        "C:\Users\gharbin\Desktop\temp_desk\LWIP\Project\Projects\EWARM\Project
#        Configuration\Obj\md5.o"
#        "C:\Users\gharbin\Desktop\temp_desk\LWIP\Project\Projects\EWARM\Project
#        Configuration\Obj\mem.o"
#        "C:\Users\gharbin\Desktop\temp_desk\LWIP\Project\Projects\EWARM\Project
#        Configuration\Obj\memp.o"
#        "C:\Users\gharbin\Desktop\temp_desk\LWIP\Project\Projects\EWARM\Project
#        Configuration\Obj\mib2.o"
#        "C:\Users\gharbin\Desktop\temp_desk\LWIP\Project\Projects\EWARM\Project
#        Configuration\Obj\mib_structs.o"
#        "C:\Users\gharbin\Desktop\temp_desk\LWIP\Project\Projects\EWARM\Project
#        Configuration\Obj\msg_in.o"
#        "C:\Users\gharbin\Desktop\temp_desk\LWIP\Project\Projects\EWARM\Project
#        Configuration\Obj\msg_out.o"
#        "C:\Users\gharbin\Desktop\temp_desk\LWIP\Project\Projects\EWARM\Project
#        Configuration\Obj\netbuf.o"
#        "C:\Users\gharbin\Desktop\temp_desk\LWIP\Project\Projects\EWARM\Project
#        Configuration\Obj\netdb.o"
#        "C:\Users\gharbin\Desktop\temp_desk\LWIP\Project\Projects\EWARM\Project
#        Configuration\Obj\netif.o"
#        "C:\Users\gharbin\Desktop\temp_desk\LWIP\Project\Projects\EWARM\Project
#        Configuration\Obj\netifapi.o"
#        "C:\Users\gharbin\Desktop\temp_desk\LWIP\Project\Projects\EWARM\Project
#        Configuration\Obj\pap.o"
#        "C:\Users\gharbin\Desktop\temp_desk\LWIP\Project\Projects\EWARM\Project
#        Configuration\Obj\pbuf.o"
#        "C:\Users\gharbin\Desktop\temp_desk\LWIP\Project\Projects\EWARM\Project
#        Configuration\Obj\ppp.o"
#        "C:\Users\gharbin\Desktop\temp_desk\LWIP\Project\Projects\EWARM\Project
#        Configuration\Obj\ppp_oe.o"
#        "C:\Users\gharbin\Desktop\temp_desk\LWIP\Project\Projects\EWARM\Project
#        Configuration\Obj\randm.o"
#        "C:\Users\gharbin\Desktop\temp_desk\LWIP\Project\Projects\EWARM\Project
#        Configuration\Obj\raw.o"
#        "C:\Users\gharbin\Desktop\temp_desk\LWIP\Project\Projects\EWARM\Project
#        Configuration\Obj\slipif.o"
#        "C:\Users\gharbin\Desktop\temp_desk\LWIP\Project\Projects\EWARM\Project
#        Configuration\Obj\sockets.o"
#        "C:\Users\gharbin\Desktop\temp_desk\LWIP\Project\Projects\EWARM\Project
#        Configuration\Obj\startup_stm32f439xx.o"
#        "C:\Users\gharbin\Desktop\temp_desk\LWIP\Project\Projects\EWARM\Project
#        Configuration\Obj\stats.o"
#        "C:\Users\gharbin\Desktop\temp_desk\LWIP\Project\Projects\EWARM\Project
#        Configuration\Obj\stm32f4xx_hal.o"
#        "C:\Users\gharbin\Desktop\temp_desk\LWIP\Project\Projects\EWARM\Project
#        Configuration\Obj\stm32f4xx_hal_cortex.o"
#        "C:\Users\gharbin\Desktop\temp_desk\LWIP\Project\Projects\EWARM\Project
#        Configuration\Obj\stm32f4xx_hal_dma.o"
#        "C:\Users\gharbin\Desktop\temp_desk\LWIP\Project\Projects\EWARM\Project
#        Configuration\Obj\stm32f4xx_hal_dma_ex.o"
#        "C:\Users\gharbin\Desktop\temp_desk\LWIP\Project\Projects\EWARM\Project
#        Configuration\Obj\stm32f4xx_hal_eth.o"
#        "C:\Users\gharbin\Desktop\temp_desk\LWIP\Project\Projects\EWARM\Project
#        Configuration\Obj\stm32f4xx_hal_flash.o"
#        "C:\Users\gharbin\Desktop\temp_desk\LWIP\Project\Projects\EWARM\Project
#        Configuration\Obj\stm32f4xx_hal_flash_ex.o"
#        "C:\Users\gharbin\Desktop\temp_desk\LWIP\Project\Projects\EWARM\Project
#        Configuration\Obj\stm32f4xx_hal_flash_ramfunc.o"
#        "C:\Users\gharbin\Desktop\temp_desk\LWIP\Project\Projects\EWARM\Project
#        Configuration\Obj\stm32f4xx_hal_gpio.o"
#        "C:\Users\gharbin\Desktop\temp_desk\LWIP\Project\Projects\EWARM\Project
#        Configuration\Obj\stm32f4xx_hal_msp.o"
#        "C:\Users\gharbin\Desktop\temp_desk\LWIP\Project\Projects\EWARM\Project
#        Configuration\Obj\stm32f4xx_hal_pwr.o"
#        "C:\Users\gharbin\Desktop\temp_desk\LWIP\Project\Projects\EWARM\Project
#        Configuration\Obj\stm32f4xx_hal_pwr_ex.o"
#        "C:\Users\gharbin\Desktop\temp_desk\LWIP\Project\Projects\EWARM\Project
#        Configuration\Obj\stm32f4xx_hal_rcc.o"
#        "C:\Users\gharbin\Desktop\temp_desk\LWIP\Project\Projects\EWARM\Project
#        Configuration\Obj\stm32f4xx_hal_rcc_ex.o"
#        "C:\Users\gharbin\Desktop\temp_desk\LWIP\Project\Projects\EWARM\Project
#        Configuration\Obj\stm32f4xx_it.o"
#        "C:\Users\gharbin\Desktop\temp_desk\LWIP\Project\Projects\EWARM\Project
#        Configuration\Obj\sys.o"
#        "C:\Users\gharbin\Desktop\temp_desk\LWIP\Project\Projects\EWARM\Project
#        Configuration\Obj\system_stm32f4xx.o"
#        "C:\Users\gharbin\Desktop\temp_desk\LWIP\Project\Projects\EWARM\Project
#        Configuration\Obj\tcp.o"
#        "C:\Users\gharbin\Desktop\temp_desk\LWIP\Project\Projects\EWARM\Project
#        Configuration\Obj\tcp_in.o"
#        "C:\Users\gharbin\Desktop\temp_desk\LWIP\Project\Projects\EWARM\Project
#        Configuration\Obj\tcp_out.o"
#        "C:\Users\gharbin\Desktop\temp_desk\LWIP\Project\Projects\EWARM\Project
#        Configuration\Obj\tcpip.o"
#        "C:\Users\gharbin\Desktop\temp_desk\LWIP\Project\Projects\EWARM\Project
#        Configuration\Obj\udp.o"
#        "C:\Users\gharbin\Desktop\temp_desk\LWIP\Project\Projects\EWARM\Project
#        Configuration\Obj\vj.o" --redirect _Printf=_PrintfFull --redirect
#        _Scanf=_ScanfFull -o
#        "C:\Users\gharbin\Desktop\temp_desk\LWIP\Project\Projects\EWARM\Project
#        Configuration\Exe\Project Configuration.out" --map
#        "C:\Users\gharbin\Desktop\temp_desk\LWIP\Project\Projects\EWARM\Project
#        Configuration/List\Project Configuration.map" --config "C:\Program
#        Files (x86)\IAR Systems\Embedded Workbench
#        7.0\arm\config\linker\ST\stm32f439xI.icf" --semihosting --entry
#        __iar_program_start --vfe
#
###############################################################################

*******************************************************************************
*** RUNTIME MODEL ATTRIBUTES
***

CppFlavor                     = *
__Heap_Handler                = Basic
__SystemLibrary               = DLib
__dlib_dynamic_initialization = normal


*******************************************************************************
*** PLACEMENT SUMMARY
***

"A1":  place at 0x08000000 { ro section .intvec };
"P1":  place in [from 0x08000000 to 0x081fffff] { ro };
"P2":  place in [from 0x20000000 to 0x2002ffff] { rw, block CSTACK, block HEAP };

  Section             Kind        Address    Size  Object
  -------             ----        -------    ----  ------
"A1":                                       0x1ac
  .intvec             ro code  0x08000000   0x1ac  startup_stm32f439xx.o [1]
                             - 0x080001ac   0x1ac

"P1":                                      0x8dfb
  .text               ro code  0x080001ac  0x1152  xprintffull.o [3]
  .text               ro code  0x080012fe    0x20  xmbtowc.o [3]
  .text               ro code  0x0800131e    0x22  zero_init3.o [5]
  .text               ro code  0x08001340    0x16  strchr.o [5]
  .text               ro code  0x08001358    0x36  strlen.o [5]
  .text               ro code  0x08001390    0x58  memchr.o [5]
  .text               ro code  0x080013e8     0xa  xmbcurmax.o [3]
  .text               ro code  0x080013f4    0xb0  xxmemxmalloc.o [3]
  .text               ro code  0x080014a4    0x1a  xwctomb.o [3]
  .text               ro code  0x080014c0    0x76  ABImemcpy_unaligned.o [5]
  .text               ro code  0x08001538    0x80  xxmemxfree.o [3]
  .text               ro code  0x080015b8    0xee  I64DivMod.o [5]
  .text               ro code  0x080016a6    0x42  xdnorm.o [4]
  .text               ro code  0x080016e8    0x2e  DblCmpLe.o [4]
  .text               ro code  0x08001718    0x2e  DblCmpGe.o [4]
  .text               ro code  0x08001748   0x114  xdscale.o [4]
  .text               ro code  0x0800185c    0x58  DblToI32.o [4]
  .text               ro code  0x080018b4    0x30  I32ToDbl.o [4]
  .text               ro code  0x080018e4   0x180  DblSub.o [4]
  .text               ro code  0x08001a64   0x1a2  DblMul.o [4]
  .text               ro code  0x08001c08   0x246  DblDiv.o [4]
  .text               ro code  0x08001e50    0x6c  localeconv.o [3]
  .text               ro code  0x08001ebc     0xe  div.o [3]
  .text               ro code  0x08001ecc    0x14  setlocale.o [3]
  .text               ro code  0x08001ee0    0x60  xencoding_sb.o [3]
  .text               ro code  0x08001f40    0x2c  xgetmemchunk.o [3]
  .text               ro code  0x08001f6c     0x2  I64DivZer.o [5]
  .text               ro code  0x08001f70    0xd4  DblAdd.o [4]
  .text               ro code  0x08002044     0x2  xtls.o [3]
  .text               ro code  0x08002048   0xef0  tcp_in.o [1]
  .text               ro code  0x08002f38   0x138  ip_addr.o [1]
  .text               ro code  0x08003070   0x3de  pbuf.o [1]
  .text               ro code  0x0800344e   0x13a  inet_chksum.o [1]
  .text               ro code  0x08003588    0x26  def.o [1]
  .text               ro code  0x080035b0   0x7f4  tcp.o [1]
  .text               ro code  0x08003da4   0x704  tcp_out.o [1]
  .text               ro code  0x080044a8   0x100  memp.o [1]
  .text               ro code  0x080045a8   0x1c0  lwip_timers.o [1]
  .text               ro code  0x08004768   0x290  mem.o [1]
  .text               ro code  0x080049f8     0x6  ABImemclr4.o [5]
  .text               ro code  0x08004a00   0x320  ip.o [1]
  .text               ro code  0x08004d20   0x550  ip_frag.o [1]
  .text               ro code  0x08005270   0x6fc  etharp.o [1]
  .text               ro code  0x0800596c   0xb86  dhcp.o [1]
  .text               ro code  0x080064f4   0x36c  dns.o [1]
  .text               ro code  0x08006860   0x364  ethernetif.o [1]
  .text               ro code  0x08006bc4    0x32  ABImemset48.o [5]
  .text               ro code  0x08006bf8    0x7c  raw.o [1]
  .text               ro code  0x08006c74   0x41e  udp.o [1]
  .text               ro code  0x08007094   0x1fe  icmp.o [1]
  .text               ro code  0x08007294    0x62  memcmp_unaligned.o [5]
  .text               ro code  0x080072f8   0x13a  netif.o [1]
  .text               ro code  0x08007434     0x6  ABImemclr.o [5]
  .text               ro code  0x0800743c   0x1cc  stm32f4xx_hal_gpio.o [1]
  .text               ro code  0x08007608   0x692  stm32f4xx_hal_eth.o [1]
  .text               ro code  0x08007c9c    0x84  stm32f4xx_hal.o [1]
  .text               ro code  0x08007d20    0x5e  ABImemset.o [5]
  .text               ro code  0x08007d80   0x4b4  stm32f4xx_hal_rcc.o [1]
  .text               ro code  0x08008234    0xca  stm32f4xx_hal_cortex.o [1]
  .text               ro code  0x080082fe    0x18  stm32f4xx_hal_msp.o [1]
  .text               ro code  0x08008318    0xe0  XShHandles.o [3]
  .text               ro code  0x080083f8    0xd6  xfspos.o [3]
  .text               ro code  0x080084d0    0xb0  fflush.o [3]
  .text               ro code  0x08008580     0xc  xfgpos.o [3]
  .text               ro code  0x0800858c    0x4c  lseek.o [6]
  .text               ro code  0x080085d8     0xc  errno.o [3]
  .text               ro code  0x080085e4     0x4  xsyslock_nop.o [3]
  .text               ro code  0x080085e8    0x10  write.o [6]
  .text               ro code  0x080085f8    0x1e  dwrite.o [6]
  .text               ro code  0x08008616    0x20  iarwstd.o [6]
  .text               ro code  0x08008636    0x22  iarwrite.o [6]
  .text               ro code  0x08008658    0x6c  iarttio.o [6]
  .text               ro code  0x080086c4     0x8  XShttio.o [3]
  .text               ro code  0x080086cc    0xd2  packbits_init.o [5]
  .text               ro code  0x0800879e     0x6  abort.o [3]
  .text               ro code  0x080087a4    0x14  exit.o [6]
  .text               ro code  0x080087b8    0xbc  lwip.o [1]
  .text               ro code  0x08008874    0x26  init.o [1]
  .text               ro code  0x0800889c    0x24  printf.o [3]
  .text               ro code  0x080088c0     0x2  stats.o [1]
  .text               ro code  0x080088c4    0xb8  main.o [1]
  .text               ro code  0x0800897c    0xb6  xfwprep.o [3]
  .text               ro code  0x08008a32    0x22  fseek.o [3]
  .text               ro code  0x08008a54    0x7c  xfofind.o [3]
  .text               ro code  0x08008ad0    0x7a  fclose.o [3]
  .text               ro code  0x08008b4a    0x1a  close.o [6]
  .text               ro code  0x08008b64    0x16  remove.o [6]
  .text               ro code  0x08008b7c    0x58  xcloseall.o [3]
  .text               ro code  0x08008bd4    0x56  fputc.o [3]
  .text               ro code  0x08008c2c    0x50  system_stm32f4xx.o [1]
  .text               ro code  0x08008c7c    0x28  data_init.o [5]
  .iar.init_table     const    0x08008ca4    0x2c  - Linker created -
  .text               ro code  0x08008cd0    0x1a  fpinit_M.o [4]
  .text               ro code  0x08008cec    0x1a  cmain.o [5]
  .text               ro code  0x08008d06     0x4  low_level_init.o [3]
  .text               ro code  0x08008d0a     0x4  exit.o [3]
  .text               ro code  0x08008d10     0xe  cexit.o [5]
  .text               ro code  0x08008d1e    0x16  xprout.o [3]
  .text               ro code  0x08008d34     0xc  putchar.o [3]
  .text               ro code  0x08008d40    0x10  startup_stm32f439xx.o [1]
  .text               ro code  0x08008d50     0xe  stm32f4xx_it.o [1]
  .text               ro code  0x08008d5e     0xc  cstartup_M.o [5]
  .rodata             const    0x08008d6c     0x8  ip_addr.o [1]
  .text               ro code  0x08008d74     0x4  startup_stm32f439xx.o [1]
  .text               ro code  0x08008d78     0x4  startup_stm32f439xx.o [1]
  .text               ro code  0x08008d7c     0x4  startup_stm32f439xx.o [1]
  .text               ro code  0x08008d80     0x4  startup_stm32f439xx.o [1]
  .text               ro code  0x08008d84     0x4  startup_stm32f439xx.o [1]
  .text               ro code  0x08008d88     0x4  startup_stm32f439xx.o [1]
  .text               ro code  0x08008d8c     0x4  startup_stm32f439xx.o [1]
  .text               ro code  0x08008d90     0x4  startup_stm32f439xx.o [1]
  .text               ro code  0x08008d94     0x4  startup_stm32f439xx.o [1]
  .text               ro code  0x08008d98     0x4  startup_stm32f439xx.o [1]
  .text               ro code  0x08008d9c     0x4  startup_stm32f439xx.o [1]
  .text               ro code  0x08008da0     0x4  startup_stm32f439xx.o [1]
  .text               ro code  0x08008da4     0x4  startup_stm32f439xx.o [1]
  .text               ro code  0x08008da8     0x4  startup_stm32f439xx.o [1]
  .text               ro code  0x08008dac     0x4  startup_stm32f439xx.o [1]
  .text               ro code  0x08008db0     0x4  startup_stm32f439xx.o [1]
  .text               ro code  0x08008db4     0x4  startup_stm32f439xx.o [1]
  .text               ro code  0x08008db8     0x4  startup_stm32f439xx.o [1]
  .text               ro code  0x08008dbc     0x4  startup_stm32f439xx.o [1]
  .text               ro code  0x08008dc0     0x4  startup_stm32f439xx.o [1]
  .text               ro code  0x08008dc4     0x4  startup_stm32f439xx.o [1]
  .text               ro code  0x08008dc8     0x4  startup_stm32f439xx.o [1]
  .text               ro code  0x08008dcc     0x4  startup_stm32f439xx.o [1]
  .text               ro code  0x08008dd0     0x4  startup_stm32f439xx.o [1]
  .text               ro code  0x08008dd4     0x4  startup_stm32f439xx.o [1]
  .text               ro code  0x08008dd8     0x4  startup_stm32f439xx.o [1]
  .text               ro code  0x08008ddc     0x4  startup_stm32f439xx.o [1]
  .text               ro code  0x08008de0     0x4  startup_stm32f439xx.o [1]
  .text               ro code  0x08008de4     0x4  startup_stm32f439xx.o [1]
  .text               ro code  0x08008de8     0x4  startup_stm32f439xx.o [1]
  .text               ro code  0x08008dec     0x4  startup_stm32f439xx.o [1]
  .text               ro code  0x08008df0     0x4  startup_stm32f439xx.o [1]
  .text               ro code  0x08008df4     0x4  startup_stm32f439xx.o [1]
  .text               ro code  0x08008df8     0x4  startup_stm32f439xx.o [1]
  .text               ro code  0x08008dfc     0x4  startup_stm32f439xx.o [1]
  .text               ro code  0x08008e00     0x4  startup_stm32f439xx.o [1]
  .text               ro code  0x08008e04     0x4  startup_stm32f439xx.o [1]
  .text               ro code  0x08008e08     0x4  startup_stm32f439xx.o [1]
  .text               ro code  0x08008e0c     0x4  startup_stm32f439xx.o [1]
  .text               ro code  0x08008e10     0x4  startup_stm32f439xx.o [1]
  .text               ro code  0x08008e14     0x4  startup_stm32f439xx.o [1]
  .text               ro code  0x08008e18     0x4  startup_stm32f439xx.o [1]
  .text               ro code  0x08008e1c     0x4  startup_stm32f439xx.o [1]
  .text               ro code  0x08008e20     0x4  startup_stm32f439xx.o [1]
  .text               ro code  0x08008e24     0x4  startup_stm32f439xx.o [1]
  .text               ro code  0x08008e28     0x4  startup_stm32f439xx.o [1]
  .text               ro code  0x08008e2c     0x4  startup_stm32f439xx.o [1]
  .text               ro code  0x08008e30     0x4  startup_stm32f439xx.o [1]
  .text               ro code  0x08008e34     0x4  startup_stm32f439xx.o [1]
  .text               ro code  0x08008e38     0x4  startup_stm32f439xx.o [1]
  .text               ro code  0x08008e3c     0x4  startup_stm32f439xx.o [1]
  .text               ro code  0x08008e40     0x4  startup_stm32f439xx.o [1]
  .text               ro code  0x08008e44     0x4  startup_stm32f439xx.o [1]
  .text               ro code  0x08008e48     0x4  startup_stm32f439xx.o [1]
  .text               ro code  0x08008e4c     0x4  startup_stm32f439xx.o [1]
  .text               ro code  0x08008e50     0x4  startup_stm32f439xx.o [1]
  .text               ro code  0x08008e54     0x4  startup_stm32f439xx.o [1]
  .text               ro code  0x08008e58     0x4  startup_stm32f439xx.o [1]
  .text               ro code  0x08008e5c     0x4  startup_stm32f439xx.o [1]
  .text               ro code  0x08008e60     0x4  startup_stm32f439xx.o [1]
  .text               ro code  0x08008e64     0x4  startup_stm32f439xx.o [1]
  .text               ro code  0x08008e68     0x4  startup_stm32f439xx.o [1]
  .text               ro code  0x08008e6c     0x4  startup_stm32f439xx.o [1]
  .text               ro code  0x08008e70     0x4  startup_stm32f439xx.o [1]
  .text               ro code  0x08008e74     0x4  startup_stm32f439xx.o [1]
  .text               ro code  0x08008e78     0x4  startup_stm32f439xx.o [1]
  .text               ro code  0x08008e7c     0x4  startup_stm32f439xx.o [1]
  .text               ro code  0x08008e80     0x4  startup_stm32f439xx.o [1]
  .text               ro code  0x08008e84     0x4  startup_stm32f439xx.o [1]
  .text               ro code  0x08008e88     0x4  startup_stm32f439xx.o [1]
  .text               ro code  0x08008e8c     0x4  startup_stm32f439xx.o [1]
  .text               ro code  0x08008e90     0x4  startup_stm32f439xx.o [1]
  .text               ro code  0x08008e94     0x4  startup_stm32f439xx.o [1]
  .text               ro code  0x08008e98     0x4  startup_stm32f439xx.o [1]
  .text               ro code  0x08008e9c     0x4  startup_stm32f439xx.o [1]
  .text               ro code  0x08008ea0     0x4  startup_stm32f439xx.o [1]
  .text               ro code  0x08008ea4     0x4  startup_stm32f439xx.o [1]
  .text               ro code  0x08008ea8     0x4  startup_stm32f439xx.o [1]
  .text               ro code  0x08008eac     0x4  startup_stm32f439xx.o [1]
  .text               ro code  0x08008eb0     0x4  startup_stm32f439xx.o [1]
  .text               ro code  0x08008eb4     0x4  startup_stm32f439xx.o [1]
  .text               ro code  0x08008eb8     0x4  startup_stm32f439xx.o [1]
  .text               ro code  0x08008ebc     0x4  startup_stm32f439xx.o [1]
  .text               ro code  0x08008ec0     0x4  startup_stm32f439xx.o [1]
  .text               ro code  0x08008ec4     0x4  startup_stm32f439xx.o [1]
  .text               ro code  0x08008ec8     0x4  startup_stm32f439xx.o [1]
  .text               ro code  0x08008ecc     0x4  startup_stm32f439xx.o [1]
  .text               ro code  0x08008ed0     0x4  startup_stm32f439xx.o [1]
  .text               ro code  0x08008ed4     0x4  startup_stm32f439xx.o [1]
  .text               ro code  0x08008ed8     0x4  startup_stm32f439xx.o [1]
  .text               ro code  0x08008edc     0x4  startup_stm32f439xx.o [1]
  .text               ro code  0x08008ee0     0x4  startup_stm32f439xx.o [1]
  .text               ro code  0x08008ee4     0x4  startup_stm32f439xx.o [1]
  .text               ro code  0x08008ee8     0x4  startup_stm32f439xx.o [1]
  .text               ro code  0x08008eec     0x4  startup_stm32f439xx.o [1]
  .text               ro code  0x08008ef0     0x4  startup_stm32f439xx.o [1]
  .text               ro code  0x08008ef4     0x4  startup_stm32f439xx.o [1]
  .text               ro code  0x08008ef8     0x4  startup_stm32f439xx.o [1]
  .text               ro code  0x08008efc     0x4  startup_stm32f439xx.o [1]
  .text               ro code  0x08008f00     0x0  cstart_closeall.o [5]
  .rodata             const    0x08008f00     0x0  zero_init3.o [5]
  .rodata             const    0x08008f00     0x0  packbits_init.o [5]
  Initializer bytes   ro data  0x08008f00    0xa7  <for P2 s0>
                             - 0x08008fa7  0x8dfb

"P2":                                      0xb358
  P2 s0                        0x20000000   0x280  <Init block>
    __DLIB_PERTHREAD  inited   0x20000000    0x88  localeconv.o [3]
    __DLIB_PERTHREAD  inited   0x20000088    0x74  setlocale.o [3]
    .data             inited   0x200000fc    0x58  lwip.o [1]
    .data             inited   0x20000154    0x40  xfiles.o [3]
    .data             inited   0x20000194    0x40  xfiles.o [3]
    .data             inited   0x200001d4    0x40  xfiles.o [3]
    .data             inited   0x20000214    0x20  tcp.o [1]
    .data             inited   0x20000234    0x20  xfiles.o [3]
    .data             inited   0x20000254    0x14  system_stm32f4xx.o [1]
    .data             inited   0x20000268     0x8  udp.o [1]
    .data             inited   0x20000270     0x8  XShttio.o [3]
    .data             inited   0x20000278     0x4  dhcp.o [1]
    __DLIB_PERTHREAD  inited   0x2000027c     0x4  errno.o [3]
  .bss                zero     0x20000280  0x30e8  ethernetif.o [1]
  .bss                zero     0x20003368  0x2f6c  memp.o [1]
  .bss                zero     0x200062d4   0x660  mem.o [1]
  .bss                zero     0x20006934   0x460  dns.o [1]
  .bss                zero     0x20006d94   0x214  dns.o [1]
  .bss                zero     0x20006fa8   0x118  stats.o [1]
  .bss                zero     0x200070c0    0xc8  etharp.o [1]
  .bss                zero     0x20007188    0x80  XShHandles.o [3]
  .bss                zero     0x20007208    0x50  xfiles.o [3]
  .bss                zero     0x20007258    0x50  xfiles.o [3]
  .bss                zero     0x200072a8    0x34  dhcp.o [1]
  .bss                zero     0x200072dc    0x2c  tcp_in.o [1]
  .bss                zero     0x20007308    0x10  ip.o [1]
  .bss                zero     0x20007318     0xc  netif.o [1]
  .bss                zero     0x20007324     0x8  ip_frag.o [1]
  .bss                zero     0x2000732c     0x8  lwip_timers.o [1]
  .bss                zero     0x20007334     0x8  xxmemxmalloc.o [3]
  .bss                zero     0x2000733c     0x4  lwip_timers.o [1]
  .bss                zero     0x20007340     0x4  raw.o [1]
  .bss                zero     0x20007344     0x4  stm32f4xx_hal.o [1]
  .bss                zero     0x20007348     0x4  xgetmemchunk.o [3]
  .bss                zero     0x2000734c     0x2  ip.o [1]
  .bss                zero     0x2000734e     0x1  etharp.o [1]
  .bss                zero     0x2000734f     0x1  pbuf.o [1]
  .bss                zero     0x20007350     0x1  tcp.o [1]
  CSTACK                       0x20007358  0x2000  <Block>
    CSTACK            uninit   0x20007358  0x2000  <Block tail>
  HEAP                         0x20009358  0x2000  <Block>
    HEAP              uninit   0x20009358  0x2000  <Block tail>
                             - 0x2000b358  0xb358


*******************************************************************************
*** INIT TABLE
***

          Address     Size
          -------     ----
Zero (__iar_zero_init3)
    1 destination range, total size 0x70d1:
          0x20000280  0x70d1

Copy/packbits (__iar_packbits_init3)
    1 source range, total size 0xa7 (26% of destination):
          0x08008f00    0xa7
    1 destination range, total size 0x280:
          0x20000000   0x280



*******************************************************************************
*** MODULE SUMMARY
***

    Module                  ro code  ro data  rw data
    ------                  -------  -------  -------
C:\Users\gharbin\Desktop\temp_desk\LWIP\Project\Projects\EWARM\Project Configuration\Obj: [1]
    def.o                        38
    dhcp.o                    2 950        1       56
    dns.o                       876             1 652
    etharp.o                  1 788               201
    ethernetif.o                868            12 520
    icmp.o                      510
    inet_chksum.o               314
    init.o                       38
    ip.o                        800                18
    ip_addr.o                   312        8
    ip_frag.o                 1 360                 8
    lwip.o                      188       23       88
    lwip_timers.o               448                12
    main.o                      184
    mem.o                       656             1 632
    memp.o                      256            12 140
    netif.o                     314                12
    pbuf.o                      990                 1
    raw.o                       124                 4
    startup_stm32f439xx.o       840
    stats.o                       2               280
    stm32f4xx_hal.o             132                 4
    stm32f4xx_hal_cortex.o      202
    stm32f4xx_hal_eth.o       1 682
    stm32f4xx_hal_gpio.o        460
    stm32f4xx_hal_msp.o          24
    stm32f4xx_hal_rcc.o       1 204
    stm32f4xx_it.o               14
    system_stm32f4xx.o           80        5       20
    tcp.o                     2 036        9       33
    tcp_in.o                  3 824                44
    tcp_out.o                 1 796
    udp.o                     1 054        2        8
    -------------------------------------------------
    Total:                   26 364       48   28 733

command line: [2]
    -------------------------------------------------
    Total:

dl7M_tlf.a: [3]
    XShHandles.o                224               128
    XShttio.o                     8        2        8
    abort.o                       6
    div.o                        14
    errno.o                      12        2        4
    exit.o                        4
    fclose.o                    122
    fflush.o                    176
    fputc.o                      86
    fseek.o                      34
    localeconv.o                108       35      136
    low_level_init.o              4
    printf.o                     36
    putchar.o                    12
    setlocale.o                  20       30      116
    xcloseall.o                  88
    xencoding_sb.o               96
    xfgpos.o                     12
    xfiles.o                              58      384
    xfofind.o                   124
    xfspos.o                    214
    xfwprep.o                   182
    xgetmemchunk.o               44                 4
    xmbcurmax.o                  10
    xmbtowc.o                    32
    xprintffull.o             4 434
    xprout.o                     22
    xsyslock_nop.o                4
    xtls.o                        2
    xwctomb.o                    26
    xxmemxfree.o                128
    xxmemxmalloc.o              176                 8
    -------------------------------------------------
    Total:                    6 460      127      788

m7M_tlv.a: [4]
    DblAdd.o                    212
    DblCmpGe.o                   46
    DblCmpLe.o                   46
    DblDiv.o                    582
    DblMul.o                    418
    DblSub.o                    384
    DblToI32.o                   88
    I32ToDbl.o                   48
    fpinit_M.o                   26
    xdnorm.o                     66
    xdscale.o                   276
    -------------------------------------------------
    Total:                    2 192

rt7M_tl.a: [5]
    ABImemclr.o                   6
    ABImemclr4.o                  6
    ABImemcpy_unaligned.o       118
    ABImemset.o                  94
    ABImemset48.o                50
    I64DivMod.o                 238
    I64DivZer.o                   2
    cexit.o                      14
    cmain.o                      26
    cstart_closeall.o
    cstartup_M.o                 12
    data_init.o                  40
    memchr.o                     88
    memcmp_unaligned.o           98
    packbits_init.o             210
    strchr.o                     22
    strlen.o                     54
    zero_init3.o                 34
    -------------------------------------------------
    Total:                    1 112

shb_l.a: [6]
    close.o                      26
    dwrite.o                     30
    exit.o                       20
    iarttio.o                   108
    iarwrite.o                   34
    iarwstd.o                    32
    lseek.o                      76
    remove.o                     22
    write.o                      16
    -------------------------------------------------
    Total:                      364

    Gaps                         62        2
    Linker created                        44   16 384
-----------------------------------------------------
    Grand Total:             36 554      221   45 905


*******************************************************************************
*** ENTRY LIST
***

Entry                      Address    Size  Type      Object
-----                      -------    ----  ----      ------
?main                   0x08008ced          Code  Gb  cmain.o [5]
AHBPrescTable           0x20000254    0x10  Data  Gb  system_stm32f4xx.o [1]
APBAHBPrescTable        0x08008224    0x10  Data  Gb  stm32f4xx_hal_rcc.o [1]
CSTACK$$Base            0x20007358           --   Gb  - Linker created -
CSTACK$$Limit           0x20009358           --   Gb  - Linker created -
DMARxDscrTab            0x200002c8    0x80  Data  Gb  ethernetif.o [1]
DMATxDscrTab            0x20000348    0x80  Data  Gb  ethernetif.o [1]
ETH_FlushTransmitFIFO   0x08007c75    0x26  Code  Lc  stm32f4xx_hal_eth.o [1]
ETH_MACDMAConfig        0x08007b47    0xea  Code  Lc  stm32f4xx_hal_eth.o [1]
HAL_Delay               0x08007d01    0x18  Code  Wk  stm32f4xx_hal.o [1]
HAL_ETH_DMARxDescListInit
                        0x08007809    0x60  Code  Gb  stm32f4xx_hal_eth.o [1]
HAL_ETH_DMATxDescListInit
                        0x08007799    0x70  Code  Gb  stm32f4xx_hal_eth.o [1]
HAL_ETH_GetReceivedFrame
                        0x08007959    0x76  Code  Gb  stm32f4xx_hal_eth.o [1]
HAL_ETH_Init            0x08007609   0x17c  Code  Gb  stm32f4xx_hal_eth.o [1]
HAL_ETH_MspInit         0x08006861    0xac  Code  Gb  ethernetif.o [1]
HAL_ETH_ReadPHYRegister
                        0x080079cf    0x76  Code  Gb  stm32f4xx_hal_eth.o [1]
HAL_ETH_Start           0x08007ab7    0x52  Code  Gb  stm32f4xx_hal_eth.o [1]
HAL_ETH_TransmitFrame   0x0800787b    0xde  Code  Gb  stm32f4xx_hal_eth.o [1]
HAL_ETH_WritePHYRegister
                        0x08007a45    0x72  Code  Gb  stm32f4xx_hal_eth.o [1]
HAL_GPIO_Init           0x0800743d   0x196  Code  Gb  stm32f4xx_hal_gpio.o [1]
HAL_GetTick             0x08007cfb     0x6  Code  Wk  stm32f4xx_hal.o [1]
HAL_IncTick             0x08007cf1     0xa  Code  Wk  stm32f4xx_hal.o [1]
HAL_Init                0x08007c9d    0x30  Code  Gb  stm32f4xx_hal.o [1]
HAL_InitTick            0x08007ccd    0x24  Code  Wk  stm32f4xx_hal.o [1]
HAL_MspInit             0x080082ff    0x18  Code  Gb  stm32f4xx_hal_msp.o [1]
HAL_NVIC_SetPriority    0x08008273    0x44  Code  Gb  stm32f4xx_hal_cortex.o [1]
HAL_NVIC_SetPriorityGrouping
                        0x08008259    0x1a  Code  Gb  stm32f4xx_hal_cortex.o [1]
HAL_RCC_ClockConfig     0x08008005   0x17e  Code  Gb  stm32f4xx_hal_rcc.o [1]
HAL_RCC_GetHCLKFreq     0x080081db    0x1e  Code  Gb  stm32f4xx_hal_rcc.o [1]
HAL_RCC_GetSysClockFreq
                        0x08008191    0x4a  Code  Gb  stm32f4xx_hal_rcc.o [1]
HAL_RCC_OscConfig       0x08007d81   0x27c  Code  Gb  stm32f4xx_hal_rcc.o [1]
HAL_SYSTICK_Callback    0x080082fd     0x2  Code  Wk  stm32f4xx_hal_cortex.o [1]
HAL_SYSTICK_Config      0x080082b7    0x28  Code  Gb  stm32f4xx_hal_cortex.o [1]
HAL_SYSTICK_IRQHandler  0x080082f5     0x8  Code  Gb  stm32f4xx_hal_cortex.o [1]
HEAP$$Base              0x20009358           --   Gb  - Linker created -
HEAP$$Limit             0x2000b358           --   Gb  - Linker created -
InStream_Read           0x080086cd    0x22  Code  Lc  packbits_init.o [5]
LoadInt                 0x080007dd    0x6e  Code  Lc  xprintffull.o [3]
MX_LWIP_Init            0x080087b9    0x56  Code  Gb  lwip.o [1]
MX_LWIP_Process         0x0800880f    0x3a  Code  Gb  lwip.o [1]
NVIC_GetPriorityGrouping
                        0x08008235     0xa  Code  Lc  stm32f4xx_hal_cortex.o [1]
NVIC_SetPriority        0x0800823f    0x1a  Code  Lc  stm32f4xx_hal_cortex.o [1]
Region$$Table$$Base     0x08008ca4           --   Gb  - Linker created -
Region$$Table$$Limit    0x08008cd0           --   Gb  - Linker created -
Rx_Buff                 0x200003c8  0x17d0  Data  Gb  ethernetif.o [1]
SysTick_Handler         0x08008d51     0xe  Code  Gb  stm32f4xx_it.o [1]
SystemClock_Config      0x0800890b    0x64  Code  Gb  main.o [1]
SystemCoreClock         0x20000264     0x4  Data  Gb  system_stm32f4xx.o [1]
SystemInit              0x08008c2d    0x3a  Code  Gb  system_stm32f4xx.o [1]
Tx_Buff                 0x20001b98  0x17d0  Data  Gb  ethernetif.o [1]
_Close_all              0x08008b7d    0x58  Code  Gb  xcloseall.o [3]
_EncodingSb_Mbtowc      0x08001efb    0x30  Code  Gb  xencoding_sb.o [3]
_EncodingSb_Wctomb      0x08001ee1    0x1a  Code  Gb  xencoding_sb.o [3]
_Files                  0x20000234    0x20  Data  Gb  xfiles.o [3]
_Fofree                 0x08008a55    0x78  Code  Gb  xfofind.o [3]
_Fspos                  0x080083f9    0xd6  Code  Gb  xfspos.o [3]
_Fwprep                 0x0800897d    0xb6  Code  Gb  xfwprep.o [3]
_GenldFull              0x0800106b   0x24c  Code  Lc  xprintffull.o [3]
_IsdstStr               0x2000008c     0x4  Data  Gb  setlocale.o [3]
_LdtobFull              0x08000c65   0x400  Code  Lc  xprintffull.o [3]
_LitobFull              0x08000b5d   0x106  Code  Lc  xprintffull.o [3]
_LocaleEncoding         0x08001ecd     0xe  Code  Gb  setlocale.o [3]
_LocaleReturnString     0x200000ac    0x50  Data  Lc  setlocale.o [3]
_Locale_Profile         0x20000090    0x1c  Data  Gb  setlocale.o [3]
_Locale_aeabi_lconv     0x20000050    0x38  Data  Gb  localeconv.o [3]
_Locale_lconv           0x20000000    0x50  Data  Gb  localeconv.o [3]
_Mbtowc                 0x080012ff    0x20  Code  Gb  xmbtowc.o [3]
_Nnl                    0x08008581     0xc  Code  Gb  xfgpos.o [3]
_PrintfFull             0x080001ad   0x618  Code  Gb  xprintffull.o [3]
_Prout                  0x08008d1f    0x16  Code  Gb  xprout.o [3]
_PutcharsFull           0x080012b7    0x2e  Code  Lc  xprintffull.o [3]
_PutstrFull             0x0800084b   0x30c  Code  Lc  xprintffull.o [3]
_TzoneStr               0x20000088     0x4  Data  Gb  setlocale.o [3]
_Wctomb                 0x080014a5    0x1a  Code  Gb  xwctomb.o [3]
__aeabi_cdcmple         0x080016e9          Code  Gb  DblCmpLe.o [4]
__aeabi_cdrcmple        0x08001719          Code  Gb  DblCmpGe.o [4]
__aeabi_d2iz            0x0800185d          Code  Gb  DblToI32.o [4]
__aeabi_d2uiz           0x08001889          Code  Gb  DblToI32.o [4]
__aeabi_ddiv            0x08001c09          Code  Gb  DblDiv.o [4]
__aeabi_dmul            0x08001a65          Code  Gb  DblMul.o [4]
__aeabi_dsub            0x080018e5          Code  Gb  DblSub.o [4]
__aeabi_errno_addr      0x080085d9     0x6  Code  Gb  errno.o [3]
__aeabi_i2d             0x080018b5          Code  Gb  I32ToDbl.o [4]
__aeabi_ldiv0           0x08001f6d          Code  Gb  I64DivZer.o [5]
__aeabi_memclr          0x08007435          Code  Gb  ABImemclr.o [5]
__aeabi_memclr4         0x080049f9          Code  Gb  ABImemclr4.o [5]
__aeabi_ui2d            0x080018c9          Code  Gb  I32ToDbl.o [4]
__aeabi_uldivmod        0x080015b9          Code  Gb  I64DivMod.o [5]
__as_entries_start      0xffffffff           --   Gb  command line/config [2]
__as_table_start        0xffffffff           --   Gb  command line/config [2]
__cexit_closeall        0x08008d13          Code  Gb  cexit.o [5]
__close                 0x08008b4b    0x1a  Code  Gb  close.o [6]
__cmain                 0x08008ced          Code  Gb  cmain.o [5]
__cstart_closeall       0x08008f00          Data  Gb  cstart_closeall.o [5]
__data_Aldata           0x20007334     0x8  Data  Gb  xxmemxmalloc.o [3]
__data_GetMemChunk      0x08001f41    0x2c  Code  Gb  xgetmemchunk.o [3]
__dwrite                0x080085f9    0x1e  Code  Gb  dwrite.o [6]
__exit                  0x080087a5    0x14  Code  Gb  exit.o [6]
__iar_Dnorm             0x080016a7    0x42  Code  Gb  xdnorm.o [4]
__iar_Dscale            0x08001749   0x114  Code  Gb  xdscale.o [4]
__iar_Errno             0x2000027c     0x4  Data  Gb  errno.o [3]
__iar_Locale_lconv_init
                        0x08001e51    0x3a  Code  Gb  localeconv.o [3]
__iar_Lockfilelock      0x080085e5     0x2  Code  Gb  xsyslock_nop.o [3]
__iar_Mbcurmax          0x080013e9     0xa  Code  Gb  xmbcurmax.o [3]
__iar_Memchr            0x08001391          Code  Gb  memchr.o [5]
__iar_Memset4_word      0x08006bc5          Code  Gb  ABImemset48.o [5]
__iar_Memset8_word      0x08006bc5          Code  Gb  ABImemset48.o [5]
__iar_Memset_word       0x08007d21          Code  Gb  ABImemset.o [5]
__iar_Stderr            0x200001d4    0x40  Data  Gb  xfiles.o [3]
__iar_Stdin             0x20000154    0x40  Data  Gb  xfiles.o [3]
__iar_Stdout            0x20000194    0x40  Data  Gb  xfiles.o [3]
__iar_Strchr            0x08001341          Code  Gb  strchr.o [5]
__iar_Unlockfilelock    0x080085e7     0x2  Code  Gb  xsyslock_nop.o [3]
__iar_close_ttio        0x08008659    0x2e  Code  Gb  iarttio.o [6]
__iar_d2uiz             0x08001895          Code  Gb  DblToI32.o [4]
__iar_dadd              0x08001f71          Code  Gb  DblAdd.o [4]
__iar_data_init3        0x08008c7d    0x28  Code  Gb  data_init.o [5]
__iar_dlib_perthread_access
                        0x08002045     0x2  Code  Gb  xtls.o [3]
__iar_dsub              0x080018f9          Code  Gb  DblSub.o [4]
__iar_dsubStart         0x0800190b          Code  Gb  DblSub.o [4]
__iar_get_ttio          0x08008689    0x38  Code  Gb  iarttio.o [6]
__iar_init_vfp          0x08008cd1          Code  Gb  fpinit_M.o [4]
__iar_lookup_ttioh      0x080086c5     0x8  Code  Gb  XShttio.o [3]
__iar_packbits_init3    0x080086ef    0xb0  Code  Gb  packbits_init.o [5]
__iar_program_start     0x08008d5f          Code  Gb  cstartup_M.o [5]
__iar_sh_Discard        0x08008319    0x44  Code  Gb  XShHandles.o [3]
__iar_sh_Move           0x08008363    0x4c  Code  Gb  XShHandles.o [3]
__iar_sh_Pos            0x080083af    0x44  Code  Gb  XShHandles.o [3]
__iar_sh_stdout         0x08008617    0x20  Code  Gb  iarwstd.o [6]
__iar_sh_write          0x08008637    0x22  Code  Gb  iarwrite.o [6]
__iar_ttio_handles      0x20000270     0x8  Data  Lc  XShttio.o [3]
__iar_ui2d              0x080018cd          Code  Gb  I32ToDbl.o [4]
__iar_unaligned___aeabi_memcpy
                        0x080014c1          Code  Gb  ABImemcpy_unaligned.o [5]
__iar_unaligned___aeabi_memcpy4
                        0x080014e1          Code  Gb  ABImemcpy_unaligned.o [5]
__iar_unaligned___aeabi_memcpy8
                        0x080014e1          Code  Gb  ABImemcpy_unaligned.o [5]
__iar_unaligned_memcmp  0x08007295          Code  Gb  memcmp_unaligned.o [5]
__iar_zero_init3        0x0800131f    0x22  Code  Gb  zero_init3.o [5]
__low_level_init        0x08008d07     0x4  Code  Gb  low_level_init.o [3]
__lseek                 0x0800858d    0x4c  Code  Gb  lseek.o [6]
__vector_table          0x08000000          Data  Gb  startup_stm32f439xx.o [1]
__write                 0x080085e9    0x10  Code  Gb  write.o [6]
_call_main              0x08008cf9          Code  Gb  cmain.o [5]
_exit                   0x08008d11          Code  Gb  cexit.o [5]
_main                   0x08008d03          Code  Gb  cmain.o [5]
a                       0x20000138     0x4  Data  Gb  lwip.o [1]
abort                   0x0800879f     0x6  Code  Gb  abort.o [3]
ackno                   0x200072fc     0x4  Data  Lc  tcp_in.o [1]
arp_table               0x200070c0    0xc8  Data  Lc  etharp.o [1]
arp_timer               0x08004601    0x14  Code  Lc  lwip_timers.o [1]
b                       0x2000013c     0x4  Data  Gb  lwip.o [1]
c                       0x20000140     0x4  Data  Gb  lwip.o [1]
current_header          0x2000730c     0x4  Data  Gb  ip.o [1]
current_iphdr_dest      0x20007314     0x4  Data  Gb  ip.o [1]
current_iphdr_src       0x20007310     0x4  Data  Gb  ip.o [1]
current_netif           0x20007308     0x4  Data  Gb  ip.o [1]
d                       0x20000144     0x4  Data  Gb  lwip.o [1]
dhcp_arp_reply          0x08005c17    0x5c  Code  Gb  dhcp.o [1]
dhcp_bind               0x08005d1d    0xae  Code  Lc  dhcp.o [1]
dhcp_check              0x0800596d    0x26  Code  Lc  dhcp.o [1]
dhcp_coarse_tmr         0x08005a05    0x4c  Code  Gb  dhcp.o [1]
dhcp_create_msg         0x08006393    0xfc  Code  Lc  dhcp.o [1]
dhcp_delete_msg         0x080064a9    0x16  Code  Lc  dhcp.o [1]
dhcp_discover           0x08005c79    0x56  Code  Lc  dhcp.o [1]
dhcp_fine_tmr           0x08005a51    0x30  Code  Gb  dhcp.o [1]
dhcp_handle_ack         0x08005b03    0x7a  Code  Lc  dhcp.o [1]
dhcp_option             0x08006009    0x1e  Code  Lc  dhcp.o [1]
dhcp_option_byte        0x08006027    0x10  Code  Lc  dhcp.o [1]
dhcp_option_long        0x08006047    0x2a  Code  Lc  dhcp.o [1]
dhcp_option_short       0x08006037    0x10  Code  Lc  dhcp.o [1]
dhcp_option_trailer     0x080064bf    0x34  Code  Lc  dhcp.o [1]
dhcp_parse_reply        0x08006083   0x20a  Code  Lc  dhcp.o [1]
dhcp_rebind             0x08005e55    0x56  Code  Lc  dhcp.o [1]
dhcp_reboot             0x08005eb3    0x6c  Code  Lc  dhcp.o [1]
dhcp_recv               0x08006291   0x102  Code  Lc  dhcp.o [1]
dhcp_release            0x08005f27    0xa6  Code  Gb  dhcp.o [1]
dhcp_renew              0x08005dd9    0x62  Code  Gb  dhcp.o [1]
dhcp_rx_options_given   0x200072a8     0xc  Data  Gb  dhcp.o [1]
dhcp_rx_options_val     0x200072b4    0x28  Data  Gb  dhcp.o [1]
dhcp_select             0x08005993    0x72  Code  Lc  dhcp.o [1]
dhcp_set_state          0x08005ff9    0x10  Code  Lc  dhcp.o [1]
dhcp_start              0x08005b7d    0x9a  Code  Gb  dhcp.o [1]
dhcp_stop               0x08005fcd    0x2c  Code  Gb  dhcp.o [1]
dhcp_timeout            0x08005a81    0x82  Code  Lc  dhcp.o [1]
dhcp_timer_coarse       0x08004615    0x14  Code  Lc  lwip_timers.o [1]
dhcp_timer_fine         0x08004629    0x14  Code  Lc  lwip_timers.o [1]
div                     0x08001ebd     0xe  Code  Gb  div.o [3]
dns_check_entry         0x08006651    0x9a  Code  Lc  dns.o [1]
dns_init                0x080064f5    0x48  Code  Gb  dns.o [1]
dns_parse_name          0x08006575    0x22  Code  Lc  dns.o [1]
dns_payload             0x20006da0     0x4  Data  Lc  dns.o [1]
dns_payload_buffer      0x20006da4   0x204  Data  Lc  dns.o [1]
dns_pcb                 0x20006d9c     0x4  Data  Lc  dns.o [1]
dns_recv                0x080066ed   0x150  Code  Lc  dns.o [1]
dns_send                0x08006597    0xba  Code  Lc  dns.o [1]
dns_servers             0x20006d94     0x8  Data  Lc  dns.o [1]
dns_setserver           0x0800653d    0x1c  Code  Gb  dns.o [1]
dns_table               0x20006934   0x460  Data  Lc  dns.o [1]
dns_timer               0x0800463d     0xe  Code  Lc  lwip_timers.o [1]
dns_tmr                 0x08006559    0x1c  Code  Gb  dns.o [1]
ebuf                    0x20007208    0x50  Data  Lc  xfiles.o [3]
etharp_arp_input        0x08005475   0x122  Code  Lc  etharp.o [1]
etharp_cached_entry     0x2000734e     0x1  Data  Lc  etharp.o [1]
etharp_cleanup_netif    0x0800544d    0x28  Code  Gb  etharp.o [1]
etharp_find_entry       0x080052d5    0xd8  Code  Lc  etharp.o [1]
etharp_free_entry       0x08005271    0x20  Code  Lc  etharp.o [1]
etharp_output           0x080055d3   0x100  Code  Gb  etharp.o [1]
etharp_output_to_arp_index
                        0x08005597    0x3c  Code  Lc  etharp.o [1]
etharp_query            0x080056dd    0xfc  Code  Gb  etharp.o [1]
etharp_raw              0x080057d9    0xb6  Code  Lc  etharp.o [1]
etharp_request          0x0800588f    0x28  Code  Gb  etharp.o [1]
etharp_send_ip          0x080053ad    0x2e  Code  Lc  etharp.o [1]
etharp_tmr              0x08005291    0x44  Code  Gb  etharp.o [1]
etharp_update_arp_entry
                        0x080053db    0x72  Code  Lc  etharp.o [1]
ethbroadcast            0x0800595c     0x8  Data  Gb  etharp.o [1]
ethernet_input          0x080058b7    0x9a  Code  Gb  etharp.o [1]
ethernetif_init         0x08006b71    0x1e  Code  Gb  ethernetif.o [1]
ethernetif_input        0x08006b51    0x20  Code  Gb  ethernetif.o [1]
ethzero                 0x08005964     0x8  Data  Gb  etharp.o [1]
exit                    0x08008d0b     0x4  Code  Gb  exit.o [3]
fclose                  0x08008ad1    0x7a  Code  Gb  fclose.o [3]
fflush                  0x08008547    0x34  Code  Gb  fflush.o [3]
fflushOne               0x080084d1    0x76  Code  Lc  fflush.o [3]
flags                   0x200072dc     0x1  Data  Lc  tcp_in.o [1]
fputc                   0x08008bd5    0x56  Code  Gb  fputc.o [3]
free                    0x08001539    0x7a  Code  Gb  xxmemxfree.o [3]
fseek                   0x08008a33    0x22  Code  Gb  fseek.o [3]
gnetif                  0x200000fc    0x38  Data  Gb  lwip.o [1]
gw                      0x20000150     0x4  Data  Gb  lwip.o [1]
heth                    0x20000280    0x48  Data  Gb  ethernetif.o [1]
icmp_dest_unreach       0x08007205     0x6  Code  Gb  icmp.o [1]
icmp_input              0x08007095   0x16a  Code  Gb  icmp.o [1]
icmp_send_response      0x0800720f    0x70  Code  Lc  icmp.o [1]
icmp_time_exceeded      0x0800720b     0x4  Code  Gb  icmp.o [1]
inet_chksum             0x08003533     0xc  Code  Gb  inet_chksum.o [1]
inet_chksum_pbuf        0x0800353f    0x4a  Code  Gb  inet_chksum.o [1]
inet_chksum_pseudo      0x080034ab    0x88  Code  Gb  inet_chksum.o [1]
inseg                   0x200072e0    0x10  Data  Lc  tcp_in.o [1]
ip                      0x20000134     0x4  Data  Gb  lwip.o [1]
ip4_addr_isbroadcast    0x08002f39    0x34  Code  Gb  ip_addr.o [1]
ip_addr_any             0x08008d6c     0x4  Data  Gb  ip_addr.o [1]
ip_addr_broadcast       0x08008d70     0x4  Data  Gb  ip_addr.o [1]
ip_frag                 0x080050fd   0x166  Code  Gb  ip_frag.o [1]
ip_frag_free_pbuf_custom_ref
                        0x080050e1     0x8  Code  Lc  ip_frag.o [1]
ip_id                   0x2000734c     0x2  Data  Lc  ip.o [1]
ip_input                0x08004a41   0x1a8  Code  Gb  ip.o [1]
ip_output               0x08004ccf    0x3c  Code  Gb  ip.o [1]
ip_output_if            0x08004bef    0xe0  Code  Gb  ip.o [1]
ip_reass                0x08004f69   0x16e  Code  Gb  ip_frag.o [1]
ip_reass_chain_frag_into_datagram_and_validate
                        0x08004e97    0xd2  Code  Lc  ip_frag.o [1]
ip_reass_dequeue_datagram
                        0x08004e79    0x1e  Code  Lc  ip_frag.o [1]
ip_reass_enqueue_new_datagram
                        0x08004e25    0x54  Code  Lc  ip_frag.o [1]
ip_reass_free_complete_datagram
                        0x08004d4d    0x70  Code  Lc  ip_frag.o [1]
ip_reass_pbufcount      0x20007324     0x2  Data  Lc  ip_frag.o [1]
ip_reass_remove_oldest_datagram
                        0x08004dbd    0x68  Code  Lc  ip_frag.o [1]
ip_reass_timer          0x080045f1    0x10  Code  Lc  lwip_timers.o [1]
ip_reass_tmr            0x08004d21    0x2c  Code  Gb  ip_frag.o [1]
ip_route                0x08004a01    0x40  Code  Gb  ip.o [1]
ipaddr                  0x20000148     0x4  Data  Gb  lwip.o [1]
ipaddr_addr             0x08002f6d    0x14  Code  Gb  ip_addr.o [1]
ipaddr_aton             0x08002f81    0xee  Code  Gb  ip_addr.o [1]
ipfrag_free_pbuf_custom
                        0x080050e9    0x14  Code  Lc  ip_frag.o [1]
lfree                   0x200062dc     0x4  Data  Lc  mem.o [1]
localeconv              0x08001e8b    0x16  Code  Gb  localeconv.o [3]
low_level_init          0x0800690d    0xea  Code  Lc  ethernetif.o [1]
low_level_input         0x08006a97    0xba  Code  Lc  ethernetif.o [1]
low_level_output        0x080069f7    0xa0  Code  Lc  ethernetif.o [1]
lwip_htonl              0x08003595    0x18  Code  Gb  def.o [1]
lwip_htons              0x08003589     0xa  Code  Gb  def.o [1]
lwip_init               0x08008875    0x26  Code  Gb  init.o [1]
lwip_ntohl              0x080035ad     0x2  Code  Gb  def.o [1]
lwip_ntohs              0x08003593     0x2  Code  Gb  def.o [1]
lwip_standard_chksum    0x0800344f    0x5c  Code  Lc  inet_chksum.o [1]
lwip_stats              0x20006fa8   0x118  Data  Gb  stats.o [1]
main                    0x080088c5    0x46  Code  Gb  main.o [1]
malloc                  0x080013f5    0xac  Code  Gb  xxmemxmalloc.o [3]
mem_free                0x0800479b    0x86  Code  Gb  mem.o [1]
mem_init                0x08004769    0x32  Code  Gb  mem.o [1]
mem_malloc              0x080048fb    0xf4  Code  Gb  mem.o [1]
mem_trim                0x08004821    0xda  Code  Gb  mem.o [1]
memchr                  0x08001391          Code  Gb  memchr.o [5]
memp_free               0x08004555    0x22  Code  Gb  memp.o [1]
memp_init               0x080044a9    0x66  Code  Gb  memp.o [1]
memp_malloc             0x0800450f    0x46  Code  Gb  memp.o [1]
memp_memory             0x20003390  0x2f44  Data  Lc  memp.o [1]
memp_num                0x08004594    0x14  Data  Lc  memp.o [1]
memp_sizes              0x08004580    0x14  Data  Lc  memp.o [1]
memp_tab                0x20003368    0x28  Data  Lc  memp.o [1]
netif_add               0x080072fb    0x44  Code  Gb  netif.o [1]
netif_default           0x20007320     0x4  Data  Gb  netif.o [1]
netif_init              0x080072f9     0x2  Code  Gb  netif.o [1]
netif_list              0x2000731c     0x4  Data  Gb  netif.o [1]
netif_num               0x20007318     0x1  Data  Lc  netif.o [1]
netif_set_addr          0x0800733f    0x1e  Code  Gb  netif.o [1]
netif_set_default       0x080073b9     0x6  Code  Gb  netif.o [1]
netif_set_down          0x080073f9    0x2e  Code  Gb  netif.o [1]
netif_set_gw            0x080073a9     0x8  Code  Gb  netif.o [1]
netif_set_ipaddr        0x0800735d    0x4c  Code  Gb  netif.o [1]
netif_set_netmask       0x080073b1     0x8  Code  Gb  netif.o [1]
netif_set_up            0x080073cd    0x2c  Code  Gb  netif.o [1]
netmask                 0x2000014c     0x4  Data  Gb  lwip.o [1]
next_timeout            0x2000732c     0x4  Data  Lc  lwip_timers.o [1]
obuf                    0x20007258    0x50  Data  Lc  xfiles.o [3]
pbuf_alloc              0x08003093   0x126  Code  Gb  pbuf.o [1]
pbuf_alloced_custom     0x080031c1    0x50  Code  Gb  pbuf.o [1]
pbuf_cat                0x08003327    0x26  Code  Gb  pbuf.o [1]
pbuf_chain              0x0800334d    0x10  Code  Gb  pbuf.o [1]
pbuf_clen               0x0800330d    0x10  Code  Gb  pbuf.o [1]
pbuf_copy               0x0800335d    0x92  Code  Gb  pbuf.o [1]
pbuf_copy_partial       0x080033ef    0x60  Code  Gb  pbuf.o [1]
pbuf_free               0x080032c1    0x4c  Code  Gb  pbuf.o [1]
pbuf_free_ooseq         0x08003071    0x22  Code  Gb  pbuf.o [1]
pbuf_free_ooseq_pending
                        0x2000734f     0x1  Data  Gb  pbuf.o [1]
pbuf_header             0x0800325f    0x62  Code  Gb  pbuf.o [1]
pbuf_realloc            0x08003211    0x4e  Code  Gb  pbuf.o [1]
pbuf_ref                0x0800331d     0xa  Code  Gb  pbuf.o [1]
printf                  0x0800889d    0x24  Code  Gb  printf.o [3]
putchar                 0x08008d35     0xc  Code  Gb  putchar.o [3]
ram                     0x200062d4     0x4  Data  Lc  mem.o [1]
ram_end                 0x200062d8     0x4  Data  Lc  mem.o [1]
ram_heap                0x200062e0   0x654  Data  Gb  mem.o [1]
raw_input               0x08006bf9    0x6e  Code  Gb  raw.o [1]
raw_pcbs                0x20007340     0x4  Data  Lc  raw.o [1]
reassdatagrams          0x20007328     0x4  Data  Lc  ip_frag.o [1]
recv_data               0x20007300     0x4  Data  Lc  tcp_in.o [1]
recv_flags              0x200072dd     0x1  Data  Lc  tcp_in.o [1]
remove                  0x08008b65    0x16  Code  Gb  remove.o [6]
sFileInfo               0x20007188    0x80  Data  Lc  XShHandles.o [3]
seqno                   0x200072f8     0x4  Data  Lc  tcp_in.o [1]
stats_init              0x080088c1     0x2  Code  Gb  stats.o [1]
strchr                  0x08001341          Code  Gb  strchr.o [5]
strlen                  0x08001359          Code  Gb  strlen.o [5]
sys_check_timeouts      0x080046e3    0x4e  Code  Gb  lwip_timers.o [1]
sys_now                 0x08006b8f     0x4  Code  Gb  ethernetif.o [1]
sys_timeout             0x08004691    0x52  Code  Gb  lwip_timers.o [1]
sys_timeouts_init       0x08004651    0x40  Code  Gb  lwip_timers.o [1]
tcp_abandon             0x080036ed    0x8e  Code  Gb  tcp.o [1]
tcp_abort               0x08003783     0x4  Code  Gb  tcp.o [1]
tcp_active_pcbs         0x20000224     0x4  Data  Gb  tcp.o [1]
tcp_active_pcbs_changed
                        0x20000214     0x1  Data  Gb  tcp.o [1]
tcp_alloc               0x08003b9f   0x100  Code  Gb  tcp.o [1]
tcp_backoff             0x08003d8c    0x10  Data  Gb  tcp.o [1]
tcp_bound_pcbs          0x2000021c     0x4  Data  Gb  tcp.o [1]
tcp_close               0x080036db    0x12  Code  Gb  tcp.o [1]
tcp_close_shutdown      0x080035d1    0xf8  Code  Lc  tcp.o [1]
tcp_create_segment      0x08003e57    0xaa  Code  Lc  tcp_out.o [1]
tcp_eff_send_mss        0x08003d69    0x22  Code  Gb  tcp.o [1]
tcp_enqueue_flags       0x08003f01    0xbe  Code  Gb  tcp_out.o [1]
tcp_fasttmr             0x08003a6f    0x54  Code  Gb  tcp.o [1]
tcp_init                0x080035b1     0x2  Code  Gb  tcp.o [1]
tcp_input               0x08002049   0x38c  Code  Gb  tcp_in.o [1]
tcp_input_pcb           0x20007304     0x4  Data  Gb  tcp_in.o [1]
tcp_keepalive           0x08004399    0x36  Code  Gb  tcp_out.o [1]
tcp_listen_input        0x080023e1    0xe8  Code  Lc  tcp_in.o [1]
tcp_listen_pcbs         0x20000220     0x4  Data  Gb  tcp.o [1]
tcp_next_iss            0x08003d41     0xc  Code  Gb  tcp.o [1]
tcp_oos_insert_segment  0x080027c1    0x62  Code  Lc  tcp_in.o [1]
tcp_output              0x0800400f   0x170  Code  Gb  tcp_out.o [1]
tcp_output_alloc_header
                        0x08003da5    0x70  Code  Lc  tcp_out.o [1]
tcp_output_segment      0x0800417f    0xba  Code  Lc  tcp_out.o [1]
tcp_parseopt            0x08002ead    0x72  Code  Lc  tcp_in.o [1]
tcp_pcb_purge           0x08003cab    0x48  Code  Gb  tcp.o [1]
tcp_pcb_remove          0x08003cf3    0x4e  Code  Gb  tcp.o [1]
tcp_persist_backoff     0x08003d9c     0x8  Data  Gb  tcp.o [1]
tcp_process             0x080024c9   0x2da  Code  Lc  tcp_in.o [1]
tcp_process_refused_data
                        0x08003ac3    0x68  Code  Gb  tcp.o [1]
tcp_receive             0x08002835   0x600  Code  Lc  tcp_in.o [1]
tcp_recv_null           0x08003b7d    0x22  Code  Gb  tcp.o [1]
tcp_recved              0x080037bb    0x36  Code  Gb  tcp.o [1]
tcp_rexmit              0x080042fd    0x4c  Code  Gb  tcp_out.o [1]
tcp_rexmit_fast         0x08004351    0x48  Code  Gb  tcp_out.o [1]
tcp_rexmit_rto          0x080042d3    0x2a  Code  Gb  tcp_out.o [1]
tcp_rst                 0x08004239    0x88  Code  Gb  tcp_out.o [1]
tcp_seg_copy            0x08003b59    0x24  Code  Gb  tcp.o [1]
tcp_seg_free            0x08003b3d    0x1c  Code  Gb  tcp.o [1]
tcp_segs_free           0x08003b2b    0x12  Code  Gb  tcp.o [1]
tcp_send_empty_ack      0x08003fbf    0x48  Code  Gb  tcp_out.o [1]
tcp_send_fin            0x08003e15    0x42  Code  Gb  tcp_out.o [1]
tcp_slowtmr             0x080037f1   0x274  Code  Gb  tcp.o [1]
tcp_ticks               0x20000218     0x4  Data  Gb  tcp.o [1]
tcp_timer               0x20007350     0x1  Data  Lc  tcp.o [1]
tcp_timer_ctr           0x20000215     0x1  Data  Lc  tcp.o [1]
tcp_timer_needed        0x080045cb    0x1e  Code  Gb  lwip_timers.o [1]
tcp_tmp_pcb             0x2000022c     0x4  Data  Gb  tcp.o [1]
tcp_tmr                 0x080035b3    0x1e  Code  Gb  tcp.o [1]
tcp_tw_pcbs             0x20000228     0x4  Data  Gb  tcp.o [1]
tcp_update_rcv_ann_wnd  0x08003787    0x34  Code  Gb  tcp.o [1]
tcp_zero_window_probe   0x080043e5    0x96  Code  Gb  tcp_out.o [1]
tcphdr                  0x200072f4     0x4  Data  Lc  tcp_in.o [1]
tcpip_tcp_timer         0x080045a9    0x22  Code  Lc  lwip_timers.o [1]
tcpip_tcp_timer_active  0x2000733c     0x4  Data  Lc  lwip_timers.o [1]
tcplen                  0x200072f0     0x2  Data  Lc  tcp_in.o [1]
timeouts_last_time      0x20007330     0x4  Data  Lc  lwip_timers.o [1]
udp_bind                0x08006f73    0x80  Code  Gb  udp.o [1]
udp_connect             0x08006ff3    0x46  Code  Gb  udp.o [1]
udp_init                0x08006c75     0x2  Code  Gb  udp.o [1]
udp_input               0x08006c77   0x1de  Code  Gb  udp.o [1]
udp_new                 0x08007079    0x1a  Code  Gb  udp.o [1]
udp_pcbs                0x2000026c     0x4  Data  Gb  udp.o [1]
udp_port                0x20000268     0x2  Data  Lc  udp.o [1]
udp_recv                0x08007039     0x6  Code  Gb  udp.o [1]
udp_remove              0x0800703f    0x28  Code  Gb  udp.o [1]
udp_sendto              0x08006e55    0x34  Code  Gb  udp.o [1]
udp_sendto_if           0x08006e89    0xea  Code  Gb  udp.o [1]
uwTick                  0x20007344     0x4  Data  Lc  stm32f4xx_hal.o [1]


[1] = C:\Users\gharbin\Desktop\temp_desk\LWIP\Project\Projects\EWARM\Project Configuration\Obj
[2] = command line
[3] = dl7M_tlf.a
[4] = m7M_tlv.a
[5] = rt7M_tl.a
[6] = shb_l.a

  36 554 bytes of readonly  code memory
     221 bytes of readonly  data memory
  45 905 bytes of readwrite data memory

Errors: none
Warnings: none
