###############################################################################
#
# IAR ELF Linker V7.30.1.7746/W32 for ARM                 29/Oct/2014  19:16:10
# Copyright 2007-2014 IAR Systems AB.
#
#    Output file  =  
#        C:\Users\gharbin\Desktop\My Work\my
#        workspaces\GBF\Project\Projects\EWARM\Project
#        Configuration\Exe\Project Configuration.out
#    Map file     =  
#        C:\Users\gharbin\Desktop\My Work\my
#        workspaces\GBF\Project\Projects\EWARM\Project
#        Configuration/List\Project Configuration.map
#    Command line =  
#        "C:\Users\gharbin\Desktop\My Work\my
#        workspaces\GBF\Project\Projects\EWARM\Project
#        Configuration\Obj\main.o" "C:\Users\gharbin\Desktop\My Work\my
#        workspaces\GBF\Project\Projects\EWARM\Project
#        Configuration\Obj\startup_stm32f429xx.o" "C:\Users\gharbin\Desktop\My
#        Work\my workspaces\GBF\Project\Projects\EWARM\Project
#        Configuration\Obj\stm324x9i_eval.o" "C:\Users\gharbin\Desktop\My
#        Work\my workspaces\GBF\Project\Projects\EWARM\Project
#        Configuration\Obj\stm324x9i_eval_io.o" "C:\Users\gharbin\Desktop\My
#        Work\my workspaces\GBF\Project\Projects\EWARM\Project
#        Configuration\Obj\stm32f4xx_hal.o" "C:\Users\gharbin\Desktop\My
#        Work\my workspaces\GBF\Project\Projects\EWARM\Project
#        Configuration\Obj\stm32f4xx_hal_cortex.o" "C:\Users\gharbin\Desktop\My
#        Work\my workspaces\GBF\Project\Projects\EWARM\Project
#        Configuration\Obj\stm32f4xx_hal_dma.o" "C:\Users\gharbin\Desktop\My
#        Work\my workspaces\GBF\Project\Projects\EWARM\Project
#        Configuration\Obj\stm32f4xx_hal_dma_ex.o" "C:\Users\gharbin\Desktop\My
#        Work\my workspaces\GBF\Project\Projects\EWARM\Project
#        Configuration\Obj\stm32f4xx_hal_flash.o" "C:\Users\gharbin\Desktop\My
#        Work\my workspaces\GBF\Project\Projects\EWARM\Project
#        Configuration\Obj\stm32f4xx_hal_flash_ex.o"
#        "C:\Users\gharbin\Desktop\My Work\my
#        workspaces\GBF\Project\Projects\EWARM\Project
#        Configuration\Obj\stm32f4xx_hal_flash_ramfunc.o"
#        "C:\Users\gharbin\Desktop\My Work\my
#        workspaces\GBF\Project\Projects\EWARM\Project
#        Configuration\Obj\stm32f4xx_hal_gpio.o" "C:\Users\gharbin\Desktop\My
#        Work\my workspaces\GBF\Project\Projects\EWARM\Project
#        Configuration\Obj\stm32f4xx_hal_i2c.o" "C:\Users\gharbin\Desktop\My
#        Work\my workspaces\GBF\Project\Projects\EWARM\Project
#        Configuration\Obj\stm32f4xx_hal_i2c_ex.o" "C:\Users\gharbin\Desktop\My
#        Work\my workspaces\GBF\Project\Projects\EWARM\Project
#        Configuration\Obj\stm32f4xx_hal_msp.o" "C:\Users\gharbin\Desktop\My
#        Work\my workspaces\GBF\Project\Projects\EWARM\Project
#        Configuration\Obj\stm32f4xx_hal_pwr.o" "C:\Users\gharbin\Desktop\My
#        Work\my workspaces\GBF\Project\Projects\EWARM\Project
#        Configuration\Obj\stm32f4xx_hal_pwr_ex.o" "C:\Users\gharbin\Desktop\My
#        Work\my workspaces\GBF\Project\Projects\EWARM\Project
#        Configuration\Obj\stm32f4xx_hal_rcc.o" "C:\Users\gharbin\Desktop\My
#        Work\my workspaces\GBF\Project\Projects\EWARM\Project
#        Configuration\Obj\stm32f4xx_hal_rcc_ex.o" "C:\Users\gharbin\Desktop\My
#        Work\my workspaces\GBF\Project\Projects\EWARM\Project
#        Configuration\Obj\stm32f4xx_hal_sdram.o" "C:\Users\gharbin\Desktop\My
#        Work\my workspaces\GBF\Project\Projects\EWARM\Project
#        Configuration\Obj\stm32f4xx_hal_spi.o" "C:\Users\gharbin\Desktop\My
#        Work\my workspaces\GBF\Project\Projects\EWARM\Project
#        Configuration\Obj\stm32f4xx_hal_tim.o" "C:\Users\gharbin\Desktop\My
#        Work\my workspaces\GBF\Project\Projects\EWARM\Project
#        Configuration\Obj\stm32f4xx_hal_tim_ex.o" "C:\Users\gharbin\Desktop\My
#        Work\my workspaces\GBF\Project\Projects\EWARM\Project
#        Configuration\Obj\stm32f4xx_hal_uart.o" "C:\Users\gharbin\Desktop\My
#        Work\my workspaces\GBF\Project\Projects\EWARM\Project
#        Configuration\Obj\stm32f4xx_it.o" "C:\Users\gharbin\Desktop\My Work\my
#        workspaces\GBF\Project\Projects\EWARM\Project
#        Configuration\Obj\stm32f4xx_ll_fmc.o" "C:\Users\gharbin\Desktop\My
#        Work\my workspaces\GBF\Project\Projects\EWARM\Project
#        Configuration\Obj\stmpe1600.o" "C:\Users\gharbin\Desktop\My Work\my
#        workspaces\GBF\Project\Projects\EWARM\Project
#        Configuration\Obj\system_stm32f4xx.o" --redirect _Printf=_PrintfFull
#        --redirect _Scanf=_ScanfFull -o "C:\Users\gharbin\Desktop\My Work\my
#        workspaces\GBF\Project\Projects\EWARM\Project
#        Configuration\Exe\Project Configuration.out" --map
#        "C:\Users\gharbin\Desktop\My Work\my
#        workspaces\GBF\Project\Projects\EWARM\Project
#        Configuration/List\Project Configuration.map" --config "C:\Program
#        Files (x86)\IAR Systems\Embedded Workbench
#        7.0\arm\config\linker\ST\stm32f429xI.icf" --semihosting --entry
#        __iar_program_start --vfe
#
###############################################################################

*******************************************************************************
*** RUNTIME MODEL ATTRIBUTES
***

CppFlavor       = *
__SystemLibrary = DLib


*******************************************************************************
*** PLACEMENT SUMMARY
***

"A1":  place at 0x08000000 { ro section .intvec };
"P1":  place in [from 0x08000000 to 0x081fffff] { ro };
"P2":  place in [from 0x20000000 to 0x2002ffff] { rw, block CSTACK, block HEAP };

  Section            Kind        Address    Size  Object
  -------            ----        -------    ----  ------
"A1":                                      0x1ac
  .intvec            ro code  0x08000000   0x1ac  startup_stm32f429xx.o [1]
                            - 0x080001ac   0x1ac

"P1":                                     0x1c70
  .text              ro code  0x080001ac   0x608  stm32f4xx_hal_i2c.o [1]
  .text              ro code  0x080007b4   0x538  stm32f4xx_hal_rcc.o [1]
  .text              ro code  0x08000cec    0x84  stm32f4xx_hal.o [1]
  .text              ro code  0x08000d70   0x1cc  stm32f4xx_hal_gpio.o [1]
  .text              ro code  0x08000f3c    0xd8  stm32f4xx_hal_cortex.o [1]
  .text              ro code  0x08001014    0x60  stm32f4xx_hal_msp.o [1]
  .text              ro code  0x08001074   0x380  stm32f4xx_hal_tim.o [1]
  .text              ro code  0x080013f4   0x2b4  stmpe1600.o [1]
  .text              ro code  0x080016a8   0x254  stm324x9i_eval.o [1]
  .text              ro code  0x080018fc    0x58  stm324x9i_eval_io.o [1]
  .text              ro code  0x08001954   0x180  main.o [1]
  .text              ro code  0x08001ad4    0x50  system_stm32f4xx.o [1]
  .text              ro code  0x08001b24    0x2e  copy_init3.o [5]
  .text              ro code  0x08001b52    0x22  zero_init3.o [5]
  .text              ro code  0x08001b74    0x28  data_init.o [5]
  .text              ro code  0x08001b9c    0x22  fpinit_M.o [4]
  .iar.init_table    const    0x08001bc0    0x24  - Linker created -
  .text              ro code  0x08001be4    0x1a  cmain.o [5]
  .text              ro code  0x08001bfe     0x4  low_level_init.o [3]
  .text              ro code  0x08001c02     0x4  exit.o [3]
  .text              ro code  0x08001c08     0xa  cexit.o [5]
  .text              ro code  0x08001c14    0x14  exit.o [6]
  .text              ro code  0x08001c28    0x10  startup_stm32f429xx.o [1]
  .text              ro code  0x08001c38     0xe  stm32f4xx_it.o [1]
  .text              ro code  0x08001c46     0xc  cstartup_M.o [5]
  .text              ro code  0x08001c52     0x4  startup_stm32f429xx.o [1]
  .text              ro code  0x08001c56     0x4  startup_stm32f429xx.o [1]
  .text              ro code  0x08001c5a     0x4  startup_stm32f429xx.o [1]
  .text              ro code  0x08001c5e     0x4  startup_stm32f429xx.o [1]
  .text              ro code  0x08001c62     0x4  startup_stm32f429xx.o [1]
  .text              ro code  0x08001c66     0x4  startup_stm32f429xx.o [1]
  .text              ro code  0x08001c6a     0x4  startup_stm32f429xx.o [1]
  .text              ro code  0x08001c6e     0x4  startup_stm32f429xx.o [1]
  .text              ro code  0x08001c72     0x4  startup_stm32f429xx.o [1]
  .text              ro code  0x08001c76     0x4  startup_stm32f429xx.o [1]
  .text              ro code  0x08001c7a     0x4  startup_stm32f429xx.o [1]
  .text              ro code  0x08001c7e     0x4  startup_stm32f429xx.o [1]
  .text              ro code  0x08001c82     0x4  startup_stm32f429xx.o [1]
  .text              ro code  0x08001c86     0x4  startup_stm32f429xx.o [1]
  .text              ro code  0x08001c8a     0x4  startup_stm32f429xx.o [1]
  .text              ro code  0x08001c8e     0x4  startup_stm32f429xx.o [1]
  .text              ro code  0x08001c92     0x4  startup_stm32f429xx.o [1]
  .text              ro code  0x08001c96     0x4  startup_stm32f429xx.o [1]
  .text              ro code  0x08001c9a     0x4  startup_stm32f429xx.o [1]
  .text              ro code  0x08001c9e     0x4  startup_stm32f429xx.o [1]
  .text              ro code  0x08001ca2     0x4  startup_stm32f429xx.o [1]
  .text              ro code  0x08001ca6     0x4  startup_stm32f429xx.o [1]
  .text              ro code  0x08001caa     0x4  startup_stm32f429xx.o [1]
  .text              ro code  0x08001cae     0x4  startup_stm32f429xx.o [1]
  .text              ro code  0x08001cb2     0x4  startup_stm32f429xx.o [1]
  .text              ro code  0x08001cb6     0x4  startup_stm32f429xx.o [1]
  .text              ro code  0x08001cba     0x4  startup_stm32f429xx.o [1]
  .text              ro code  0x08001cbe     0x4  startup_stm32f429xx.o [1]
  .text              ro code  0x08001cc2     0x4  startup_stm32f429xx.o [1]
  .text              ro code  0x08001cc6     0x4  startup_stm32f429xx.o [1]
  .text              ro code  0x08001cca     0x4  startup_stm32f429xx.o [1]
  .text              ro code  0x08001cce     0x4  startup_stm32f429xx.o [1]
  .text              ro code  0x08001cd2     0x4  startup_stm32f429xx.o [1]
  .text              ro code  0x08001cd6     0x4  startup_stm32f429xx.o [1]
  .text              ro code  0x08001cda     0x4  startup_stm32f429xx.o [1]
  .text              ro code  0x08001cde     0x4  startup_stm32f429xx.o [1]
  .text              ro code  0x08001ce2     0x4  startup_stm32f429xx.o [1]
  .text              ro code  0x08001ce6     0x4  startup_stm32f429xx.o [1]
  .text              ro code  0x08001cea     0x4  startup_stm32f429xx.o [1]
  .text              ro code  0x08001cee     0x4  startup_stm32f429xx.o [1]
  .text              ro code  0x08001cf2     0x4  startup_stm32f429xx.o [1]
  .text              ro code  0x08001cf6     0x4  startup_stm32f429xx.o [1]
  .text              ro code  0x08001cfa     0x4  startup_stm32f429xx.o [1]
  .text              ro code  0x08001cfe     0x4  startup_stm32f429xx.o [1]
  .text              ro code  0x08001d02     0x4  startup_stm32f429xx.o [1]
  .text              ro code  0x08001d06     0x4  startup_stm32f429xx.o [1]
  .text              ro code  0x08001d0a     0x4  startup_stm32f429xx.o [1]
  .text              ro code  0x08001d0e     0x4  startup_stm32f429xx.o [1]
  .text              ro code  0x08001d12     0x4  startup_stm32f429xx.o [1]
  .text              ro code  0x08001d16     0x4  startup_stm32f429xx.o [1]
  .text              ro code  0x08001d1a     0x4  startup_stm32f429xx.o [1]
  .text              ro code  0x08001d1e     0x4  startup_stm32f429xx.o [1]
  .text              ro code  0x08001d22     0x4  startup_stm32f429xx.o [1]
  .text              ro code  0x08001d26     0x4  startup_stm32f429xx.o [1]
  .text              ro code  0x08001d2a     0x4  startup_stm32f429xx.o [1]
  .text              ro code  0x08001d2e     0x4  startup_stm32f429xx.o [1]
  .text              ro code  0x08001d32     0x4  startup_stm32f429xx.o [1]
  .text              ro code  0x08001d36     0x4  startup_stm32f429xx.o [1]
  .text              ro code  0x08001d3a     0x4  startup_stm32f429xx.o [1]
  .text              ro code  0x08001d3e     0x4  startup_stm32f429xx.o [1]
  .text              ro code  0x08001d42     0x4  startup_stm32f429xx.o [1]
  .text              ro code  0x08001d46     0x4  startup_stm32f429xx.o [1]
  .text              ro code  0x08001d4a     0x4  startup_stm32f429xx.o [1]
  .text              ro code  0x08001d4e     0x4  startup_stm32f429xx.o [1]
  .text              ro code  0x08001d52     0x4  startup_stm32f429xx.o [1]
  .text              ro code  0x08001d56     0x4  startup_stm32f429xx.o [1]
  .text              ro code  0x08001d5a     0x4  startup_stm32f429xx.o [1]
  .text              ro code  0x08001d5e     0x4  startup_stm32f429xx.o [1]
  .text              ro code  0x08001d62     0x4  startup_stm32f429xx.o [1]
  .text              ro code  0x08001d66     0x4  startup_stm32f429xx.o [1]
  .text              ro code  0x08001d6a     0x4  startup_stm32f429xx.o [1]
  .text              ro code  0x08001d6e     0x4  startup_stm32f429xx.o [1]
  .text              ro code  0x08001d72     0x4  startup_stm32f429xx.o [1]
  .text              ro code  0x08001d76     0x4  startup_stm32f429xx.o [1]
  .text              ro code  0x08001d7a     0x4  startup_stm32f429xx.o [1]
  .text              ro code  0x08001d7e     0x4  startup_stm32f429xx.o [1]
  .text              ro code  0x08001d82     0x4  startup_stm32f429xx.o [1]
  .text              ro code  0x08001d86     0x4  startup_stm32f429xx.o [1]
  .text              ro code  0x08001d8a     0x4  startup_stm32f429xx.o [1]
  .text              ro code  0x08001d8e     0x4  startup_stm32f429xx.o [1]
  .text              ro code  0x08001d92     0x4  startup_stm32f429xx.o [1]
  .text              ro code  0x08001d96     0x4  startup_stm32f429xx.o [1]
  .text              ro code  0x08001d9a     0x4  startup_stm32f429xx.o [1]
  .text              ro code  0x08001d9e     0x4  startup_stm32f429xx.o [1]
  .text              ro code  0x08001da2     0x4  startup_stm32f429xx.o [1]
  .text              ro code  0x08001da6     0x4  startup_stm32f429xx.o [1]
  .text              ro code  0x08001daa     0x4  startup_stm32f429xx.o [1]
  .text              ro code  0x08001dae     0x4  startup_stm32f429xx.o [1]
  .text              ro code  0x08001db2     0x4  startup_stm32f429xx.o [1]
  .text              ro code  0x08001db6     0x4  startup_stm32f429xx.o [1]
  .text              ro code  0x08001dba     0x4  startup_stm32f429xx.o [1]
  .text              ro code  0x08001dbe     0x4  startup_stm32f429xx.o [1]
  .text              ro code  0x08001dc2     0x4  startup_stm32f429xx.o [1]
  .text              ro code  0x08001dc6     0x4  startup_stm32f429xx.o [1]
  .text              ro code  0x08001dca     0x4  startup_stm32f429xx.o [1]
  .text              ro code  0x08001dce     0x4  startup_stm32f429xx.o [1]
  .text              ro code  0x08001dd2     0x4  startup_stm32f429xx.o [1]
  .text              ro code  0x08001dd6     0x4  startup_stm32f429xx.o [1]
  .rodata            const    0x08001dda     0x0  zero_init3.o [5]
  .rodata            const    0x08001dda     0x0  copy_init3.o [5]
  Initializer bytes  ro data  0x08001ddc    0x40  <for P2 s0>
                            - 0x08001e1c  0x1c70

"P2":                                     0x20c8
  P2 s0                       0x20000000    0x40  <Init block>
    .data            inited   0x20000000    0x2c  stmpe1600.o [1]
    .data            inited   0x2000002c    0x14  system_stm32f4xx.o [1]
  .bss               zero     0x20000040    0x3c  main.o [1]
  .bss               zero     0x2000007c    0x38  stm324x9i_eval.o [1]
  .bss               zero     0x200000b4     0x4  stm324x9i_eval_io.o [1]
  .bss               zero     0x200000b8     0x4  stm32f4xx_hal.o [1]
  .bss               zero     0x200000bc     0x2  stmpe1600.o [1]
  .bss               zero     0x200000be     0x2  stmpe1600.o [1]
  .bss               zero     0x200000c0     0x1  stm324x9i_eval.o [1]
  CSTACK                      0x200000c8  0x2000  <Block>
    CSTACK           uninit   0x200000c8  0x2000  <Block tail>
                            - 0x200020c8  0x20c8


*******************************************************************************
*** INIT TABLE
***

          Address     Size
          -------     ----
Zero (__iar_zero_init3)
    1 destination range, total size 0x81:
          0x20000040  0x81

Copy (__iar_copy_init3)
    1 source range, total size 0x40:
          0x08001ddc  0x40
    1 destination range, total size 0x40:
          0x20000000  0x40



*******************************************************************************
*** MODULE SUMMARY
***

    Module                  ro code  ro data  rw data
    ------                  -------  -------  -------
C:\Users\gharbin\Desktop\My Work\my workspaces\GBF\Project\Projects\EWARM\Project Configuration\Obj: [1]
    main.o                      384                60
    startup_stm32f429xx.o       836
    stm324x9i_eval.o            596                57
    stm324x9i_eval_io.o          88                 4
    stm32f4xx_hal.o             132                 4
    stm32f4xx_hal_cortex.o      216
    stm32f4xx_hal_gpio.o        460
    stm32f4xx_hal_i2c.o       1 544
    stm32f4xx_hal_msp.o          96
    stm32f4xx_hal_rcc.o       1 336
    stm32f4xx_hal_tim.o         896
    stm32f4xx_it.o               14
    stmpe1600.o                 692       44       48
    system_stm32f4xx.o           80       20       20
    -------------------------------------------------
    Total:                    7 370       64      193

command line: [2]
    -------------------------------------------------
    Total:

dl7M_tln.a: [3]
    exit.o                        4
    low_level_init.o              4
    -------------------------------------------------
    Total:                        8

m7M_tlv.a: [4]
    fpinit_M.o                   34
    -------------------------------------------------
    Total:                       34

rt7M_tl.a: [5]
    cexit.o                      10
    cmain.o                      26
    copy_init3.o                 46
    cstartup_M.o                 12
    data_init.o                  40
    zero_init3.o                 34
    -------------------------------------------------
    Total:                      168

shb_l.a: [6]
    exit.o                       20
    -------------------------------------------------
    Total:                       20

    Gaps                          4        2
    Linker created                        38    8 192
-----------------------------------------------------
    Grand Total:              7 604      104    8 385


*******************************************************************************
*** ENTRY LIST
***

Entry                      Address   Size  Type      Object
-----                      -------   ----  ----      ------
?main                   0x08001be5         Code  Gb  cmain.o [5]
AHBPrescTable           0x2000002c   0x10  Data  Gb  system_stm32f4xx.o [1]
APBAHBPrescTable        0x08000cdc   0x10  Data  Gb  stm32f4xx_hal_rcc.o [1]
BSP_IO_ConfigPin        0x0800192b   0x14  Code  Gb  stm324x9i_eval_io.o [1]
BSP_IO_Init             0x080018fd   0x2e  Code  Gb  stm324x9i_eval_io.o [1]
BSP_IO_ReadPin          0x0800193f    0xc  Code  Gb  stm324x9i_eval_io.o [1]
BSP_JOY_GetState        0x080016c5   0x3e  Code  Gb  stm324x9i_eval.o [1]
BSP_JOY_Init            0x080016a9   0x1c  Code  Gb  stm324x9i_eval.o [1]
CSTACK$$Base            0x200000c8          --   Gb  - Linker created -
CSTACK$$Limit           0x200020c8          --   Gb  - Linker created -
GetFrequency            0x08001a81   0x32  Code  Gb  main.o [1]
HAL_Delay               0x08000d51   0x18  Code  Wk  stm32f4xx_hal.o [1]
HAL_GPIO_Init           0x08000d71  0x196  Code  Gb  stm32f4xx_hal_gpio.o [1]
HAL_GetTick             0x08000d4b    0x6  Code  Wk  stm32f4xx_hal.o [1]
HAL_I2C_DeInit          0x08000267   0x1e  Code  Gb  stm32f4xx_hal_i2c.o [1]
HAL_I2C_GetState        0x08000519    0x6  Code  Gb  stm32f4xx_hal_i2c.o [1]
HAL_I2C_Init            0x080001ad   0xba  Code  Gb  stm32f4xx_hal_i2c.o [1]
HAL_I2C_Mem_Read        0x0800036b  0x130  Code  Gb  stm32f4xx_hal_i2c.o [1]
HAL_I2C_Mem_Write       0x080002b7   0xa8  Code  Gb  stm32f4xx_hal_i2c.o [1]
HAL_I2C_MspDeInit       0x0800029f    0x2  Code  Wk  stm32f4xx_hal_i2c.o [1]
HAL_I2C_MspInit         0x0800029d    0x2  Code  Wk  stm32f4xx_hal_i2c.o [1]
HAL_IncTick             0x08000d41    0xa  Code  Wk  stm32f4xx_hal.o [1]
HAL_Init                0x08000ced   0x30  Code  Gb  stm32f4xx_hal.o [1]
HAL_InitTick            0x08000d1d   0x24  Code  Wk  stm32f4xx_hal.o [1]
HAL_MspInit             0x08001015   0x18  Code  Gb  stm32f4xx_hal_msp.o [1]
HAL_NVIC_EnableIRQ      0x08000fbf    0xc  Code  Gb  stm32f4xx_hal_cortex.o [1]
HAL_NVIC_SetPriority    0x08000f7b   0x44  Code  Gb  stm32f4xx_hal_cortex.o [1]
HAL_NVIC_SetPriorityGrouping
                        0x08000f61   0x1a  Code  Gb  stm32f4xx_hal_cortex.o [1]
HAL_RCC_ClockConfig     0x08000a3b  0x148  Code  Gb  stm32f4xx_hal_rcc.o [1]
HAL_RCC_GetHCLKFreq     0x08000c6b   0x1e  Code  Gb  stm32f4xx_hal_rcc.o [1]
HAL_RCC_GetPCLK1Freq    0x08000c89   0x10  Code  Gb  stm32f4xx_hal_rcc.o [1]
HAL_RCC_GetSysClockFreq
                        0x08000c21   0x4a  Code  Gb  stm32f4xx_hal_rcc.o [1]
HAL_RCC_MCOConfig       0x08000bb5   0x5a  Code  Gb  stm32f4xx_hal_rcc.o [1]
HAL_RCC_OscConfig       0x080007b5  0x274  Code  Gb  stm32f4xx_hal_rcc.o [1]
HAL_SYSTICK_Config      0x08000fd3   0x28  Code  Gb  stm32f4xx_hal_cortex.o [1]
HAL_TIM_PWM_ConfigChannel
                        0x080010e9   0xac  Code  Gb  stm32f4xx_hal_tim.o [1]
HAL_TIM_PWM_Init        0x080010a3   0x18  Code  Gb  stm32f4xx_hal_tim.o [1]
HAL_TIM_PWM_MspInit     0x0800102d   0x3a  Code  Gb  stm32f4xx_hal_msp.o [1]
HAL_TIM_PWM_Start       0x080010bb   0x14  Code  Gb  stm32f4xx_hal_tim.o [1]
I2C_RequestMemoryRead   0x080005dd   0xa0  Code  Lc  stm32f4xx_hal_i2c.o [1]
I2C_RequestMemoryWrite  0x08000539   0x66  Code  Lc  stm32f4xx_hal_i2c.o [1]
I2C_WaitOnFlagUntilTimeout
                        0x08000691   0x7a  Code  Lc  stm32f4xx_hal_i2c.o [1]
I2C_WaitOnMasterAddressFlagUntilTimeout
                        0x08000723   0x66  Code  Lc  stm32f4xx_hal_i2c.o [1]
I2Cx_Error              0x08001855    0xe  Code  Lc  stm324x9i_eval.o [1]
I2Cx_Init               0x08001703   0xa4  Code  Lc  stm324x9i_eval.o [1]
I2Cx_Read               0x080017d9   0x34  Code  Lc  stm324x9i_eval.o [1]
I2Cx_ReadMultiple       0x0800180d   0x18  Code  Lc  stm324x9i_eval.o [1]
I2Cx_Write              0x080017b1   0x28  Code  Lc  stm324x9i_eval.o [1]
I2Cx_WriteMultiple      0x08001825   0x18  Code  Lc  stm324x9i_eval.o [1]
IOE_Delay               0x080018cf    0x4  Code  Gb  stm324x9i_eval.o [1]
IOE_ITConfig            0x08001865   0x4e  Code  Gb  stm324x9i_eval.o [1]
IOE_Init                0x08001863    0x2  Code  Gb  stm324x9i_eval.o [1]
IOE_Read                0x080018b5    0x2  Code  Gb  stm324x9i_eval.o [1]
IOE_ReadMultiple        0x080018b7    0xa  Code  Gb  stm324x9i_eval.o [1]
IOE_Write               0x080018b3    0x2  Code  Gb  stm324x9i_eval.o [1]
IOE_WriteMultiple       0x080018c1    0xe  Code  Gb  stm324x9i_eval.o [1]
NVIC_GetPriorityGrouping
                        0x08000f3d    0xa  Code  Lc  stm32f4xx_hal_cortex.o [1]
NVIC_SetPriority        0x08000f47   0x1a  Code  Lc  stm32f4xx_hal_cortex.o [1]
Region$$Table$$Base     0x08001bc0          --   Gb  - Linker created -
Region$$Table$$Limit    0x08001be4          --   Gb  - Linker created -
SysTick_Handler         0x08001c39    0xe  Code  Gb  stm32f4xx_it.o [1]
SystemClock_Config      0x08001a03   0x7e  Code  Gb  main.o [1]
SystemCoreClock         0x2000003c    0x4  Data  Gb  system_stm32f4xx.o [1]
SystemInit              0x08001ad5   0x3a  Code  Gb  system_stm32f4xx.o [1]
TIM_Base_SetConfig      0x080011d3   0x90  Code  Gb  stm32f4xx_hal_tim.o [1]
TIM_CCxChannelCmd       0x080013dd   0x18  Code  Gb  stm32f4xx_hal_tim.o [1]
TIM_OC1_SetConfig       0x08001263   0x4a  Code  Lc  stm32f4xx_hal_tim.o [1]
TIM_OC2_SetConfig       0x080012af   0x52  Code  Gb  stm32f4xx_hal_tim.o [1]
TIM_OC3_SetConfig       0x0800130f   0x56  Code  Lc  stm32f4xx_hal_tim.o [1]
TIM_OC4_SetConfig       0x0800136b   0x46  Code  Lc  stm32f4xx_hal_tim.o [1]
__cmain                 0x08001be5         Code  Gb  cmain.o [5]
__exit                  0x08001c15   0x14  Code  Gb  exit.o [6]
__iar_copy_init3        0x08001b25   0x2e  Code  Gb  copy_init3.o [5]
__iar_data_init3        0x08001b75   0x28  Code  Gb  data_init.o [5]
__iar_init_vfp          0x08001b9d         Code  Gb  fpinit_M.o [4]
__iar_program_start     0x08001c47         Code  Gb  cstartup_M.o [5]
__iar_zero_init3        0x08001b53   0x22  Code  Gb  zero_init3.o [5]
__low_level_init        0x08001bff    0x4  Code  Gb  low_level_init.o [3]
__vector_table          0x08000000         Data  Gb  startup_stm32f429xx.o [1]
_call_main              0x08001bf1         Code  Gb  cmain.o [5]
_exit                   0x08001c09         Code  Gb  cexit.o [5]
_main                   0x08001bfb         Code  Gb  cmain.o [5]
exit                    0x08001c03    0x4  Code  Gb  exit.o [3]
heval_I2c               0x2000007c   0x38  Data  Lc  stm324x9i_eval.o [1]
htim1                   0x20000040   0x3c  Data  Gb  main.o [1]
io_driver               0x200000b4    0x4  Data  Lc  stm324x9i_eval_io.o [1]
main                    0x08001955   0x9c  Code  Gb  main.o [1]
stmpe1600               0x200000be    0x2  Data  Gb  stmpe1600.o [1]
stmpe1600_EnableGlobalIT
                        0x0800148d   0x1a  Code  Gb  stmpe1600.o [1]
stmpe1600_GetInstance   0x08001685   0x1a  Code  Lc  stmpe1600.o [1]
stmpe1600_IO_ClearIT    0x0800167d    0x8  Code  Gb  stmpe1600.o [1]
stmpe1600_IO_Config     0x080014ef   0x68  Code  Gb  stmpe1600.o [1]
stmpe1600_IO_DisablePinIT
                        0x08001621   0x1e  Code  Gb  stmpe1600.o [1]
stmpe1600_IO_EnablePinIT
                        0x080015df   0x24  Code  Gb  stmpe1600.o [1]
stmpe1600_IO_ITStatus   0x08001651   0x18  Code  Gb  stmpe1600.o [1]
stmpe1600_IO_InitPin    0x080014cf   0x20  Code  Gb  stmpe1600.o [1]
stmpe1600_IO_ReadPin    0x080015af   0x1c  Code  Gb  stmpe1600.o [1]
stmpe1600_IO_WritePin   0x08001565   0x1e  Code  Gb  stmpe1600.o [1]
stmpe1600_Init          0x080013f5   0x28  Code  Gb  stmpe1600.o [1]
stmpe1600_ReadID        0x08001447   0x24  Code  Gb  stmpe1600.o [1]
stmpe1600_Reset         0x0800141f   0x28  Code  Gb  stmpe1600.o [1]
stmpe1600_SetITPolarity
                        0x0800146b   0x22  Code  Gb  stmpe1600.o [1]
stmpe1600_Start         0x0800141d    0x2  Code  Gb  stmpe1600.o [1]
stmpe1600_io_drv        0x20000000   0x2c  Data  Gb  stmpe1600.o [1]
tmp                     0x200000bc    0x2  Data  Lc  stmpe1600.o [1]
uwTick                  0x200000b8    0x4  Data  Lc  stm32f4xx_hal.o [1]


[1] = C:\Users\gharbin\Desktop\My Work\my workspaces\GBF\Project\Projects\EWARM\Project Configuration\Obj
[2] = command line
[3] = dl7M_tln.a
[4] = m7M_tlv.a
[5] = rt7M_tl.a
[6] = shb_l.a

  7 604 bytes of readonly  code memory
    104 bytes of readonly  data memory
  8 385 bytes of readwrite data memory

Errors: none
Warnings: none
