###############################################################################
#
# IAR ELF Linker V7.20.1.7305/W32 for ARM                 17/Sep/2014  18:30:31
# Copyright 2007-2014 IAR Systems AB.
#
#    Output file  =  
#        C:\Users\gharbin\Desktop\My Work\my
#        workspaces\HSI_AutoCalibration_usart\Project\Projects\EWARM\Project
#        Configuration\Exe\Project Configuration.out
#    Map file     =  
#        C:\Users\gharbin\Desktop\My Work\my
#        workspaces\HSI_AutoCalibration_usart\Project\Projects\EWARM\Project
#        Configuration/List\Project Configuration.map
#    Command line =  
#        "C:\Users\gharbin\Desktop\My Work\my
#        workspaces\HSI_AutoCalibration_usart\Project\Projects\EWARM\Project
#        Configuration\Obj\main.o" "C:\Users\gharbin\Desktop\My Work\my
#        workspaces\HSI_AutoCalibration_usart\Project\Projects\EWARM\Project
#        Configuration\Obj\startup_stm32f439xx.o" "C:\Users\gharbin\Desktop\My
#        Work\my
#        workspaces\HSI_AutoCalibration_usart\Project\Projects\EWARM\Project
#        Configuration\Obj\stm32f4xx_hal.o" "C:\Users\gharbin\Desktop\My
#        Work\my
#        workspaces\HSI_AutoCalibration_usart\Project\Projects\EWARM\Project
#        Configuration\Obj\stm32f4xx_hal_cortex.o" "C:\Users\gharbin\Desktop\My
#        Work\my
#        workspaces\HSI_AutoCalibration_usart\Project\Projects\EWARM\Project
#        Configuration\Obj\stm32f4xx_hal_dma.o" "C:\Users\gharbin\Desktop\My
#        Work\my
#        workspaces\HSI_AutoCalibration_usart\Project\Projects\EWARM\Project
#        Configuration\Obj\stm32f4xx_hal_dma_ex.o" "C:\Users\gharbin\Desktop\My
#        Work\my
#        workspaces\HSI_AutoCalibration_usart\Project\Projects\EWARM\Project
#        Configuration\Obj\stm32f4xx_hal_flash.o" "C:\Users\gharbin\Desktop\My
#        Work\my
#        workspaces\HSI_AutoCalibration_usart\Project\Projects\EWARM\Project
#        Configuration\Obj\stm32f4xx_hal_flash_ex.o"
#        "C:\Users\gharbin\Desktop\My Work\my
#        workspaces\HSI_AutoCalibration_usart\Project\Projects\EWARM\Project
#        Configuration\Obj\stm32f4xx_hal_flash_ramfunc.o"
#        "C:\Users\gharbin\Desktop\My Work\my
#        workspaces\HSI_AutoCalibration_usart\Project\Projects\EWARM\Project
#        Configuration\Obj\stm32f4xx_hal_gpio.o" "C:\Users\gharbin\Desktop\My
#        Work\my
#        workspaces\HSI_AutoCalibration_usart\Project\Projects\EWARM\Project
#        Configuration\Obj\stm32f4xx_hal_msp.o" "C:\Users\gharbin\Desktop\My
#        Work\my
#        workspaces\HSI_AutoCalibration_usart\Project\Projects\EWARM\Project
#        Configuration\Obj\stm32f4xx_hal_pwr.o" "C:\Users\gharbin\Desktop\My
#        Work\my
#        workspaces\HSI_AutoCalibration_usart\Project\Projects\EWARM\Project
#        Configuration\Obj\stm32f4xx_hal_pwr_ex.o" "C:\Users\gharbin\Desktop\My
#        Work\my
#        workspaces\HSI_AutoCalibration_usart\Project\Projects\EWARM\Project
#        Configuration\Obj\stm32f4xx_hal_rcc.o" "C:\Users\gharbin\Desktop\My
#        Work\my
#        workspaces\HSI_AutoCalibration_usart\Project\Projects\EWARM\Project
#        Configuration\Obj\stm32f4xx_hal_rcc_ex.o" "C:\Users\gharbin\Desktop\My
#        Work\my
#        workspaces\HSI_AutoCalibration_usart\Project\Projects\EWARM\Project
#        Configuration\Obj\stm32f4xx_hal_tim.o" "C:\Users\gharbin\Desktop\My
#        Work\my
#        workspaces\HSI_AutoCalibration_usart\Project\Projects\EWARM\Project
#        Configuration\Obj\stm32f4xx_hal_tim_ex.o" "C:\Users\gharbin\Desktop\My
#        Work\my
#        workspaces\HSI_AutoCalibration_usart\Project\Projects\EWARM\Project
#        Configuration\Obj\stm32f4xx_hal_uart.o" "C:\Users\gharbin\Desktop\My
#        Work\my
#        workspaces\HSI_AutoCalibration_usart\Project\Projects\EWARM\Project
#        Configuration\Obj\stm32f4xx_hal_usart.o" "C:\Users\gharbin\Desktop\My
#        Work\my
#        workspaces\HSI_AutoCalibration_usart\Project\Projects\EWARM\Project
#        Configuration\Obj\stm32f4xx_it.o" "C:\Users\gharbin\Desktop\My Work\my
#        workspaces\HSI_AutoCalibration_usart\Project\Projects\EWARM\Project
#        Configuration\Obj\system_stm32f4xx.o" --redirect _Printf=_PrintfFull
#        --redirect _Scanf=_ScanfFull -o "C:\Users\gharbin\Desktop\My Work\my
#        workspaces\HSI_AutoCalibration_usart\Project\Projects\EWARM\Project
#        Configuration\Exe\Project Configuration.out" --map
#        "C:\Users\gharbin\Desktop\My Work\my
#        workspaces\HSI_AutoCalibration_usart\Project\Projects\EWARM\Project
#        Configuration/List\Project Configuration.map" --config
#        "C:\Users\gharbin\Desktop\My Work\my
#        workspaces\HSI_AutoCalibration_usart\Project\Projects\EWARM\stm32f439xx_flash.icf"
#        --semihosting --entry __iar_program_start --vfe
#
###############################################################################

*******************************************************************************
*** RUNTIME MODEL ATTRIBUTES
***

CppFlavor       = *
__SystemLibrary = DLib


*******************************************************************************
*** PLACEMENT SUMMARY
***

"A1":  place at 0x08000000 { ro section .intvec };
"P1":  place in [from 0x08000000 to 0x081fffff] { ro };
"P2":  place in [from 0x20000000 to 0x2002ffff] { rw, block CSTACK, block HEAP };

  Section            Kind        Address    Size  Object
  -------            ----        -------    ----  ------
"A1":                                      0x1ac
  .intvec            ro code  0x08000000   0x1ac  startup_stm32f439xx.o [1]
                            - 0x080001ac   0x1ac

"P1":                                     0x123c
  .text              ro code  0x080001ac   0x500  stm32f4xx_hal_tim.o [1]
  .text              ro code  0x080006ac    0x78  stm32f4xx_hal_msp.o [1]
  .text              ro code  0x08000724   0x1b0  main.o [1]
  .text              ro code  0x080008d4    0x80  stm32f4xx_hal_tim_ex.o [1]
  .text              ro code  0x08000954    0xf2  stm32f4xx_hal_cortex.o [1]
  .text              ro code  0x08000a46    0x2e  copy_init3.o [5]
  .text              ro code  0x08000a74   0x1cc  stm32f4xx_hal_gpio.o [1]
  .text              ro code  0x08000c40    0x84  stm32f4xx_hal.o [1]
  .text              ro code  0x08000cc4   0x428  stm32f4xx_hal_rcc.o [1]
  .text              ro code  0x080010ec    0x50  system_stm32f4xx.o [1]
  .text              ro code  0x0800113c    0x28  data_init.o [5]
  .text              ro code  0x08001164    0x24  stm32f4xx_it.o [1]
  .text              ro code  0x08001188    0x22  zero_init3.o [5]
  .iar.init_table    const    0x080011ac    0x24  - Linker created -
  .text              ro code  0x080011d0    0x1a  fpinit_M.o [4]
  .text              ro code  0x080011ec    0x1a  cmain.o [5]
  .text              ro code  0x08001206     0x4  low_level_init.o [3]
  .text              ro code  0x0800120a     0x4  exit.o [3]
  .text              ro code  0x08001210     0xa  cexit.o [5]
  .text              ro code  0x0800121c    0x14  exit.o [6]
  .text              ro code  0x08001230    0x10  startup_stm32f439xx.o [1]
  .text              ro code  0x08001240     0xc  cstartup_M.o [5]
  .text              ro code  0x0800124c     0x4  startup_stm32f439xx.o [1]
  .text              ro code  0x08001250     0x4  startup_stm32f439xx.o [1]
  .text              ro code  0x08001254     0x4  startup_stm32f439xx.o [1]
  .text              ro code  0x08001258     0x4  startup_stm32f439xx.o [1]
  .text              ro code  0x0800125c     0x4  startup_stm32f439xx.o [1]
  .text              ro code  0x08001260     0x4  startup_stm32f439xx.o [1]
  .text              ro code  0x08001264     0x4  startup_stm32f439xx.o [1]
  .text              ro code  0x08001268     0x4  startup_stm32f439xx.o [1]
  .text              ro code  0x0800126c     0x4  startup_stm32f439xx.o [1]
  .text              ro code  0x08001270     0x4  startup_stm32f439xx.o [1]
  .text              ro code  0x08001274     0x4  startup_stm32f439xx.o [1]
  .text              ro code  0x08001278     0x4  startup_stm32f439xx.o [1]
  .text              ro code  0x0800127c     0x4  startup_stm32f439xx.o [1]
  .text              ro code  0x08001280     0x4  startup_stm32f439xx.o [1]
  .text              ro code  0x08001284     0x4  startup_stm32f439xx.o [1]
  .text              ro code  0x08001288     0x4  startup_stm32f439xx.o [1]
  .text              ro code  0x0800128c     0x4  startup_stm32f439xx.o [1]
  .text              ro code  0x08001290     0x4  startup_stm32f439xx.o [1]
  .text              ro code  0x08001294     0x4  startup_stm32f439xx.o [1]
  .text              ro code  0x08001298     0x4  startup_stm32f439xx.o [1]
  .text              ro code  0x0800129c     0x4  startup_stm32f439xx.o [1]
  .text              ro code  0x080012a0     0x4  startup_stm32f439xx.o [1]
  .text              ro code  0x080012a4     0x4  startup_stm32f439xx.o [1]
  .text              ro code  0x080012a8     0x4  startup_stm32f439xx.o [1]
  .text              ro code  0x080012ac     0x4  startup_stm32f439xx.o [1]
  .text              ro code  0x080012b0     0x4  startup_stm32f439xx.o [1]
  .text              ro code  0x080012b4     0x4  startup_stm32f439xx.o [1]
  .text              ro code  0x080012b8     0x4  startup_stm32f439xx.o [1]
  .text              ro code  0x080012bc     0x4  startup_stm32f439xx.o [1]
  .text              ro code  0x080012c0     0x4  startup_stm32f439xx.o [1]
  .text              ro code  0x080012c4     0x4  startup_stm32f439xx.o [1]
  .text              ro code  0x080012c8     0x4  startup_stm32f439xx.o [1]
  .text              ro code  0x080012cc     0x4  startup_stm32f439xx.o [1]
  .text              ro code  0x080012d0     0x4  startup_stm32f439xx.o [1]
  .text              ro code  0x080012d4     0x4  startup_stm32f439xx.o [1]
  .text              ro code  0x080012d8     0x4  startup_stm32f439xx.o [1]
  .text              ro code  0x080012dc     0x4  startup_stm32f439xx.o [1]
  .text              ro code  0x080012e0     0x4  startup_stm32f439xx.o [1]
  .text              ro code  0x080012e4     0x4  startup_stm32f439xx.o [1]
  .text              ro code  0x080012e8     0x4  startup_stm32f439xx.o [1]
  .text              ro code  0x080012ec     0x4  startup_stm32f439xx.o [1]
  .text              ro code  0x080012f0     0x4  startup_stm32f439xx.o [1]
  .text              ro code  0x080012f4     0x4  startup_stm32f439xx.o [1]
  .text              ro code  0x080012f8     0x4  startup_stm32f439xx.o [1]
  .text              ro code  0x080012fc     0x4  startup_stm32f439xx.o [1]
  .text              ro code  0x08001300     0x4  startup_stm32f439xx.o [1]
  .text              ro code  0x08001304     0x4  startup_stm32f439xx.o [1]
  .text              ro code  0x08001308     0x4  startup_stm32f439xx.o [1]
  .text              ro code  0x0800130c     0x4  startup_stm32f439xx.o [1]
  .text              ro code  0x08001310     0x4  startup_stm32f439xx.o [1]
  .text              ro code  0x08001314     0x4  startup_stm32f439xx.o [1]
  .text              ro code  0x08001318     0x4  startup_stm32f439xx.o [1]
  .text              ro code  0x0800131c     0x4  startup_stm32f439xx.o [1]
  .text              ro code  0x08001320     0x4  startup_stm32f439xx.o [1]
  .text              ro code  0x08001324     0x4  startup_stm32f439xx.o [1]
  .text              ro code  0x08001328     0x4  startup_stm32f439xx.o [1]
  .text              ro code  0x0800132c     0x4  startup_stm32f439xx.o [1]
  .text              ro code  0x08001330     0x4  startup_stm32f439xx.o [1]
  .text              ro code  0x08001334     0x4  startup_stm32f439xx.o [1]
  .text              ro code  0x08001338     0x4  startup_stm32f439xx.o [1]
  .text              ro code  0x0800133c     0x4  startup_stm32f439xx.o [1]
  .text              ro code  0x08001340     0x4  startup_stm32f439xx.o [1]
  .text              ro code  0x08001344     0x4  startup_stm32f439xx.o [1]
  .text              ro code  0x08001348     0x4  startup_stm32f439xx.o [1]
  .text              ro code  0x0800134c     0x4  startup_stm32f439xx.o [1]
  .text              ro code  0x08001350     0x4  startup_stm32f439xx.o [1]
  .text              ro code  0x08001354     0x4  startup_stm32f439xx.o [1]
  .text              ro code  0x08001358     0x4  startup_stm32f439xx.o [1]
  .text              ro code  0x0800135c     0x4  startup_stm32f439xx.o [1]
  .text              ro code  0x08001360     0x4  startup_stm32f439xx.o [1]
  .text              ro code  0x08001364     0x4  startup_stm32f439xx.o [1]
  .text              ro code  0x08001368     0x4  startup_stm32f439xx.o [1]
  .text              ro code  0x0800136c     0x4  startup_stm32f439xx.o [1]
  .text              ro code  0x08001370     0x4  startup_stm32f439xx.o [1]
  .text              ro code  0x08001374     0x4  startup_stm32f439xx.o [1]
  .text              ro code  0x08001378     0x4  startup_stm32f439xx.o [1]
  .text              ro code  0x0800137c     0x4  startup_stm32f439xx.o [1]
  .text              ro code  0x08001380     0x4  startup_stm32f439xx.o [1]
  .text              ro code  0x08001384     0x4  startup_stm32f439xx.o [1]
  .text              ro code  0x08001388     0x4  startup_stm32f439xx.o [1]
  .text              ro code  0x0800138c     0x4  startup_stm32f439xx.o [1]
  .text              ro code  0x08001390     0x4  startup_stm32f439xx.o [1]
  .text              ro code  0x08001394     0x4  startup_stm32f439xx.o [1]
  .text              ro code  0x08001398     0x4  startup_stm32f439xx.o [1]
  .text              ro code  0x0800139c     0x4  startup_stm32f439xx.o [1]
  .text              ro code  0x080013a0     0x4  startup_stm32f439xx.o [1]
  .text              ro code  0x080013a4     0x4  startup_stm32f439xx.o [1]
  .text              ro code  0x080013a8     0x4  startup_stm32f439xx.o [1]
  .text              ro code  0x080013ac     0x4  startup_stm32f439xx.o [1]
  .text              ro code  0x080013b0     0x4  startup_stm32f439xx.o [1]
  .text              ro code  0x080013b4     0x4  startup_stm32f439xx.o [1]
  .text              ro code  0x080013b8     0x4  startup_stm32f439xx.o [1]
  .text              ro code  0x080013bc     0x4  startup_stm32f439xx.o [1]
  .text              ro code  0x080013c0     0x4  startup_stm32f439xx.o [1]
  .text              ro code  0x080013c4     0x4  startup_stm32f439xx.o [1]
  .text              ro code  0x080013c8     0x4  startup_stm32f439xx.o [1]
  .text              ro code  0x080013cc     0x4  startup_stm32f439xx.o [1]
  .text              ro code  0x080013d0     0x4  startup_stm32f439xx.o [1]
  .rodata            const    0x080013d4     0x0  zero_init3.o [5]
  .rodata            const    0x080013d4     0x0  copy_init3.o [5]
  Initializer bytes  ro data  0x080013d4    0x14  <for P2 s0>
                            - 0x080013e8  0x123c

"P2":                                      0x468
  P2 s0                       0x20000000    0x14  <Init block>
    .data            inited   0x20000000    0x14  system_stm32f4xx.o [1]
  .bss               zero     0x20000014    0x50  main.o [1]
  .bss               zero     0x20000064     0x4  stm32f4xx_hal.o [1]
  CSTACK                      0x20000068   0x400  <Block>
    CSTACK           uninit   0x20000068   0x400  <Block tail>
                            - 0x20000468   0x468


*******************************************************************************
*** INIT TABLE
***

          Address     Size
          -------     ----
Zero (__iar_zero_init3)
    1 destination range, total size 0x54:
          0x20000014  0x54

Copy (__iar_copy_init3)
    1 source range, total size 0x14:
          0x080013d4  0x14
    1 destination range, total size 0x14:
          0x20000000  0x14



*******************************************************************************
*** MODULE SUMMARY
***

    Module                  ro code  ro data  rw data
    ------                  -------  -------  -------
C:\Users\gharbin\Desktop\My Work\my workspaces\HSI_AutoCalibration_usart\Project\Projects\EWARM\Project Configuration\Obj: [1]
    main.o                      432                80
    startup_stm32f439xx.o       836
    stm32f4xx_hal.o             132                 4
    stm32f4xx_hal_cortex.o      242
    stm32f4xx_hal_gpio.o        460
    stm32f4xx_hal_msp.o         120
    stm32f4xx_hal_rcc.o       1 064
    stm32f4xx_hal_tim.o       1 280
    stm32f4xx_hal_tim_ex.o      128
    stm32f4xx_it.o               36
    system_stm32f4xx.o           80       20       20
    -------------------------------------------------
    Total:                    4 810       20      104

command line: [2]
    -------------------------------------------------
    Total:

dl7M_tln.a: [3]
    exit.o                        4
    low_level_init.o              4
    -------------------------------------------------
    Total:                        8

m7M_tlv.a: [4]
    fpinit_M.o                   26
    -------------------------------------------------
    Total:                       26

rt7M_tl.a: [5]
    cexit.o                      10
    cmain.o                      26
    copy_init3.o                 46
    cstartup_M.o                 12
    data_init.o                  40
    zero_init3.o                 34
    -------------------------------------------------
    Total:                      168

shb_l.a: [6]
    exit.o                       20
    -------------------------------------------------
    Total:                       20

    Gaps                          6        2
    Linker created                        36    1 024
-----------------------------------------------------
    Grand Total:              5 038       58    1 128


*******************************************************************************
*** ENTRY LIST
***

Entry                      Address   Size  Type      Object
-----                      -------   ----  ----      ------
?main                   0x080011ed         Code  Gb  cmain.o [5]
AHBPrescTable           0x20000000   0x10  Data  Gb  system_stm32f4xx.o [1]
APBAHBPrescTable        0x080010dc   0x10  Data  Gb  stm32f4xx_hal_rcc.o [1]
CSTACK$$Base            0x20000068          --   Gb  - Linker created -
CSTACK$$Limit           0x20000468          --   Gb  - Linker created -
Calibrate_HSI           0x08000849   0x6e  Code  Gb  main.o [1]
Freq_LSE                0x2000005c    0x4  Data  Gb  main.o [1]
HAL_Delay               0x08000ca5   0x18  Code  Wk  stm32f4xx_hal.o [1]
HAL_GPIO_Init           0x08000a75  0x196  Code  Gb  stm32f4xx_hal_gpio.o [1]
HAL_GetTick             0x08000c9f    0x6  Code  Wk  stm32f4xx_hal.o [1]
HAL_IncTick             0x08000c95    0xa  Code  Wk  stm32f4xx_hal.o [1]
HAL_Init                0x08000c41   0x30  Code  Gb  stm32f4xx_hal.o [1]
HAL_InitTick            0x08000c71   0x24  Code  Wk  stm32f4xx_hal.o [1]
HAL_MspInit             0x080006ad   0x20  Code  Gb  stm32f4xx_hal_msp.o [1]
HAL_NVIC_ClearPendingIRQ
                        0x08000a13    0xc  Code  Gb  stm32f4xx_hal_cortex.o [1]
HAL_NVIC_EnableIRQ      0x080009d7    0xc  Code  Gb  stm32f4xx_hal_cortex.o [1]
HAL_NVIC_SetPriority    0x08000993   0x44  Code  Gb  stm32f4xx_hal_cortex.o [1]
HAL_NVIC_SetPriorityGrouping
                        0x08000979   0x1a  Code  Gb  stm32f4xx_hal_cortex.o [1]
HAL_RCC_GetHCLKFreq     0x08000fff   0x1e  Code  Gb  stm32f4xx_hal_rcc.o [1]
HAL_RCC_GetOscConfig    0x0800101d   0x8e  Code  Gb  stm32f4xx_hal_rcc.o [1]
HAL_RCC_GetSysClockFreq
                        0x08000fb5   0x4a  Code  Gb  stm32f4xx_hal_rcc.o [1]
HAL_RCC_MCOConfig       0x08000f49   0x5a  Code  Gb  stm32f4xx_hal_rcc.o [1]
HAL_RCC_OscConfig       0x08000cc5  0x27c  Code  Gb  stm32f4xx_hal_rcc.o [1]
HAL_SYSTICK_Callback    0x08000a45    0x2  Code  Wk  stm32f4xx_hal_cortex.o [1]
HAL_SYSTICK_Config      0x080009eb   0x28  Code  Gb  stm32f4xx_hal_cortex.o [1]
HAL_SYSTICK_IRQHandler  0x08000a3d    0x8  Code  Gb  stm32f4xx_hal_cortex.o [1]
HAL_TIMEx_BreakCallback
                        0x08000953    0x2  Code  Wk  stm32f4xx_hal_tim_ex.o [1]
HAL_TIMEx_CommutationCallback
                        0x08000951    0x2  Code  Wk  stm32f4xx_hal_tim_ex.o [1]
HAL_TIMEx_MasterConfigSynchronization
                        0x080008e1   0x4a  Code  Gb  stm32f4xx_hal_tim_ex.o [1]
HAL_TIMEx_RemapConfig   0x0800092b   0x16  Code  Gb  stm32f4xx_hal_tim_ex.o [1]
HAL_TIM_IC_CaptureCallback
                        0x08000803   0x3e  Code  Gb  main.o [1]
HAL_TIM_IC_ConfigChannel
                        0x080003f9  0x108  Code  Gb  stm32f4xx_hal_tim.o [1]
HAL_TIM_IC_Init         0x08000271   0x18  Code  Gb  stm32f4xx_hal_tim.o [1]
HAL_TIM_IC_MspInit      0x080006cd   0x4c  Code  Gb  stm32f4xx_hal_msp.o [1]
HAL_TIM_IC_Start_IT     0x08000289    0xa  Code  Gb  stm32f4xx_hal_tim.o [1]
HAL_TIM_IC_Stop_IT      0x08000293   0x1c  Code  Gb  stm32f4xx_hal_tim.o [1]
HAL_TIM_IRQHandler      0x080002af  0x14a  Code  Gb  stm32f4xx_hal_tim.o [1]
HAL_TIM_OC_DelayElapsedCallback
                        0x08000545    0x2  Code  Wk  stm32f4xx_hal_tim.o [1]
HAL_TIM_PWM_PulseFinishedCallback
                        0x08000547    0x2  Code  Wk  stm32f4xx_hal_tim.o [1]
HAL_TIM_PeriodElapsedCallback
                        0x08000543    0x2  Code  Wk  stm32f4xx_hal_tim.o [1]
HAL_TIM_ReadCapturedValue
                        0x08000501   0x42  Code  Gb  stm32f4xx_hal_tim.o [1]
HAL_TIM_TriggerCallback
                        0x08000549    0x2  Code  Wk  stm32f4xx_hal_tim.o [1]
NVIC_GetPriorityGrouping
                        0x08000955    0xa  Code  Lc  stm32f4xx_hal_cortex.o [1]
NVIC_SetPriority        0x0800095f   0x1a  Code  Lc  stm32f4xx_hal_cortex.o [1]
Region$$Table$$Base     0x080011ac          --   Gb  - Linker created -
Region$$Table$$Limit    0x080011d0          --   Gb  - Linker created -
SysTick_Handler         0x08001165    0xe  Code  Gb  stm32f4xx_it.o [1]
SystemClock_Config      0x080007c1   0x42  Code  Gb  main.o [1]
SystemCoreClock         0x20000010    0x4  Data  Gb  system_stm32f4xx.o [1]
SystemInit              0x080010ed   0x3a  Code  Gb  system_stm32f4xx.o [1]
TIM5_IRQHandler         0x08001173   0x12  Code  Gb  stm32f4xx_it.o [1]
TIM_Base_SetConfig      0x0800054b   0x90  Code  Gb  stm32f4xx_hal_tim.o [1]
TIM_CCxChannelCmd       0x08000695   0x18  Code  Gb  stm32f4xx_hal_tim.o [1]
TIM_TI1_SetConfig       0x080005db   0x5e  Code  Gb  stm32f4xx_hal_tim.o [1]
TIM_TI2_SetConfig       0x08000669   0x2c  Code  Lc  stm32f4xx_hal_tim.o [1]
__as_entries_start      0xffffffff          --   Gb  command line/config [2]
__as_table_start        0xffffffff          --   Gb  command line/config [2]
__cmain                 0x080011ed         Code  Gb  cmain.o [5]
__exit                  0x0800121d   0x14  Code  Gb  exit.o [6]
__iar_copy_init3        0x08000a47   0x2e  Code  Gb  copy_init3.o [5]
__iar_data_init3        0x0800113d   0x28  Code  Gb  data_init.o [5]
__iar_init_vfp          0x080011d1         Code  Gb  fpinit_M.o [4]
__iar_program_start     0x08001241         Code  Gb  cstartup_M.o [5]
__iar_zero_init3        0x08001189   0x22  Code  Gb  zero_init3.o [5]
__low_level_init        0x08001207    0x4  Code  Gb  low_level_init.o [3]
__vector_table          0x08000000         Data  Gb  startup_stm32f439xx.o [1]
_call_main              0x080011f9         Code  Gb  cmain.o [5]
_exit                   0x08001211         Code  Gb  cexit.o [5]
_main                   0x08001203         Code  Gb  cmain.o [5]
calib_value             0x20000060    0x4  Data  Gb  main.o [1]
exit                    0x0800120b    0x4  Code  Gb  exit.o [3]
htim5                   0x20000014   0x3c  Data  Gb  main.o [1]
main                    0x08000725   0x9c  Code  Gb  main.o [1]
uwFrequency             0x20000058    0x4  Data  Gb  main.o [1]
uwIC1Value              0x20000050    0x4  Data  Gb  main.o [1]
uwIC2Value              0x20000054    0x4  Data  Gb  main.o [1]
uwTick                  0x20000064    0x4  Data  Lc  stm32f4xx_hal.o [1]


[1] = C:\Users\gharbin\Desktop\My Work\my workspaces\HSI_AutoCalibration_usart\Project\Projects\EWARM\Project Configuration\Obj
[2] = command line
[3] = dl7M_tln.a
[4] = m7M_tlv.a
[5] = rt7M_tl.a
[6] = shb_l.a

  5 038 bytes of readonly  code memory
     58 bytes of readonly  data memory
  1 128 bytes of readwrite data memory

Errors: none
Warnings: none
