###############################################################################
#
# IAR ELF Linker V7.30.1.7746/W32 for ARM                 23/Oct/2014  10:42:37
# Copyright 2007-2014 IAR Systems AB.
#
#    Output file  =  
#        C:\Users\gharbin\Desktop\My Work\my
#        workspaces\Validation_Projects\USBD_HID\Project\Projects\EWARM\Project
#        Configuration\Exe\Project Configuration.out
#    Map file     =  
#        C:\Users\gharbin\Desktop\My Work\my
#        workspaces\Validation_Projects\USBD_HID\Project\Projects\EWARM\Project
#        Configuration/List\Project Configuration.map
#    Command line =  
#        "C:\Users\gharbin\Desktop\My Work\my
#        workspaces\Validation_Projects\USBD_HID\Project\Projects\EWARM\Project
#        Configuration\Obj\HID_Application.o" "C:\Users\gharbin\Desktop\My
#        Work\my
#        workspaces\Validation_Projects\USBD_HID\Project\Projects\EWARM\Project
#        Configuration\Obj\main.o" "C:\Users\gharbin\Desktop\My Work\my
#        workspaces\Validation_Projects\USBD_HID\Project\Projects\EWARM\Project
#        Configuration\Obj\startup_stm32f439xx.o" "C:\Users\gharbin\Desktop\My
#        Work\my
#        workspaces\Validation_Projects\USBD_HID\Project\Projects\EWARM\Project
#        Configuration\Obj\stm32f4xx_hal.o" "C:\Users\gharbin\Desktop\My
#        Work\my
#        workspaces\Validation_Projects\USBD_HID\Project\Projects\EWARM\Project
#        Configuration\Obj\stm32f4xx_hal_cortex.o" "C:\Users\gharbin\Desktop\My
#        Work\my
#        workspaces\Validation_Projects\USBD_HID\Project\Projects\EWARM\Project
#        Configuration\Obj\stm32f4xx_hal_dma.o" "C:\Users\gharbin\Desktop\My
#        Work\my
#        workspaces\Validation_Projects\USBD_HID\Project\Projects\EWARM\Project
#        Configuration\Obj\stm32f4xx_hal_dma_ex.o" "C:\Users\gharbin\Desktop\My
#        Work\my
#        workspaces\Validation_Projects\USBD_HID\Project\Projects\EWARM\Project
#        Configuration\Obj\stm32f4xx_hal_flash.o" "C:\Users\gharbin\Desktop\My
#        Work\my
#        workspaces\Validation_Projects\USBD_HID\Project\Projects\EWARM\Project
#        Configuration\Obj\stm32f4xx_hal_flash_ex.o"
#        "C:\Users\gharbin\Desktop\My Work\my
#        workspaces\Validation_Projects\USBD_HID\Project\Projects\EWARM\Project
#        Configuration\Obj\stm32f4xx_hal_flash_ramfunc.o"
#        "C:\Users\gharbin\Desktop\My Work\my
#        workspaces\Validation_Projects\USBD_HID\Project\Projects\EWARM\Project
#        Configuration\Obj\stm32f4xx_hal_gpio.o" "C:\Users\gharbin\Desktop\My
#        Work\my
#        workspaces\Validation_Projects\USBD_HID\Project\Projects\EWARM\Project
#        Configuration\Obj\stm32f4xx_hal_msp.o" "C:\Users\gharbin\Desktop\My
#        Work\my
#        workspaces\Validation_Projects\USBD_HID\Project\Projects\EWARM\Project
#        Configuration\Obj\stm32f4xx_hal_pcd.o" "C:\Users\gharbin\Desktop\My
#        Work\my
#        workspaces\Validation_Projects\USBD_HID\Project\Projects\EWARM\Project
#        Configuration\Obj\stm32f4xx_hal_pcd_ex.o" "C:\Users\gharbin\Desktop\My
#        Work\my
#        workspaces\Validation_Projects\USBD_HID\Project\Projects\EWARM\Project
#        Configuration\Obj\stm32f4xx_hal_pwr.o" "C:\Users\gharbin\Desktop\My
#        Work\my
#        workspaces\Validation_Projects\USBD_HID\Project\Projects\EWARM\Project
#        Configuration\Obj\stm32f4xx_hal_pwr_ex.o" "C:\Users\gharbin\Desktop\My
#        Work\my
#        workspaces\Validation_Projects\USBD_HID\Project\Projects\EWARM\Project
#        Configuration\Obj\stm32f4xx_hal_rcc.o" "C:\Users\gharbin\Desktop\My
#        Work\my
#        workspaces\Validation_Projects\USBD_HID\Project\Projects\EWARM\Project
#        Configuration\Obj\stm32f4xx_hal_rcc_ex.o" "C:\Users\gharbin\Desktop\My
#        Work\my
#        workspaces\Validation_Projects\USBD_HID\Project\Projects\EWARM\Project
#        Configuration\Obj\stm32f4xx_it.o" "C:\Users\gharbin\Desktop\My Work\my
#        workspaces\Validation_Projects\USBD_HID\Project\Projects\EWARM\Project
#        Configuration\Obj\stm32f4xx_ll_usb.o" "C:\Users\gharbin\Desktop\My
#        Work\my
#        workspaces\Validation_Projects\USBD_HID\Project\Projects\EWARM\Project
#        Configuration\Obj\system_stm32f4xx.o" "C:\Users\gharbin\Desktop\My
#        Work\my
#        workspaces\Validation_Projects\USBD_HID\Project\Projects\EWARM\Project
#        Configuration\Obj\usb_device.o" "C:\Users\gharbin\Desktop\My Work\my
#        workspaces\Validation_Projects\USBD_HID\Project\Projects\EWARM\Project
#        Configuration\Obj\usbd_conf.o" "C:\Users\gharbin\Desktop\My Work\my
#        workspaces\Validation_Projects\USBD_HID\Project\Projects\EWARM\Project
#        Configuration\Obj\usbd_core.o" "C:\Users\gharbin\Desktop\My Work\my
#        workspaces\Validation_Projects\USBD_HID\Project\Projects\EWARM\Project
#        Configuration\Obj\usbd_ctlreq.o" "C:\Users\gharbin\Desktop\My Work\my
#        workspaces\Validation_Projects\USBD_HID\Project\Projects\EWARM\Project
#        Configuration\Obj\usbd_desc.o" "C:\Users\gharbin\Desktop\My Work\my
#        workspaces\Validation_Projects\USBD_HID\Project\Projects\EWARM\Project
#        Configuration\Obj\usbd_hid.o" "C:\Users\gharbin\Desktop\My Work\my
#        workspaces\Validation_Projects\USBD_HID\Project\Projects\EWARM\Project
#        Configuration\Obj\usbd_ioreq.o" --redirect _Printf=_PrintfFull
#        --redirect _Scanf=_ScanfFull -o "C:\Users\gharbin\Desktop\My Work\my
#        workspaces\Validation_Projects\USBD_HID\Project\Projects\EWARM\Project
#        Configuration\Exe\Project Configuration.out" --map
#        "C:\Users\gharbin\Desktop\My Work\my
#        workspaces\Validation_Projects\USBD_HID\Project\Projects\EWARM\Project
#        Configuration/List\Project Configuration.map" --config "C:\Program
#        Files (x86)\IAR Systems\Embedded Workbench
#        7.0\arm\config\linker\ST\stm32f439xI.icf" --semihosting --entry
#        __iar_program_start --vfe
#
###############################################################################

*******************************************************************************
*** RUNTIME MODEL ATTRIBUTES
***

CppFlavor                     = *
__Heap_Handler                = DLMalloc
__SystemLibrary               = DLib
__dlib_dynamic_initialization = normal


*******************************************************************************
*** PLACEMENT SUMMARY
***

"A1":  place at 0x08000000 { ro section .intvec };
"P1":  place in [from 0x08000000 to 0x081fffff] { ro };
"P2":  place in [from 0x20000000 to 0x2002ffff] { rw, block CSTACK, block HEAP };

  Section             Kind        Address    Size  Object
  -------             ----        -------    ----  ------
"A1":                                       0x1ac
  .intvec             ro code  0x08000000   0x1ac  startup_stm32f439xx.o [1]
                             - 0x080001ac   0x1ac

"P1":                                      0x614d
  .text               ro code  0x080001ac  0x1500  dlmalloc.o [3]
  .text               ro code  0x080016ac     0x6  abort.o [3]
  .text               ro code  0x080016b2    0x22  zero_init3.o [5]
  .text               ro code  0x080016d4    0x2c  xgetmemchunk.o [3]
  .text               ro code  0x08001700    0x14  exit.o [6]
  .text               ro code  0x08001714    0x6c  iarttio.o [6]
  .text               ro code  0x08001780     0x8  XShttio.o [3]
  .text               ro code  0x08001788  0x1150  xprintffull.o [3]
  .text               ro code  0x080028d8    0x20  xmbtowc.o [3]
  .text               ro code  0x080028f8    0x16  strchr.o [5]
  .text               ro code  0x08002910    0x36  strlen.o [5]
  .text               ro code  0x08002948    0x58  memchr.o [5]
  .text               ro code  0x080029a0     0xa  xmbcurmax.o [3]
  .text               ro code  0x080029aa    0x1a  xwctomb.o [3]
  .text               ro code  0x080029c4    0x76  ABImemcpy_unaligned.o [5]
  .text               ro code  0x08002a3c    0xee  I64DivMod.o [5]
  .text               ro code  0x08002b2a    0x42  xdnorm.o [4]
  .text               ro code  0x08002b6c    0x2e  DblCmpLe.o [4]
  .text               ro code  0x08002b9c    0x2e  DblCmpGe.o [4]
  .text               ro code  0x08002bcc   0x114  xdscale.o [4]
  .text               ro code  0x08002ce0    0x58  DblToI32.o [4]
  .text               ro code  0x08002d38    0x30  I32ToDbl.o [4]
  .text               ro code  0x08002d68   0x180  DblSub.o [4]
  .text               ro code  0x08002ee8   0x1a2  DblMul.o [4]
  .text               ro code  0x0800308c   0x246  DblDiv.o [4]
  .text               ro code  0x080032d4    0x6c  localeconv.o [3]
  .text               ro code  0x08003340     0xe  div.o [3]
  .text               ro code  0x08003350    0x14  setlocale.o [3]
  .text               ro code  0x08003364    0x60  xencoding_sb.o [3]
  .text               ro code  0x080033c4     0x2  I64DivZer.o [5]
  .text               ro code  0x080033c8    0xd4  DblAdd.o [4]
  .text               ro code  0x0800349c     0x2  xtls.o [3]
  .text               ro code  0x080034a0   0x884  stm32f4xx_ll_usb.o [1]
  .text               ro code  0x08003d24    0x84  stm32f4xx_hal.o [1]
  .text               ro code  0x08003da8    0xe0  stm32f4xx_hal_cortex.o [1]
  .text               ro code  0x08003e88    0x18  stm32f4xx_hal_msp.o [1]
  .text               ro code  0x08003ea0   0x4a4  stm32f4xx_hal_rcc.o [1]
  .text               ro code  0x08004344    0x54  HID_Application.o [1]
  .text               ro code  0x08004398   0x128  usbd_hid.o [1]
  .text               ro code  0x080044c0   0x1d8  usbd_conf.o [1]
  .text               ro code  0x08004698   0x3b2  usbd_ctlreq.o [1]
  .text               ro code  0x08004a4a    0x4e  usbd_ioreq.o [1]
  .text               ro code  0x08004a98   0x1cc  stm32f4xx_hal_gpio.o [1]
  .text               ro code  0x08004c64   0x2b4  usbd_core.o [1]
  .text               ro code  0x08004f18   0x6e8  stm32f4xx_hal_pcd.o [1]
  .text               ro code  0x08005600    0x48  stm32f4xx_hal_pcd_ex.o [1]
  .text               ro code  0x08005648    0x24  printf.o [3]
  .text               ro code  0x0800566c    0xe0  XShHandles.o [3]
  .text               ro code  0x0800574c    0xd6  xfspos.o [3]
  .text               ro code  0x08005824    0xb0  fflush.o [3]
  .text               ro code  0x080058d4     0xc  xfgpos.o [3]
  .text               ro code  0x080058e0    0x4c  lseek.o [6]
  .text               ro code  0x0800592c     0xc  errno.o [3]
  .text               ro code  0x08005938     0x4  xsyslock_nop.o [3]
  .text               ro code  0x0800593c    0x10  write.o [6]
  .text               ro code  0x0800594c    0x1e  dwrite.o [6]
  .text               ro code  0x0800596a    0x20  iarwstd.o [6]
  .text               ro code  0x0800598a    0x22  iarwrite.o [6]
  .text               ro code  0x080059ac    0xd2  packbits_init.o [5]
  .text               ro code  0x08005a7e    0xb6  xfwprep.o [3]
  .text               ro code  0x08005b34    0x22  fseek.o [3]
  .text               ro code  0x08005b58    0xb0  usbd_desc.o [1]
  .text               ro code  0x08005c08    0x98  main.o [1]
  .text               ro code  0x08005ca0    0x2c  usb_device.o [1]
  .text               ro code  0x08005ccc    0x7c  xfofind.o [3]
  .text               ro code  0x08005d48    0x7a  fclose.o [3]
  .text               ro code  0x08005dc2    0x1a  close.o [6]
  .text               ro code  0x08005ddc    0x16  remove.o [6]
  .text               ro code  0x08005df4    0x58  xcloseall.o [3]
  .text               ro code  0x08005e4c    0x56  fputc.o [3]
  .text               ro code  0x08005ea4    0x50  system_stm32f4xx.o [1]
  .text               ro code  0x08005ef4    0x28  data_init.o [5]
  .text               ro code  0x08005f1c    0x22  fpinit_M.o [4]
  .iar.init_table     const    0x08005f40    0x2c  - Linker created -
  .text               ro code  0x08005f6c    0x1a  stm32f4xx_it.o [1]
  .text               ro code  0x08005f88    0x1a  cmain.o [5]
  .text               ro code  0x08005fa2     0x4  low_level_init.o [3]
  .text               ro code  0x08005fa6     0x4  exit.o [3]
  .text               ro code  0x08005fac     0xe  cexit.o [5]
  .text               ro code  0x08005fba    0x16  xprout.o [3]
  .text               ro code  0x08005fd0     0xc  putchar.o [3]
  .text               ro code  0x08005fdc    0x10  startup_stm32f439xx.o [1]
  .text               ro code  0x08005fec     0xc  cstartup_M.o [5]
  .text               ro code  0x08005ff8     0x4  startup_stm32f439xx.o [1]
  .text               ro code  0x08005ffc     0x4  startup_stm32f439xx.o [1]
  .text               ro code  0x08006000     0x4  startup_stm32f439xx.o [1]
  .text               ro code  0x08006004     0x4  startup_stm32f439xx.o [1]
  .text               ro code  0x08006008     0x4  startup_stm32f439xx.o [1]
  .text               ro code  0x0800600c     0x4  startup_stm32f439xx.o [1]
  .text               ro code  0x08006010     0x4  startup_stm32f439xx.o [1]
  .text               ro code  0x08006014     0x4  startup_stm32f439xx.o [1]
  .text               ro code  0x08006018     0x4  startup_stm32f439xx.o [1]
  .text               ro code  0x0800601c     0x4  startup_stm32f439xx.o [1]
  .text               ro code  0x08006020     0x4  startup_stm32f439xx.o [1]
  .text               ro code  0x08006024     0x4  startup_stm32f439xx.o [1]
  .text               ro code  0x08006028     0x4  startup_stm32f439xx.o [1]
  .text               ro code  0x0800602c     0x4  startup_stm32f439xx.o [1]
  .text               ro code  0x08006030     0x4  startup_stm32f439xx.o [1]
  .text               ro code  0x08006034     0x4  startup_stm32f439xx.o [1]
  .text               ro code  0x08006038     0x4  startup_stm32f439xx.o [1]
  .text               ro code  0x0800603c     0x4  startup_stm32f439xx.o [1]
  .text               ro code  0x08006040     0x4  startup_stm32f439xx.o [1]
  .text               ro code  0x08006044     0x4  startup_stm32f439xx.o [1]
  .text               ro code  0x08006048     0x4  startup_stm32f439xx.o [1]
  .text               ro code  0x0800604c     0x4  startup_stm32f439xx.o [1]
  .text               ro code  0x08006050     0x4  startup_stm32f439xx.o [1]
  .text               ro code  0x08006054     0x4  startup_stm32f439xx.o [1]
  .text               ro code  0x08006058     0x4  startup_stm32f439xx.o [1]
  .text               ro code  0x0800605c     0x4  startup_stm32f439xx.o [1]
  .text               ro code  0x08006060     0x4  startup_stm32f439xx.o [1]
  .text               ro code  0x08006064     0x4  startup_stm32f439xx.o [1]
  .text               ro code  0x08006068     0x4  startup_stm32f439xx.o [1]
  .text               ro code  0x0800606c     0x4  startup_stm32f439xx.o [1]
  .text               ro code  0x08006070     0x4  startup_stm32f439xx.o [1]
  .text               ro code  0x08006074     0x4  startup_stm32f439xx.o [1]
  .text               ro code  0x08006078     0x4  startup_stm32f439xx.o [1]
  .text               ro code  0x0800607c     0x4  startup_stm32f439xx.o [1]
  .text               ro code  0x08006080     0x4  startup_stm32f439xx.o [1]
  .text               ro code  0x08006084     0x4  startup_stm32f439xx.o [1]
  .text               ro code  0x08006088     0x4  startup_stm32f439xx.o [1]
  .text               ro code  0x0800608c     0x4  startup_stm32f439xx.o [1]
  .text               ro code  0x08006090     0x4  startup_stm32f439xx.o [1]
  .text               ro code  0x08006094     0x4  startup_stm32f439xx.o [1]
  .text               ro code  0x08006098     0x4  startup_stm32f439xx.o [1]
  .text               ro code  0x0800609c     0x4  startup_stm32f439xx.o [1]
  .text               ro code  0x080060a0     0x4  startup_stm32f439xx.o [1]
  .text               ro code  0x080060a4     0x4  startup_stm32f439xx.o [1]
  .text               ro code  0x080060a8     0x4  startup_stm32f439xx.o [1]
  .text               ro code  0x080060ac     0x4  startup_stm32f439xx.o [1]
  .text               ro code  0x080060b0     0x4  startup_stm32f439xx.o [1]
  .text               ro code  0x080060b4     0x4  startup_stm32f439xx.o [1]
  .text               ro code  0x080060b8     0x4  startup_stm32f439xx.o [1]
  .text               ro code  0x080060bc     0x4  startup_stm32f439xx.o [1]
  .text               ro code  0x080060c0     0x4  startup_stm32f439xx.o [1]
  .text               ro code  0x080060c4     0x4  startup_stm32f439xx.o [1]
  .text               ro code  0x080060c8     0x4  startup_stm32f439xx.o [1]
  .text               ro code  0x080060cc     0x4  startup_stm32f439xx.o [1]
  .text               ro code  0x080060d0     0x4  startup_stm32f439xx.o [1]
  .text               ro code  0x080060d4     0x4  startup_stm32f439xx.o [1]
  .text               ro code  0x080060d8     0x4  startup_stm32f439xx.o [1]
  .text               ro code  0x080060dc     0x4  startup_stm32f439xx.o [1]
  .text               ro code  0x080060e0     0x4  startup_stm32f439xx.o [1]
  .text               ro code  0x080060e4     0x4  startup_stm32f439xx.o [1]
  .text               ro code  0x080060e8     0x4  startup_stm32f439xx.o [1]
  .text               ro code  0x080060ec     0x4  startup_stm32f439xx.o [1]
  .text               ro code  0x080060f0     0x4  startup_stm32f439xx.o [1]
  .text               ro code  0x080060f4     0x4  startup_stm32f439xx.o [1]
  .text               ro code  0x080060f8     0x4  startup_stm32f439xx.o [1]
  .text               ro code  0x080060fc     0x4  startup_stm32f439xx.o [1]
  .text               ro code  0x08006100     0x4  startup_stm32f439xx.o [1]
  .text               ro code  0x08006104     0x4  startup_stm32f439xx.o [1]
  .text               ro code  0x08006108     0x4  startup_stm32f439xx.o [1]
  .text               ro code  0x0800610c     0x4  startup_stm32f439xx.o [1]
  .text               ro code  0x08006110     0x4  startup_stm32f439xx.o [1]
  .text               ro code  0x08006114     0x4  startup_stm32f439xx.o [1]
  .text               ro code  0x08006118     0x4  startup_stm32f439xx.o [1]
  .text               ro code  0x0800611c     0x4  startup_stm32f439xx.o [1]
  .text               ro code  0x08006120     0x4  startup_stm32f439xx.o [1]
  .text               ro code  0x08006124     0x4  startup_stm32f439xx.o [1]
  .text               ro code  0x08006128     0x4  startup_stm32f439xx.o [1]
  .text               ro code  0x0800612c     0x4  startup_stm32f439xx.o [1]
  .text               ro code  0x08006130     0x4  startup_stm32f439xx.o [1]
  .text               ro code  0x08006134     0x4  startup_stm32f439xx.o [1]
  .text               ro code  0x08006138     0x4  startup_stm32f439xx.o [1]
  .text               ro code  0x0800613c     0x4  startup_stm32f439xx.o [1]
  .text               ro code  0x08006140     0x4  startup_stm32f439xx.o [1]
  .text               ro code  0x08006144     0x4  startup_stm32f439xx.o [1]
  .text               ro code  0x08006148     0x4  startup_stm32f439xx.o [1]
  .text               ro code  0x0800614c     0x4  startup_stm32f439xx.o [1]
  .text               ro code  0x08006150     0x4  startup_stm32f439xx.o [1]
  .text               ro code  0x08006154     0x4  startup_stm32f439xx.o [1]
  .text               ro code  0x08006158     0x4  startup_stm32f439xx.o [1]
  .text               ro code  0x0800615c     0x4  startup_stm32f439xx.o [1]
  .text               ro code  0x08006160     0x4  startup_stm32f439xx.o [1]
  .text               ro code  0x08006164     0x4  startup_stm32f439xx.o [1]
  .text               ro code  0x08006168     0x4  startup_stm32f439xx.o [1]
  .text               ro code  0x0800616c     0x4  startup_stm32f439xx.o [1]
  .text               ro code  0x08006170     0x4  startup_stm32f439xx.o [1]
  .text               ro code  0x08006174     0x4  startup_stm32f439xx.o [1]
  .text               ro code  0x08006178     0x4  startup_stm32f439xx.o [1]
  .text               ro code  0x0800617c     0x4  startup_stm32f439xx.o [1]
  .text               ro code  0x08006180     0x0  cstart_closeall.o [5]
  .rodata             const    0x08006180     0x0  zero_init3.o [5]
  .rodata             const    0x08006180     0x0  packbits_init.o [5]
  Initializer bytes   ro data  0x08006180   0x179  <for P2 s0>
                             - 0x080062f9  0x614d

"P2":                                      0x4df0
  P2 s0                        0x20000000   0x2f0  <Init block>
    __DLIB_PERTHREAD  inited   0x20000000    0x88  localeconv.o [3]
    __DLIB_PERTHREAD  inited   0x20000088    0x74  setlocale.o [3]
    .data             inited   0x200000fc    0x58  usbd_hid.o [1]
    .data             inited   0x20000154    0x40  xfiles.o [3]
    .data             inited   0x20000194    0x40  xfiles.o [3]
    .data             inited   0x200001d4    0x40  xfiles.o [3]
    .data             inited   0x20000214    0x38  usbd_hid.o [1]
    .data             inited   0x2000024c    0x24  usbd_hid.o [1]
    .data             inited   0x20000270    0x20  xfiles.o [3]
    .data             inited   0x20000290    0x1c  usbd_desc.o [1]
    .data             inited   0x200002ac    0x14  system_stm32f4xx.o [1]
    .data             inited   0x200002c0    0x14  usbd_desc.o [1]
    .data             inited   0x200002d4     0xc  usbd_hid.o [1]
    .data             inited   0x200002e0     0x8  XShttio.o [3]
    .data             inited   0x200002e8     0x4  usbd_desc.o [1]
    __DLIB_PERTHREAD  inited   0x200002ec     0x4  errno.o [3]
  .bss                zero     0x200002f0   0x3b0  usbd_conf.o [1]
  .bss                zero     0x200006a0   0x224  usb_device.o [1]
  .bss                zero     0x200008c4   0x200  usbd_desc.o [1]
  .bss                zero     0x20000ac4   0x1d8  dlmalloc.o [3]
  .bss                zero     0x20000c9c    0x80  XShHandles.o [3]
  .bss                zero     0x20000d1c    0x50  xfiles.o [3]
  .bss                zero     0x20000d6c    0x50  xfiles.o [3]
  .bss                zero     0x20000dbc    0x18  dlmalloc.o [3]
  .bss                zero     0x20000dd4     0xc  HID_Application.o [1]
  .bss                zero     0x20000de0     0x4  stm32f4xx_hal.o [1]
  .bss                zero     0x20000de4     0x4  xgetmemchunk.o [3]
  .bss                zero     0x20000de8     0x1  usbd_ctlreq.o [1]
  CSTACK                       0x20000df0  0x2000  <Block>
    CSTACK            uninit   0x20000df0  0x2000  <Block tail>
  HEAP                         0x20002df0  0x2000  <Block>
    HEAP              uninit   0x20002df0  0x2000  <Block tail>
                             - 0x20004df0  0x4df0


*******************************************************************************
*** INIT TABLE
***

          Address     Size
          -------     ----
Zero (__iar_zero_init3)
    1 destination range, total size 0xaf9:
          0x200002f0  0xaf9

Copy/packbits (__iar_packbits_init3)
    1 source range, total size 0x179 (50% of destination):
          0x08006180  0x179
    1 destination range, total size 0x2f0:
          0x20000000  0x2f0



*******************************************************************************
*** MODULE SUMMARY
***

    Module                  ro code  ro data  rw data
    ------                  -------  -------  -------
C:\Users\gharbin\Desktop\My Work\my workspaces\Validation_Projects\USBD_HID\Project\Projects\EWARM\Project Configuration\Obj: [1]
    HID_Application.o            84                12
    main.o                      152
    startup_stm32f439xx.o       836
    stm32f4xx_hal.o             132                 4
    stm32f4xx_hal_cortex.o      224
    stm32f4xx_hal_gpio.o        460
    stm32f4xx_hal_msp.o          24
    stm32f4xx_hal_pcd.o       1 768
    stm32f4xx_hal_pcd_ex.o       72
    stm32f4xx_hal_rcc.o       1 188
    stm32f4xx_it.o               26
    stm32f4xx_ll_usb.o        2 180
    system_stm32f4xx.o           80       10       20
    usb_device.o                 44               548
    usbd_conf.o                 472               944
    usbd_core.o                 692
    usbd_ctlreq.o               946                 1
    usbd_desc.o                 176       26      564
    usbd_hid.o                  296       96      192
    usbd_ioreq.o                 78
    -------------------------------------------------
    Total:                    9 930      132    2 285

command line: [2]
    -------------------------------------------------
    Total:

dl7M_tlf.a: [3]
    XShHandles.o                224               128
    XShttio.o                     8        4        8
    abort.o                       6
    div.o                        14
    dlmalloc.o                5 376               496
    errno.o                      12        3        4
    exit.o                        4
    fclose.o                    122
    fflush.o                    176
    fputc.o                      86
    fseek.o                      34
    localeconv.o                108       68      136
    low_level_init.o              4
    printf.o                     36
    putchar.o                    12
    setlocale.o                  20       58      116
    xcloseall.o                  88
    xencoding_sb.o               96
    xfgpos.o                     12
    xfiles.o                             112      384
    xfofind.o                   124
    xfspos.o                    214
    xfwprep.o                   182
    xgetmemchunk.o               44                 4
    xmbcurmax.o                  10
    xmbtowc.o                    32
    xprintffull.o             4 432
    xprout.o                     22
    xsyslock_nop.o                4
    xtls.o                        2
    xwctomb.o                    26
    -------------------------------------------------
    Total:                   11 530      245    1 276

m7M_tlv.a: [4]
    DblAdd.o                    212
    DblCmpGe.o                   46
    DblCmpLe.o                   46
    DblDiv.o                    582
    DblMul.o                    418
    DblSub.o                    384
    DblToI32.o                   88
    I32ToDbl.o                   48
    fpinit_M.o                   34
    xdnorm.o                     66
    xdscale.o                   276
    -------------------------------------------------
    Total:                    2 200

rt7M_tl.a: [5]
    ABImemcpy_unaligned.o       118
    I64DivMod.o                 238
    I64DivZer.o                   2
    cexit.o                      14
    cmain.o                      26
    cstart_closeall.o
    cstartup_M.o                 12
    data_init.o                  40
    memchr.o                     88
    packbits_init.o             210
    strchr.o                     22
    strlen.o                     54
    zero_init3.o                 34
    -------------------------------------------------
    Total:                      858

shb_l.a: [6]
    close.o                      26
    dwrite.o                     30
    exit.o                       20
    iarttio.o                   108
    iarwrite.o                   34
    iarwstd.o                    32
    lseek.o                      76
    remove.o                     22
    write.o                      16
    -------------------------------------------------
    Total:                      364

    Gaps                         32        2
    Linker created                        44   16 384
-----------------------------------------------------
    Grand Total:             24 914      423   19 945


*******************************************************************************
*** ENTRY LIST
***

Entry                      Address   Size  Type      Object
-----                      -------   ----  ----      ------
?main                   0x08005f89         Code  Gb  cmain.o [5]
AHBPrescTable           0x200002ac   0x10  Data  Gb  system_stm32f4xx.o [1]
APBAHBPrescTable        0x08004334   0x10  Data  Gb  stm32f4xx_hal_rcc.o [1]
CSTACK$$Base            0x20000df0          --   Gb  - Linker created -
CSTACK$$Limit           0x20002df0          --   Gb  - Linker created -
FS_Desc                 0x20000290   0x1c  Data  Gb  usbd_desc.o [1]
HAL_Delay               0x08003d89   0x18  Code  Wk  stm32f4xx_hal.o [1]
HAL_GPIO_Init           0x08004a99  0x196  Code  Gb  stm32f4xx_hal_gpio.o [1]
HAL_GetTick             0x08003d83    0x6  Code  Wk  stm32f4xx_hal.o [1]
HAL_IncTick             0x08003d79    0xa  Code  Wk  stm32f4xx_hal.o [1]
HAL_Init                0x08003d25   0x30  Code  Gb  stm32f4xx_hal.o [1]
HAL_InitTick            0x08003d55   0x24  Code  Wk  stm32f4xx_hal.o [1]
HAL_MspInit             0x08003e89   0x18  Code  Gb  stm32f4xx_hal_msp.o [1]
HAL_NVIC_EnableIRQ      0x08003e2b    0xc  Code  Gb  stm32f4xx_hal_cortex.o [1]
HAL_NVIC_SetPriority    0x08003de7   0x44  Code  Gb  stm32f4xx_hal_cortex.o [1]
HAL_NVIC_SetPriorityGrouping
                        0x08003dcd   0x1a  Code  Gb  stm32f4xx_hal_cortex.o [1]
HAL_PCDEx_SetRxFiFo     0x08005641    0x8  Code  Gb  stm32f4xx_hal_pcd_ex.o [1]
HAL_PCDEx_SetTxFiFo     0x08005601   0x40  Code  Gb  stm32f4xx_hal_pcd_ex.o [1]
HAL_PCD_ConnectCallback
                        0x08004589    0x8  Code  Gb  usbd_conf.o [1]
HAL_PCD_DataInStageCallback
                        0x08004531   0x10  Code  Gb  usbd_conf.o [1]
HAL_PCD_DataOutStageCallback
                        0x0800451f   0x12  Code  Gb  usbd_conf.o [1]
HAL_PCD_DisconnectCallback
                        0x08004591    0x8  Code  Gb  usbd_conf.o [1]
HAL_PCD_EP_Close        0x0800541d   0x2c  Code  Gb  stm32f4xx_hal_pcd.o [1]
HAL_PCD_EP_ClrStall     0x0800552b   0x1e  Code  Gb  stm32f4xx_hal_pcd.o [1]
HAL_PCD_EP_Open         0x080053d1   0x4c  Code  Gb  stm32f4xx_hal_pcd.o [1]
HAL_PCD_EP_Receive      0x08005467   0x28  Code  Gb  stm32f4xx_hal_pcd.o [1]
HAL_PCD_EP_SetStall     0x080054f3   0x38  Code  Gb  stm32f4xx_hal_pcd.o [1]
HAL_PCD_EP_Transmit     0x0800548f   0x26  Code  Gb  stm32f4xx_hal_pcd.o [1]
HAL_PCD_IRQHandler      0x08004fe1  0x392  Code  Gb  stm32f4xx_hal_pcd.o [1]
HAL_PCD_ISOINIncompleteCallback
                        0x08004581    0x8  Code  Gb  usbd_conf.o [1]
HAL_PCD_ISOOUTIncompleteCallback
                        0x08004579    0x8  Code  Gb  usbd_conf.o [1]
HAL_PCD_Init            0x08004f19   0xa6  Code  Gb  stm32f4xx_hal_pcd.o [1]
HAL_PCD_MspInit         0x080044c1   0x52  Code  Gb  usbd_conf.o [1]
HAL_PCD_ResetCallback   0x08004549   0x20  Code  Gb  usbd_conf.o [1]
HAL_PCD_ResumeCallback  0x08004571    0x8  Code  Gb  usbd_conf.o [1]
HAL_PCD_SOFCallback     0x08004541    0x8  Code  Gb  usbd_conf.o [1]
HAL_PCD_SetAddress      0x080053b1   0x18  Code  Gb  stm32f4xx_hal_pcd.o [1]
HAL_PCD_SetupStageCallback
                        0x08004513    0xc  Code  Gb  usbd_conf.o [1]
HAL_PCD_Start           0x08004fc9   0x18  Code  Gb  stm32f4xx_hal_pcd.o [1]
HAL_PCD_SuspendCallback
                        0x08004569    0x8  Code  Gb  usbd_conf.o [1]
HAL_RCC_ClockConfig     0x08004127  0x148  Code  Gb  stm32f4xx_hal_rcc.o [1]
HAL_RCC_GetHCLKFreq     0x080042eb   0x1e  Code  Gb  stm32f4xx_hal_rcc.o [1]
HAL_RCC_GetSysClockFreq
                        0x080042a1   0x4a  Code  Gb  stm32f4xx_hal_rcc.o [1]
HAL_RCC_OscConfig       0x08003ea1  0x274  Code  Gb  stm32f4xx_hal_rcc.o [1]
HAL_SYSTICK_Callback    0x0800434d   0x44  Code  Gb  HID_Application.o [1]
HAL_SYSTICK_Config      0x08003e3f   0x28  Code  Gb  stm32f4xx_hal_cortex.o [1]
HAL_SYSTICK_IRQHandler  0x08003e81    0x8  Code  Gb  stm32f4xx_hal_cortex.o [1]
HEAP$$Base              0x20002df0          --   Gb  - Linker created -
HEAP$$Limit             0x20004df0          --   Gb  - Linker created -
HIDApplication_Start    0x08004345    0x8  Code  Gb  HID_Application.o [1]
HID_MOUSE_ReportDesc    0x20000108   0x4c  Data  Lc  usbd_hid.o [1]
HID_Transfert           0x20000dd8    0x4  Data  Gb  HID_Application.o [1]
InStream_Read           0x080059ad   0x22  Code  Lc  packbits_init.o [5]
LoadInt                 0x08001db9   0x6e  Code  Lc  xprintffull.o [3]
MX_USB_DEVICE_Init      0x08005ca1   0x2c  Code  Gb  usb_device.o [1]
NVIC_GetPriorityGrouping
                        0x08003da9    0xa  Code  Lc  stm32f4xx_hal_cortex.o [1]
NVIC_SetPriority        0x08003db3   0x1a  Code  Lc  stm32f4xx_hal_cortex.o [1]
OTG_FS_IRQHandler       0x08005f6d    0x6  Code  Gb  stm32f4xx_it.o [1]
PCD_WriteEmptyTxFifo    0x08005569   0x8c  Code  Lc  stm32f4xx_hal_pcd.o [1]
Region$$Table$$Base     0x08005f40          --   Gb  - Linker created -
Region$$Table$$Limit    0x08005f6c          --   Gb  - Linker created -
SysTick_Handler         0x08005f79    0xe  Code  Gb  stm32f4xx_it.o [1]
SystemClock_Config      0x08005c2f   0x64  Code  Gb  main.o [1]
SystemCoreClock         0x200002bc    0x4  Data  Gb  system_stm32f4xx.o [1]
SystemInit              0x08005ea5   0x3a  Code  Gb  system_stm32f4xx.o [1]
USBD_ClrClassConfig     0x08004ce5    0xa  Code  Gb  usbd_core.o [1]
USBD_CtlContinueRx      0x08004a69    0x2  Code  Gb  usbd_ioreq.o [1]
USBD_CtlContinueSendData
                        0x08004a59    0x2  Code  Gb  usbd_ioreq.o [1]
USBD_CtlError           0x080049f1   0x16  Code  Gb  usbd_ctlreq.o [1]
USBD_CtlReceiveStatus   0x08004a83    0xa  Code  Gb  usbd_ioreq.o [1]
USBD_CtlSendData        0x08004a4b    0xe  Code  Gb  usbd_ioreq.o [1]
USBD_CtlSendStatus      0x08004a79    0xa  Code  Gb  usbd_ioreq.o [1]
USBD_FS_ConfigStrDescriptor
                        0x08005b91    0xa  Code  Gb  usbd_desc.o [1]
USBD_FS_DeviceDesc      0x200002c0   0x14  Data  Gb  usbd_desc.o [1]
USBD_FS_DeviceDescriptor
                        0x08005b59    0x8  Code  Gb  usbd_desc.o [1]
USBD_FS_InterfaceStrDescriptor
                        0x08005b9b    0xa  Code  Gb  usbd_desc.o [1]
USBD_FS_LangIDStrDescriptor
                        0x08005b61    0x8  Code  Gb  usbd_desc.o [1]
USBD_FS_ManufacturerStrDescriptor
                        0x08005b73    0x8  Code  Gb  usbd_desc.o [1]
USBD_FS_ProductStrDescriptor
                        0x08005b69    0xa  Code  Gb  usbd_desc.o [1]
USBD_FS_SerialStrDescriptor
                        0x08005b87    0xa  Code  Gb  usbd_desc.o [1]
USBD_GetDescriptor      0x080048d1   0xea  Code  Lc  usbd_ctlreq.o [1]
USBD_GetString          0x08004a07   0x44  Code  Gb  usbd_ctlreq.o [1]
USBD_HID                0x20000214   0x38  Data  Gb  usbd_hid.o [1]
USBD_HID_CfgDesc        0x2000024c   0x24  Data  Lc  usbd_hid.o [1]
USBD_HID_DataIn         0x080044a1    0xc  Code  Lc  usbd_hid.o [1]
USBD_HID_DeInit         0x080043bf   0x1e  Code  Lc  usbd_hid.o [1]
USBD_HID_Desc           0x200000fc    0xc  Data  Lc  usbd_hid.o [1]
USBD_HID_DeviceQualifierDesc
                        0x200002d4    0xc  Data  Lc  usbd_hid.o [1]
USBD_HID_GetCfgDesc     0x08004499    0x8  Code  Lc  usbd_hid.o [1]
USBD_HID_GetDeviceQualifierDesc
                        0x080044ad    0x8  Code  Lc  usbd_hid.o [1]
USBD_HID_Init           0x08004399   0x26  Code  Lc  usbd_hid.o [1]
USBD_HID_SendReport     0x08004473   0x26  Code  Gb  usbd_hid.o [1]
USBD_HID_Setup          0x080043dd   0x96  Code  Lc  usbd_hid.o [1]
USBD_Init               0x08004c65   0x34  Code  Gb  usbd_core.o [1]
USBD_LL_ClearStallEP    0x08004643    0xe  Code  Gb  usbd_conf.o [1]
USBD_LL_CloseEP         0x08004627    0xe  Code  Gb  usbd_conf.o [1]
USBD_LL_DataInStage     0x08004dad   0x90  Code  Gb  usbd_core.o [1]
USBD_LL_DataOutStage    0x08004d47   0x66  Code  Gb  usbd_core.o [1]
USBD_LL_DevConnected    0x08004ec1    0x4  Code  Gb  usbd_core.o [1]
USBD_LL_DevDisconnected
                        0x08004ec5   0x12  Code  Gb  usbd_core.o [1]
USBD_LL_Init            0x08004599   0x5e  Code  Gb  usbd_conf.o [1]
USBD_LL_IsStallEP       0x08004651   0x1e  Code  Gb  usbd_conf.o [1]
USBD_LL_IsoINIncomplete
                        0x08004eb9    0x4  Code  Gb  usbd_core.o [1]
USBD_LL_IsoOUTIncomplete
                        0x08004ebd    0x4  Code  Gb  usbd_core.o [1]
USBD_LL_OpenEP          0x08004613   0x14  Code  Gb  usbd_conf.o [1]
USBD_LL_PrepareReceive  0x0800468b    0xe  Code  Gb  usbd_conf.o [1]
USBD_LL_Reset           0x08004e3d   0x42  Code  Gb  usbd_core.o [1]
USBD_LL_Resume          0x08004e91    0x4  Code  Gb  usbd_core.o [1]
USBD_LL_SOF             0x08004e9d   0x1c  Code  Gb  usbd_core.o [1]
USBD_LL_SetSpeed        0x08004e7f    0x6  Code  Gb  usbd_core.o [1]
USBD_LL_SetUSBAddress   0x0800466f    0xe  Code  Gb  usbd_conf.o [1]
USBD_LL_SetupStage      0x08004cef   0x58  Code  Gb  usbd_core.o [1]
USBD_LL_StallEP         0x08004635    0xe  Code  Gb  usbd_conf.o [1]
USBD_LL_Start           0x08004605    0xe  Code  Gb  usbd_conf.o [1]
USBD_LL_Suspend         0x08004e85    0xc  Code  Gb  usbd_core.o [1]
USBD_LL_Transmit        0x0800467d    0xe  Code  Gb  usbd_conf.o [1]
USBD_LangIDDesc         0x200002e8    0x4  Data  Gb  usbd_desc.o [1]
USBD_ParseSetupRequest  0x080049c9   0x28  Code  Gb  usbd_ctlreq.o [1]
USBD_RegisterClass      0x08004c99   0x1a  Code  Gb  usbd_core.o [1]
USBD_SetClassConfig     0x08004ccf   0x16  Code  Gb  usbd_core.o [1]
USBD_Start              0x08004cc5    0xa  Code  Gb  usbd_core.o [1]
USBD_StdDevReq          0x08004699  0x13c  Code  Gb  usbd_ctlreq.o [1]
USBD_StdEPReq           0x08004811   0xbe  Code  Gb  usbd_ctlreq.o [1]
USBD_StdItfReq          0x080047d9   0x32  Code  Gb  usbd_ctlreq.o [1]
USBD_StrDesc            0x200008c4  0x200  Data  Gb  usbd_desc.o [1]
USB_ActivateEndpoint    0x080036d5   0x78  Code  Gb  stm32f4xx_ll_usb.o [1]
USB_ActivateSetup       0x08003c71   0x2e  Code  Gb  stm32f4xx_ll_usb.o [1]
USB_CoreInit            0x080034a1   0x6e  Code  Gb  stm32f4xx_ll_usb.o [1]
USB_CoreReset           0x08003ccf   0x2a  Code  Lc  stm32f4xx_ll_usb.o [1]
USB_DeactivateEndpoint  0x0800374d   0x4a  Code  Gb  stm32f4xx_ll_usb.o [1]
USB_DevConnect          0x08003be9    0xe  Code  Gb  stm32f4xx_ll_usb.o [1]
USB_DevDisconnect       0x08003bf7    0xc  Code  Gb  stm32f4xx_ll_usb.o [1]
USB_DevInit             0x08003549  0x11a  Code  Gb  stm32f4xx_ll_usb.o [1]
USB_DisableGlobalInt    0x08003517    0x6  Code  Gb  stm32f4xx_ll_usb.o [1]
USB_EP0StartXfer        0x080039a7   0xd4  Code  Gb  stm32f4xx_ll_usb.o [1]
USB_EP0_OutStart        0x08003c9f   0x30  Code  Gb  stm32f4xx_ll_usb.o [1]
USB_EPClearStall        0x08003b73   0x5a  Code  Gb  stm32f4xx_ll_usb.o [1]
USB_EPSetStall          0x08003b25   0x4e  Code  Gb  stm32f4xx_ll_usb.o [1]
USB_EPStartXfer         0x080037a3  0x1d8  Code  Gb  stm32f4xx_ll_usb.o [1]
USB_EnableGlobalInt     0x0800350f    0x8  Code  Gb  stm32f4xx_ll_usb.o [1]
USB_FlushRxFifo         0x08003681   0x1a  Code  Gb  stm32f4xx_ll_usb.o [1]
USB_FlushTxFifo         0x08003663   0x1e  Code  Gb  stm32f4xx_ll_usb.o [1]
USB_GetDevSpeed         0x080036a1   0x34  Code  Gb  stm32f4xx_ll_usb.o [1]
USB_GetMode             0x08003c69    0x8  Code  Gb  stm32f4xx_ll_usb.o [1]
USB_ReadDevAllInEpInterrupt
                        0x08003c25    0xe  Code  Gb  stm32f4xx_ll_usb.o [1]
USB_ReadDevAllOutEpInterrupt
                        0x08003c17    0xe  Code  Gb  stm32f4xx_ll_usb.o [1]
USB_ReadDevInEPInterrupt
                        0x08003c47   0x22  Code  Gb  stm32f4xx_ll_usb.o [1]
USB_ReadDevOutEPInterrupt
                        0x08003c33   0x14  Code  Gb  stm32f4xx_ll_usb.o [1]
USB_ReadInterrupts      0x08003c0f    0x8  Code  Gb  stm32f4xx_ll_usb.o [1]
USB_ReadPacket          0x08003b01   0x24  Code  Gb  stm32f4xx_ll_usb.o [1]
USB_SetCurrentMode      0x08003523   0x26  Code  Gb  stm32f4xx_ll_usb.o [1]
USB_SetDevAddress       0x08003bcd   0x12  Code  Gb  stm32f4xx_ll_usb.o [1]
USB_SetDevSpeed         0x0800369b    0x6  Code  Gb  stm32f4xx_ll_usb.o [1]
USB_WritePacket         0x08003ad5   0x2c  Code  Gb  stm32f4xx_ll_usb.o [1]
_Close_all              0x08005df5   0x58  Code  Gb  xcloseall.o [3]
_EncodingSb_Mbtowc      0x0800337f   0x30  Code  Gb  xencoding_sb.o [3]
_EncodingSb_Wctomb      0x08003365   0x1a  Code  Gb  xencoding_sb.o [3]
_Files                  0x20000270   0x20  Data  Gb  xfiles.o [3]
_Fofree                 0x08005ccd   0x78  Code  Gb  xfofind.o [3]
_Fspos                  0x0800574d   0xd6  Code  Gb  xfspos.o [3]
_Fwprep                 0x08005a7f   0xb6  Code  Gb  xfwprep.o [3]
_GenldFull              0x08002643  0x24c  Code  Lc  xprintffull.o [3]
_IsdstStr               0x2000008c    0x4  Data  Gb  setlocale.o [3]
_LdtobFull              0x08002241  0x3fc  Code  Lc  xprintffull.o [3]
_LitobFull              0x08002139  0x106  Code  Lc  xprintffull.o [3]
_LocaleEncoding         0x08003351    0xe  Code  Gb  setlocale.o [3]
_LocaleReturnString     0x200000ac   0x50  Data  Lc  setlocale.o [3]
_Locale_Profile         0x20000090   0x1c  Data  Gb  setlocale.o [3]
_Locale_aeabi_lconv     0x20000050   0x38  Data  Gb  localeconv.o [3]
_Locale_lconv           0x20000000   0x50  Data  Gb  localeconv.o [3]
_Mbtowc                 0x080028d9   0x20  Code  Gb  xmbtowc.o [3]
_Nnl                    0x080058d5    0xc  Code  Gb  xfgpos.o [3]
_PrintfFull             0x08001789  0x618  Code  Gb  xprintffull.o [3]
_Prout                  0x08005fbb   0x16  Code  Gb  xprout.o [3]
_PutcharsFull           0x0800288f   0x2e  Code  Lc  xprintffull.o [3]
_PutstrFull             0x08001e27  0x30c  Code  Lc  xprintffull.o [3]
_TzoneStr               0x20000088    0x4  Data  Gb  setlocale.o [3]
_Wctomb                 0x080029ab   0x1a  Code  Gb  xwctomb.o [3]
__aeabi_cdcmple         0x08002b6d         Code  Gb  DblCmpLe.o [4]
__aeabi_cdrcmple        0x08002b9d         Code  Gb  DblCmpGe.o [4]
__aeabi_d2iz            0x08002ce1         Code  Gb  DblToI32.o [4]
__aeabi_d2uiz           0x08002d0d         Code  Gb  DblToI32.o [4]
__aeabi_ddiv            0x0800308d         Code  Gb  DblDiv.o [4]
__aeabi_dmul            0x08002ee9         Code  Gb  DblMul.o [4]
__aeabi_dsub            0x08002d69         Code  Gb  DblSub.o [4]
__aeabi_errno_addr      0x0800592d    0x6  Code  Gb  errno.o [3]
__aeabi_i2d             0x08002d39         Code  Gb  I32ToDbl.o [4]
__aeabi_ldiv0           0x080033c5         Code  Gb  I64DivZer.o [5]
__aeabi_ui2d            0x08002d4d         Code  Gb  I32ToDbl.o [4]
__aeabi_uldivmod        0x08002a3d         Code  Gb  I64DivMod.o [5]
__cexit_closeall        0x08005faf         Code  Gb  cexit.o [5]
__close                 0x08005dc3   0x1a  Code  Gb  close.o [6]
__cmain                 0x08005f89         Code  Gb  cmain.o [5]
__cstart_closeall       0x08006180         Data  Gb  cstart_closeall.o [5]
__data_GetMemChunk      0x080016d5   0x2c  Code  Gb  xgetmemchunk.o [3]
__dwrite                0x0800594d   0x1e  Code  Gb  dwrite.o [6]
__exit                  0x08001701   0x14  Code  Gb  exit.o [6]
__iar_Dnorm             0x08002b2b   0x42  Code  Gb  xdnorm.o [4]
__iar_Dscale            0x08002bcd  0x114  Code  Gb  xdscale.o [4]
__iar_Errno             0x200002ec    0x4  Data  Gb  errno.o [3]
__iar_Locale_lconv_init
                        0x080032d5   0x3a  Code  Gb  localeconv.o [3]
__iar_Lockfilelock      0x08005939    0x2  Code  Gb  xsyslock_nop.o [3]
__iar_Mbcurmax          0x080029a1    0xa  Code  Gb  xmbcurmax.o [3]
__iar_Memchr            0x08002949         Code  Gb  memchr.o [5]
__iar_Stderr            0x200001d4   0x40  Data  Gb  xfiles.o [3]
__iar_Stdin             0x20000154   0x40  Data  Gb  xfiles.o [3]
__iar_Stdout            0x20000194   0x40  Data  Gb  xfiles.o [3]
__iar_Strchr            0x080028f9         Code  Gb  strchr.o [5]
__iar_Unlockfilelock    0x0800593b    0x2  Code  Gb  xsyslock_nop.o [3]
__iar_close_ttio        0x08001715   0x2e  Code  Gb  iarttio.o [6]
__iar_d2uiz             0x08002d19         Code  Gb  DblToI32.o [4]
__iar_dadd              0x080033c9         Code  Gb  DblAdd.o [4]
__iar_data_init3        0x08005ef5   0x28  Code  Gb  data_init.o [5]
__iar_dlfree            0x08001193  0x510  Code  Gb  dlmalloc.o [3]
__iar_dlib_perthread_access
                        0x0800349d    0x2  Code  Gb  xtls.o [3]
__iar_dlmalloc          0x08000edd  0x2aa  Code  Gb  dlmalloc.o [3]
__iar_dsub              0x08002d7d         Code  Gb  DblSub.o [4]
__iar_dsubStart         0x08002d8f         Code  Gb  DblSub.o [4]
__iar_get_ttio          0x08001745   0x38  Code  Gb  iarttio.o [6]
__iar_init_vfp          0x08005f1d         Code  Gb  fpinit_M.o [4]
__iar_lookup_ttioh      0x08001781    0x8  Code  Gb  XShttio.o [3]
__iar_packbits_init3    0x080059cf   0xb0  Code  Gb  packbits_init.o [5]
__iar_program_start     0x08005fed         Code  Gb  cstartup_M.o [5]
__iar_sh_Discard        0x0800566d   0x44  Code  Gb  XShHandles.o [3]
__iar_sh_Move           0x080056b7   0x4c  Code  Gb  XShHandles.o [3]
__iar_sh_Pos            0x08005703   0x44  Code  Gb  XShHandles.o [3]
__iar_sh_stdout         0x0800596b   0x20  Code  Gb  iarwstd.o [6]
__iar_sh_write          0x0800598b   0x22  Code  Gb  iarwrite.o [6]
__iar_ttio_handles      0x200002e0    0x8  Data  Lc  XShttio.o [3]
__iar_ui2d              0x08002d51         Code  Gb  I32ToDbl.o [4]
__iar_unaligned___aeabi_memcpy
                        0x080029c5         Code  Gb  ABImemcpy_unaligned.o [5]
__iar_unaligned___aeabi_memcpy4
                        0x080029e5         Code  Gb  ABImemcpy_unaligned.o [5]
__iar_unaligned___aeabi_memcpy8
                        0x080029e5         Code  Gb  ABImemcpy_unaligned.o [5]
__iar_zero_init3        0x080016b3   0x22  Code  Gb  zero_init3.o [5]
__low_level_init        0x08005fa3    0x4  Code  Gb  low_level_init.o [3]
__lseek                 0x080058e1   0x4c  Code  Gb  lseek.o [6]
__vector_table          0x08000000         Data  Gb  startup_stm32f439xx.o [1]
__write                 0x0800593d   0x10  Code  Gb  write.o [6]
_call_main              0x08005f95         Code  Gb  cmain.o [5]
_exit                   0x08005fad         Code  Gb  cexit.o [5]
_gm_                    0x20000ac4  0x1d8  Data  Lc  dlmalloc.o [3]
_main                   0x08005f9f         Code  Gb  cmain.o [5]
abort                   0x080016ad    0x6  Code  Gb  abort.o [3]
div                     0x08003341    0xe  Code  Gb  div.o [3]
ebuf                    0x20000d1c   0x50  Data  Lc  xfiles.o [3]
exit                    0x08005fa7    0x4  Code  Gb  exit.o [3]
fclose                  0x08005d49   0x7a  Code  Gb  fclose.o [3]
fflush                  0x0800589b   0x34  Code  Gb  fflush.o [3]
fflushOne               0x08005825   0x76  Code  Lc  fflush.o [3]
fputc                   0x08005e4d   0x56  Code  Gb  fputc.o [3]
fseek                   0x08005b35   0x22  Code  Gb  fseek.o [3]
hUsbDeviceFS            0x200006a0  0x224  Data  Gb  usb_device.o [1]
hpcd_USB_OTG_FS         0x200002f0  0x3b0  Data  Gb  usbd_conf.o [1]
init_mparams            0x080001c7   0x32  Code  Lc  dlmalloc.o [3]
init_top                0x080001f9   0x34  Code  Lc  dlmalloc.o [3]
localeconv              0x0800330f   0x16  Code  Gb  localeconv.o [3]
main                    0x08005c09   0x26  Code  Gb  main.o [1]
memchr                  0x08002949         Code  Gb  memchr.o [5]
mparams                 0x20000dbc   0x18  Data  Lc  dlmalloc.o [3]
obuf                    0x20000d6c   0x50  Data  Lc  xfiles.o [3]
prepend_alloc           0x0800022d  0x36e  Code  Lc  dlmalloc.o [3]
printf                  0x08005649   0x24  Code  Gb  printf.o [3]
putchar                 0x08005fd1    0xc  Code  Gb  putchar.o [3]
remove                  0x08005ddd   0x16  Code  Gb  remove.o [6]
sFileInfo               0x20000c9c   0x80  Data  Lc  XShHandles.o [3]
segment_holding         0x080001ad   0x1a  Code  Lc  dlmalloc.o [3]
strchr                  0x080028f9         Code  Gb  strchr.o [5]
strlen                  0x08002911         Code  Gb  strlen.o [5]
sys_alloc               0x0800059b  0x38c  Code  Lc  dlmalloc.o [3]
tmalloc_large           0x08000935  0x398  Code  Lc  dlmalloc.o [3]
tmalloc_small           0x08000ccd  0x210  Code  Lc  dlmalloc.o [3]
uwTick                  0x20000de0    0x4  Data  Lc  stm32f4xx_hal.o [1]


[1] = C:\Users\gharbin\Desktop\My Work\my workspaces\Validation_Projects\USBD_HID\Project\Projects\EWARM\Project Configuration\Obj
[2] = command line
[3] = dl7M_tlf.a
[4] = m7M_tlv.a
[5] = rt7M_tl.a
[6] = shb_l.a

  24 914 bytes of readonly  code memory
     423 bytes of readonly  data memory
  19 945 bytes of readwrite data memory

Errors: none
Warnings: none
