###############################################################################
#                                                                             #
# IAR ELF Linker V6.70.1.5641/W32 for ARM               11/Oct/2014  19:12:51 #
# Copyright 2007-2013 IAR Systems AB.                                         #
#                                                                             #
#    Output file  =  F:\workspaces\Two_Boards_PWM_IO\Timer_F4_PWM_Input\Proje #
#                    cts\EWARM\Timer_F4_PWM_Input                             #
#                    Configuration\Exe\Timer_F4_PWM_Input Configuration.out   #
#    Map file     =  F:\workspaces\Two_Boards_PWM_IO\Timer_F4_PWM_Input\Proje #
#                    cts\EWARM\Timer_F4_PWM_Input                             #
#                    Configuration/List\Timer_F4_PWM_Input Configuration.map  #
#    Command line =  "F:\workspaces\Two_Boards_PWM_IO\Timer_F4_PWM_Input\Proj #
#                    ects\EWARM\Timer_F4_PWM_Input Configuration\Obj\main.o"  #
#                    "F:\workspaces\Two_Boards_PWM_IO\Timer_F4_PWM_Input\Proj #
#                    ects\EWARM\Timer_F4_PWM_Input                            #
#                    Configuration\Obj\startup_stm32f417xx.o"                 #
#                    "F:\workspaces\Two_Boards_PWM_IO\Timer_F4_PWM_Input\Proj #
#                    ects\EWARM\Timer_F4_PWM_Input                            #
#                    Configuration\Obj\stm32f4xx_hal.o"                       #
#                    "F:\workspaces\Two_Boards_PWM_IO\Timer_F4_PWM_Input\Proj #
#                    ects\EWARM\Timer_F4_PWM_Input                            #
#                    Configuration\Obj\stm32f4xx_hal_cortex.o"                #
#                    "F:\workspaces\Two_Boards_PWM_IO\Timer_F4_PWM_Input\Proj #
#                    ects\EWARM\Timer_F4_PWM_Input                            #
#                    Configuration\Obj\stm32f4xx_hal_dma.o"                   #
#                    "F:\workspaces\Two_Boards_PWM_IO\Timer_F4_PWM_Input\Proj #
#                    ects\EWARM\Timer_F4_PWM_Input                            #
#                    Configuration\Obj\stm32f4xx_hal_dma_ex.o"                #
#                    "F:\workspaces\Two_Boards_PWM_IO\Timer_F4_PWM_Input\Proj #
#                    ects\EWARM\Timer_F4_PWM_Input                            #
#                    Configuration\Obj\stm32f4xx_hal_flash.o"                 #
#                    "F:\workspaces\Two_Boards_PWM_IO\Timer_F4_PWM_Input\Proj #
#                    ects\EWARM\Timer_F4_PWM_Input                            #
#                    Configuration\Obj\stm32f4xx_hal_flash_ex.o"              #
#                    "F:\workspaces\Two_Boards_PWM_IO\Timer_F4_PWM_Input\Proj #
#                    ects\EWARM\Timer_F4_PWM_Input                            #
#                    Configuration\Obj\stm32f4xx_hal_flash_ramfunc.o"         #
#                    "F:\workspaces\Two_Boards_PWM_IO\Timer_F4_PWM_Input\Proj #
#                    ects\EWARM\Timer_F4_PWM_Input                            #
#                    Configuration\Obj\stm32f4xx_hal_gpio.o"                  #
#                    "F:\workspaces\Two_Boards_PWM_IO\Timer_F4_PWM_Input\Proj #
#                    ects\EWARM\Timer_F4_PWM_Input                            #
#                    Configuration\Obj\stm32f4xx_hal_msp.o"                   #
#                    "F:\workspaces\Two_Boards_PWM_IO\Timer_F4_PWM_Input\Proj #
#                    ects\EWARM\Timer_F4_PWM_Input                            #
#                    Configuration\Obj\stm32f4xx_hal_pwr.o"                   #
#                    "F:\workspaces\Two_Boards_PWM_IO\Timer_F4_PWM_Input\Proj #
#                    ects\EWARM\Timer_F4_PWM_Input                            #
#                    Configuration\Obj\stm32f4xx_hal_pwr_ex.o"                #
#                    "F:\workspaces\Two_Boards_PWM_IO\Timer_F4_PWM_Input\Proj #
#                    ects\EWARM\Timer_F4_PWM_Input                            #
#                    Configuration\Obj\stm32f4xx_hal_rcc.o"                   #
#                    "F:\workspaces\Two_Boards_PWM_IO\Timer_F4_PWM_Input\Proj #
#                    ects\EWARM\Timer_F4_PWM_Input                            #
#                    Configuration\Obj\stm32f4xx_hal_rcc_ex.o"                #
#                    "F:\workspaces\Two_Boards_PWM_IO\Timer_F4_PWM_Input\Proj #
#                    ects\EWARM\Timer_F4_PWM_Input                            #
#                    Configuration\Obj\stm32f4xx_hal_tim.o"                   #
#                    "F:\workspaces\Two_Boards_PWM_IO\Timer_F4_PWM_Input\Proj #
#                    ects\EWARM\Timer_F4_PWM_Input                            #
#                    Configuration\Obj\stm32f4xx_hal_tim_ex.o"                #
#                    "F:\workspaces\Two_Boards_PWM_IO\Timer_F4_PWM_Input\Proj #
#                    ects\EWARM\Timer_F4_PWM_Input                            #
#                    Configuration\Obj\stm32f4xx_it.o"                        #
#                    "F:\workspaces\Two_Boards_PWM_IO\Timer_F4_PWM_Input\Proj #
#                    ects\EWARM\Timer_F4_PWM_Input                            #
#                    Configuration\Obj\system_stm32f4xx.o" --redirect         #
#                    _Printf=_PrintfFull --redirect _Scanf=_ScanfFull -o      #
#                    "F:\workspaces\Two_Boards_PWM_IO\Timer_F4_PWM_Input\Proj #
#                    ects\EWARM\Timer_F4_PWM_Input                            #
#                    Configuration\Exe\Timer_F4_PWM_Input Configuration.out"  #
#                    --map "F:\workspaces\Two_Boards_PWM_IO\Timer_F4_PWM_Inpu #
#                    t\Projects\EWARM\Timer_F4_PWM_Input                      #
#                    Configuration/List\Timer_F4_PWM_Input                    #
#                    Configuration.map" --config "C:\Program Files (x86)\IAR  #
#                    Systems\Embedded Workbench 7.0_2\arm\config\linker\ST\st #
#                    m32f417xG.icf" --semihosting --entry                     #
#                    __iar_program_start --vfe                                #
#                                                                             #
#                                                                             #
###############################################################################

*******************************************************************************
*** RUNTIME MODEL ATTRIBUTES
***

CppFlavor                     = *
__Heap_Handler                = Basic
__SystemLibrary               = DLib
__dlib_dynamic_initialization = normal


*******************************************************************************
*** PLACEMENT SUMMARY
***

"A1":  place at 0x08000000 { ro section .intvec };
"P1":  place in [from 0x08000000 to 0x080fffff] { ro };
"P2":  place in [from 0x20000000 to 0x2001ffff] { rw, block CSTACK, block HEAP };

  Section             Kind        Address    Size  Object
  -------             ----        -------    ----  ------
"A1":                                       0x188
  .intvec             ro code  0x08000000   0x188  startup_stm32f417xx.o [1]
                             - 0x08000188   0x188

"P1":                                      0x4b30
  .text               ro code  0x08000188  0x124c  stm32f4xx_hal_tim.o [1]
  .text               ro code  0x080013d4    0x70  stm32f4xx_hal_msp.o [1]
  .text               ro code  0x08001444   0x178  main.o [1]
  .text               ro code  0x080015bc   0x178  stm32f4xx_hal_tim_ex.o [1]
  .text               ro code  0x08001734   0x190  stm32f4xx_hal_cortex.o [1]
  .text               ro code  0x080018c4   0x31c  stm32f4xx_hal_gpio.o [1]
  .text               ro code  0x08001be0    0x6c  stm32f4xx_hal.o [1]
  .text               ro code  0x08001c4c   0x710  stm32f4xx_hal_rcc.o [1]
  .text               ro code  0x0800235c    0x24  printf.o [3]
  .text               ro code  0x08002380  0x1150  xprintffull.o [3]
  .text               ro code  0x080034d0    0x20  xmbtowc.o [3]
  .text               ro code  0x080034f0    0x16  strchr.o [5]
  .text               ro code  0x08003506    0x22  zero_init3.o [5]
  .text               ro code  0x08003528    0x36  strlen.o [5]
  .text               ro code  0x08003560    0x58  memchr.o [5]
  .text               ro code  0x080035b8     0xa  xmbcurmax.o [3]
  .text               ro code  0x080035c4    0xb0  xxmemxmalloc.o [3]
  .text               ro code  0x08003674    0x1a  xwctomb.o [3]
  .text               ro code  0x08003690    0x76  ABImemcpy_unaligned.o [5]
  .text               ro code  0x08003708    0x80  xxmemxfree.o [3]
  .text               ro code  0x08003788    0xee  I64DivMod.o [5]
  .text               ro code  0x08003876    0x42  xdnorm.o [4]
  .text               ro code  0x080038b8    0x2e  DblCmpLe.o [4]
  .text               ro code  0x080038e8    0x2e  DblCmpGe.o [4]
  .text               ro code  0x08003918   0x114  xdscale.o [4]
  .text               ro code  0x08003a2c    0x58  DblToI32.o [4]
  .text               ro code  0x08003a84    0x30  I32ToDbl.o [4]
  .text               ro code  0x08003ab4   0x180  DblSub.o [4]
  .text               ro code  0x08003c34   0x1a2  DblMul.o [4]
  .text               ro code  0x08003dd8   0x246  DblDiv.o [4]
  .text               ro code  0x08004020    0x6c  localeconv.o [3]
  .text               ro code  0x0800408c     0xe  div.o [3]
  .text               ro code  0x0800409c    0x14  setlocale.o [3]
  .text               ro code  0x080040b0    0x60  xencoding_sb.o [3]
  .text               ro code  0x08004110    0x2c  xgetmemchunk.o [3]
  .text               ro code  0x0800413c     0x2  I64DivZer.o [5]
  .text               ro code  0x08004140    0xd4  DblAdd.o [4]
  .text               ro code  0x08004214     0x2  xtls.o [3]
  .text               ro code  0x08004218    0xe0  XShHandles.o [3]
  .text               ro code  0x080042f8    0xd6  xfspos.o [3]
  .text               ro code  0x080043d0    0xb0  fflush.o [3]
  .text               ro code  0x08004480     0xc  xfgpos.o [3]
  .text               ro code  0x0800448c    0x4c  lseek.o [6]
  .text               ro code  0x080044d8     0xc  errno.o [3]
  .text               ro code  0x080044e4     0x4  xsyslock_nop.o [3]
  .text               ro code  0x080044e8    0x10  write.o [6]
  .text               ro code  0x080044f8    0x1e  dwrite.o [6]
  .text               ro code  0x08004516    0x20  iarwstd.o [6]
  .text               ro code  0x08004536    0x22  iarwrite.o [6]
  .text               ro code  0x08004558    0x6c  iarttio.o [6]
  .text               ro code  0x080045c4     0x8  XShttio.o [3]
  .text               ro code  0x080045cc    0xd2  packbits_init.o [5]
  .text               ro code  0x0800469e     0x6  abort.o [3]
  .text               ro code  0x080046a4    0x14  exit.o [6]
  .text               ro code  0x080046b8    0xb6  xfwprep.o [3]
  .text               ro code  0x0800476e    0x22  fseek.o [3]
  .text               ro code  0x08004790    0x7c  xfofind.o [3]
  .text               ro code  0x0800480c    0x7a  fclose.o [3]
  .text               ro code  0x08004886    0x1a  close.o [6]
  .text               ro code  0x080048a0    0x16  remove.o [6]
  .text               ro code  0x080048b8    0x58  xcloseall.o [3]
  .text               ro code  0x08004910    0x56  fputc.o [3]
  .text               ro code  0x08004968    0x50  system_stm32f4xx.o [1]
  .text               ro code  0x080049b8    0x28  data_init.o [5]
  .text               ro code  0x080049e0    0x22  fpinit_M.o [4]
  .iar.init_table     const    0x08004a04    0x2c  - Linker created -
  .text               ro code  0x08004a30    0x1a  cmain.o [5]
  .text               ro code  0x08004a4a     0x4  low_level_init.o [3]
  .text               ro code  0x08004a4e     0x4  exit.o [3]
  .text               ro code  0x08004a54     0xe  cexit.o [5]
  .text               ro code  0x08004a64    0x18  stm32f4xx_it.o [1]
  .text               ro code  0x08004a7c    0x16  xprout.o [3]
  .text               ro code  0x08004a94     0xc  putchar.o [3]
  .text               ro code  0x08004aa0    0x10  startup_stm32f417xx.o [1]
  .text               ro code  0x08004ab0     0xc  cstartup_M.o [5]
  .text               ro code  0x08004abc     0x4  startup_stm32f417xx.o [1]
  .text               ro code  0x08004ac0     0x4  startup_stm32f417xx.o [1]
  .text               ro code  0x08004ac4     0x4  startup_stm32f417xx.o [1]
  .text               ro code  0x08004ac8     0x4  startup_stm32f417xx.o [1]
  .text               ro code  0x08004acc     0x4  startup_stm32f417xx.o [1]
  .text               ro code  0x08004ad0     0x4  startup_stm32f417xx.o [1]
  .text               ro code  0x08004ad4     0x4  startup_stm32f417xx.o [1]
  .text               ro code  0x08004ad8     0x4  startup_stm32f417xx.o [1]
  .text               ro code  0x08004adc     0x4  startup_stm32f417xx.o [1]
  .text               ro code  0x08004ae0     0x4  startup_stm32f417xx.o [1]
  .text               ro code  0x08004ae4     0x4  startup_stm32f417xx.o [1]
  .text               ro code  0x08004ae8     0x4  startup_stm32f417xx.o [1]
  .text               ro code  0x08004aec     0x4  startup_stm32f417xx.o [1]
  .text               ro code  0x08004af0     0x4  startup_stm32f417xx.o [1]
  .text               ro code  0x08004af4     0x4  startup_stm32f417xx.o [1]
  .text               ro code  0x08004af8     0x4  startup_stm32f417xx.o [1]
  .text               ro code  0x08004afc     0x4  startup_stm32f417xx.o [1]
  .text               ro code  0x08004b00     0x4  startup_stm32f417xx.o [1]
  .text               ro code  0x08004b04     0x4  startup_stm32f417xx.o [1]
  .text               ro code  0x08004b08     0x4  startup_stm32f417xx.o [1]
  .text               ro code  0x08004b0c     0x4  startup_stm32f417xx.o [1]
  .text               ro code  0x08004b10     0x4  startup_stm32f417xx.o [1]
  .text               ro code  0x08004b14     0x4  startup_stm32f417xx.o [1]
  .text               ro code  0x08004b18     0x4  startup_stm32f417xx.o [1]
  .text               ro code  0x08004b1c     0x4  startup_stm32f417xx.o [1]
  .text               ro code  0x08004b20     0x4  startup_stm32f417xx.o [1]
  .text               ro code  0x08004b24     0x4  startup_stm32f417xx.o [1]
  .text               ro code  0x08004b28     0x4  startup_stm32f417xx.o [1]
  .text               ro code  0x08004b2c     0x4  startup_stm32f417xx.o [1]
  .text               ro code  0x08004b30     0x4  startup_stm32f417xx.o [1]
  .text               ro code  0x08004b34     0x4  startup_stm32f417xx.o [1]
  .text               ro code  0x08004b38     0x4  startup_stm32f417xx.o [1]
  .text               ro code  0x08004b3c     0x4  startup_stm32f417xx.o [1]
  .text               ro code  0x08004b40     0x4  startup_stm32f417xx.o [1]
  .text               ro code  0x08004b44     0x4  startup_stm32f417xx.o [1]
  .text               ro code  0x08004b48     0x4  startup_stm32f417xx.o [1]
  .text               ro code  0x08004b4c     0x4  startup_stm32f417xx.o [1]
  .text               ro code  0x08004b50     0x4  startup_stm32f417xx.o [1]
  .text               ro code  0x08004b54     0x4  startup_stm32f417xx.o [1]
  .text               ro code  0x08004b58     0x4  startup_stm32f417xx.o [1]
  .text               ro code  0x08004b5c     0x4  startup_stm32f417xx.o [1]
  .text               ro code  0x08004b60     0x4  startup_stm32f417xx.o [1]
  .text               ro code  0x08004b64     0x4  startup_stm32f417xx.o [1]
  .text               ro code  0x08004b68     0x4  startup_stm32f417xx.o [1]
  .text               ro code  0x08004b6c     0x4  startup_stm32f417xx.o [1]
  .text               ro code  0x08004b70     0x4  startup_stm32f417xx.o [1]
  .text               ro code  0x08004b74     0x4  startup_stm32f417xx.o [1]
  .text               ro code  0x08004b78     0x4  startup_stm32f417xx.o [1]
  .text               ro code  0x08004b7c     0x4  startup_stm32f417xx.o [1]
  .text               ro code  0x08004b80     0x4  startup_stm32f417xx.o [1]
  .text               ro code  0x08004b84     0x4  startup_stm32f417xx.o [1]
  .text               ro code  0x08004b88     0x4  startup_stm32f417xx.o [1]
  .text               ro code  0x08004b8c     0x4  startup_stm32f417xx.o [1]
  .text               ro code  0x08004b90     0x4  startup_stm32f417xx.o [1]
  .text               ro code  0x08004b94     0x4  startup_stm32f417xx.o [1]
  .text               ro code  0x08004b98     0x4  startup_stm32f417xx.o [1]
  .text               ro code  0x08004b9c     0x4  startup_stm32f417xx.o [1]
  .text               ro code  0x08004ba0     0x4  startup_stm32f417xx.o [1]
  .text               ro code  0x08004ba4     0x4  startup_stm32f417xx.o [1]
  .text               ro code  0x08004ba8     0x4  startup_stm32f417xx.o [1]
  .text               ro code  0x08004bac     0x4  startup_stm32f417xx.o [1]
  .text               ro code  0x08004bb0     0x4  startup_stm32f417xx.o [1]
  .text               ro code  0x08004bb4     0x4  startup_stm32f417xx.o [1]
  .text               ro code  0x08004bb8     0x4  startup_stm32f417xx.o [1]
  .text               ro code  0x08004bbc     0x4  startup_stm32f417xx.o [1]
  .text               ro code  0x08004bc0     0x4  startup_stm32f417xx.o [1]
  .text               ro code  0x08004bc4     0x4  startup_stm32f417xx.o [1]
  .text               ro code  0x08004bc8     0x4  startup_stm32f417xx.o [1]
  .text               ro code  0x08004bcc     0x4  startup_stm32f417xx.o [1]
  .text               ro code  0x08004bd0     0x4  startup_stm32f417xx.o [1]
  .text               ro code  0x08004bd4     0x4  startup_stm32f417xx.o [1]
  .text               ro code  0x08004bd8     0x4  startup_stm32f417xx.o [1]
  .text               ro code  0x08004bdc     0x4  startup_stm32f417xx.o [1]
  .text               ro code  0x08004be0     0x4  startup_stm32f417xx.o [1]
  .text               ro code  0x08004be4     0x4  startup_stm32f417xx.o [1]
  .text               ro code  0x08004be8     0x4  startup_stm32f417xx.o [1]
  .text               ro code  0x08004bec     0x4  startup_stm32f417xx.o [1]
  .text               ro code  0x08004bf0     0x4  startup_stm32f417xx.o [1]
  .text               ro code  0x08004bf4     0x4  startup_stm32f417xx.o [1]
  .text               ro code  0x08004bf8     0x4  startup_stm32f417xx.o [1]
  .text               ro code  0x08004bfc     0x4  startup_stm32f417xx.o [1]
  .text               ro code  0x08004c00     0x4  startup_stm32f417xx.o [1]
  .text               ro code  0x08004c04     0x4  startup_stm32f417xx.o [1]
  .text               ro code  0x08004c08     0x4  startup_stm32f417xx.o [1]
  .text               ro code  0x08004c0c     0x4  startup_stm32f417xx.o [1]
  .text               ro code  0x08004c10     0x4  startup_stm32f417xx.o [1]
  .text               ro code  0x08004c14     0x4  startup_stm32f417xx.o [1]
  .text               ro code  0x08004c18     0x4  startup_stm32f417xx.o [1]
  .text               ro code  0x08004c1c     0x4  startup_stm32f417xx.o [1]
  .text               ro code  0x08004c20     0x0  cstart_closeall.o [5]
  .rodata             const    0x08004c20     0x0  zero_init3.o [5]
  .rodata             const    0x08004c20     0x0  packbits_init.o [5]
  Initializer bytes   ro data  0x08004c20    0x95  <for P2 s0>
                             - 0x08004cb5  0x4b2d

"P2", part 1 of 3:                          0x1fc
  P2 s0                        0x20000000   0x1fc  <Init block>
    __DLIB_PERTHREAD  inited   0x20000000    0x88  localeconv.o [3]
    __DLIB_PERTHREAD  inited   0x20000088    0x74  setlocale.o [3]
    .data             inited   0x200000fc    0x40  xfiles.o [3]
    .data             inited   0x2000013c    0x40  xfiles.o [3]
    .data             inited   0x2000017c    0x40  xfiles.o [3]
    .data             inited   0x200001bc    0x20  xfiles.o [3]
    .data             inited   0x200001dc    0x14  system_stm32f4xx.o [1]
    .data             inited   0x200001f0     0x8  XShttio.o [3]
    __DLIB_PERTHREAD  inited   0x200001f8     0x4  errno.o [3]
                             - 0x200001fc   0x1fc

"P2", part 2 of 3:                          0x174
  .bss                zero     0x200001fc    0x80  XShHandles.o [3]
  .bss                zero     0x2000027c    0x50  xfiles.o [3]
  .bss                zero     0x200002cc    0x50  xfiles.o [3]
  .bss                zero     0x2000031c    0x3c  main.o [1]
  .bss                zero     0x20000358     0x8  main.o [1]
  .bss                zero     0x20000360     0x8  xxmemxmalloc.o [3]
  .bss                zero     0x20000368     0x4  stm32f4xx_hal.o [1]
  .bss                zero     0x2000036c     0x4  xgetmemchunk.o [3]
                             - 0x20000370   0x174

"P2", part 3 of 3:                         0x4000
  CSTACK                       0x20000370  0x2000  <Block>
    CSTACK            uninit   0x20000370  0x2000  <Block tail>
  HEAP                         0x20002370  0x2000  <Block>
    HEAP              uninit   0x20002370  0x2000  <Block tail>
                             - 0x20004370  0x4000


*******************************************************************************
*** INIT TABLE
***

          Address     Size
          -------     ----
Zero (__iar_zero_init3)
    1 destination range, total size 0x174:
          0x200001fc  0x174

Copy/packbits (__iar_packbits_init3)
    1 source range, total size 0x95 (29% of destination):
          0x08004c20   0x95
    1 destination range, total size 0x1fc:
          0x20000000  0x1fc



*******************************************************************************
*** MODULE SUMMARY
***

    Module                  ro code  ro data  rw data
    ------                  -------  -------  -------
F:\workspaces\Two_Boards_PWM_IO\Timer_F4_PWM_Input\Projects\EWARM\Timer_F4_PWM_Input Configuration\Obj: [1]
    main.o                      376                68
    startup_stm32f417xx.o       764
    stm32f4xx_hal.o             108                 4
    stm32f4xx_hal_cortex.o      400
    stm32f4xx_hal_gpio.o        796
    stm32f4xx_hal_msp.o         112
    stm32f4xx_hal_rcc.o       1 808
    stm32f4xx_hal_tim.o       4 684
    stm32f4xx_hal_tim_ex.o      376
    stm32f4xx_it.o               24
    system_stm32f4xx.o           80        6       20
    -------------------------------------------------
    Total:                    9 528        6       92

command line: [2]
    -------------------------------------------------
    Total:

dl7M_tlf.a: [3]
    XShHandles.o                224               128
    XShttio.o                     8        2        8
    abort.o                       6
    div.o                        14
    errno.o                      12        2        4
    exit.o                        4
    fclose.o                    122
    fflush.o                    176
    fputc.o                      86
    fseek.o                      34
    localeconv.o                108       39      136
    low_level_init.o              4
    printf.o                     36
    putchar.o                    12
    setlocale.o                  20       34      116
    xcloseall.o                  88
    xencoding_sb.o               96
    xfgpos.o                     12
    xfiles.o                              66      384
    xfofind.o                   124
    xfspos.o                    214
    xfwprep.o                   182
    xgetmemchunk.o               44                 4
    xmbcurmax.o                  10
    xmbtowc.o                    32
    xprintffull.o             4 432
    xprout.o                     22
    xsyslock_nop.o                4
    xtls.o                        2
    xwctomb.o                    26
    xxmemxfree.o                128
    xxmemxmalloc.o              176                 8
    -------------------------------------------------
    Total:                    6 458      143      788

m7M_tlv.a: [4]
    DblAdd.o                    212
    DblCmpGe.o                   46
    DblCmpLe.o                   46
    DblDiv.o                    582
    DblMul.o                    418
    DblSub.o                    384
    DblToI32.o                   88
    I32ToDbl.o                   48
    fpinit_M.o                   34
    xdnorm.o                     66
    xdscale.o                   276
    -------------------------------------------------
    Total:                    2 200

rt7M_tl.a: [5]
    ABImemcpy_unaligned.o       118
    I64DivMod.o                 238
    I64DivZer.o                   2
    cexit.o                      14
    cmain.o                      26
    cstart_closeall.o
    cstartup_M.o                 12
    data_init.o                  40
    memchr.o                     88
    packbits_init.o             210
    strchr.o                     22
    strlen.o                     54
    zero_init3.o                 34
    -------------------------------------------------
    Total:                      858

shb_l.a: [6]
    close.o                      26
    dwrite.o                     30
    exit.o                       20
    iarttio.o                   108
    iarwrite.o                   34
    iarwstd.o                    32
    lseek.o                      76
    remove.o                     22
    write.o                      16
    -------------------------------------------------
    Total:                      364

    Gaps                         34        2
    Linker created                        44   16 384
-----------------------------------------------------
    Grand Total:             19 442      195   17 264


*******************************************************************************
*** ENTRY LIST
***

Entry                      Address   Size  Type      Object
-----                      -------   ----  ----      ------
?main                   0x08004a31         Code  Gb  cmain.o [5]
AHBPrescTable           0x200001dc   0x10  Data  Gb  system_stm32f4xx.o [1]
APBAHBPrescTable        0x0800234c   0x10  Data  Gb  stm32f4xx_hal_rcc.o [1]
CSTACK$$Base            0x20000370          --   Gb  - Linker created -
CSTACK$$Limit           0x20002370          --   Gb  - Linker created -
Capture                 0x2000035c    0x4  Data  Gb  main.o [1]
Frequency               0x20000358    0x4  Data  Gb  main.o [1]
HAL_GPIO_Init           0x080018c5  0x25a  Code  Gb  stm32f4xx_hal_gpio.o [1]
HAL_GetTick             0x08001c3f    0x6  Code  Wk  stm32f4xx_hal.o [1]
HAL_IncTick             0x08001c35    0xa  Code  Wk  stm32f4xx_hal.o [1]
HAL_Init                0x08001be1   0x30  Code  Gb  stm32f4xx_hal.o [1]
HAL_InitTick            0x08001c11   0x24  Code  Wk  stm32f4xx_hal.o [1]
HAL_MspInit             0x080013d5   0x18  Code  Gb  stm32f4xx_hal_msp.o [1]
HAL_NVIC_EnableIRQ      0x080017ed    0x6  Code  Gb  stm32f4xx_hal_cortex.o [1]
HAL_NVIC_SetPriority    0x0800178f   0x5e  Code  Gb  stm32f4xx_hal_cortex.o [1]
HAL_NVIC_SetPriorityGrouping
                        0x08001759   0x36  Code  Gb  stm32f4xx_hal_cortex.o [1]
HAL_RCC_ClockConfig     0x08001fb1  0x28a  Code  Gb  stm32f4xx_hal_rcc.o [1]
HAL_RCC_GetHCLKFreq     0x0800229b   0x1e  Code  Gb  stm32f4xx_hal_rcc.o [1]
HAL_RCC_GetSysClockFreq
                        0x08002251   0x4a  Code  Gb  stm32f4xx_hal_rcc.o [1]
HAL_RCC_OscConfig       0x08001c4d  0x354  Code  Gb  stm32f4xx_hal_rcc.o [1]
HAL_SYSTICK_Callback    0x08001855    0x2  Code  Wk  stm32f4xx_hal_cortex.o [1]
HAL_SYSTICK_Config      0x08001803   0x28  Code  Gb  stm32f4xx_hal_cortex.o [1]
HAL_SYSTICK_IRQHandler  0x0800184d    0x8  Code  Gb  stm32f4xx_hal_cortex.o [1]
HAL_TIMEx_BreakCallback
                        0x080016af    0x2  Code  Wk  stm32f4xx_hal_tim_ex.o [1]
HAL_TIMEx_CommutationCallback
                        0x080016ad    0x2  Code  Wk  stm32f4xx_hal_tim_ex.o [1]
HAL_TIMEx_MasterConfigSynchronization
                        0x080015bd   0xce  Code  Gb  stm32f4xx_hal_tim_ex.o [1]
HAL_TIM_Base_Init       0x08000189   0xae  Code  Gb  stm32f4xx_hal_tim.o [1]
HAL_TIM_Base_MspInit    0x080013ed   0x4a  Code  Gb  stm32f4xx_hal_msp.o [1]
HAL_TIM_ConfigClockSource
                        0x08000875  0x37c  Code  Gb  stm32f4xx_hal_tim.o [1]
HAL_TIM_IC_CaptureCallback
                        0x08001541   0x22  Code  Gb  main.o [1]
HAL_TIM_IC_ConfigChannel
                        0x080005f3  0x23a  Code  Gb  stm32f4xx_hal_tim.o [1]
HAL_TIM_IC_Init         0x080002cb   0xac  Code  Gb  stm32f4xx_hal_tim.o [1]
HAL_TIM_IC_MspInit      0x08000399    0x2  Code  Wk  stm32f4xx_hal_tim.o [1]
HAL_TIM_IC_Start_IT     0x080003b3   0xa8  Code  Gb  stm32f4xx_hal_tim.o [1]
HAL_TIM_IRQHandler      0x080004a9  0x14a  Code  Gb  stm32f4xx_hal_tim.o [1]
HAL_TIM_OC_DelayElapsedCallback
                        0x080010ff    0x2  Code  Wk  stm32f4xx_hal_tim.o [1]
HAL_TIM_PWM_PulseFinishedCallback
                        0x08001101    0x2  Code  Wk  stm32f4xx_hal_tim.o [1]
HAL_TIM_PeriodElapsedCallback
                        0x080010fd    0x2  Code  Wk  stm32f4xx_hal_tim.o [1]
HAL_TIM_ReadCapturedValue
                        0x08000fcd  0x11a  Code  Gb  stm32f4xx_hal_tim.o [1]
HAL_TIM_SlaveConfigSynchronization
                        0x08000c15  0x3b4  Code  Gb  stm32f4xx_hal_tim.o [1]
HAL_TIM_TriggerCallback
                        0x08001103    0x2  Code  Wk  stm32f4xx_hal_tim.o [1]
HEAP$$Base              0x20002370          --   Gb  - Linker created -
HEAP$$Limit             0x20004370          --   Gb  - Linker created -
InStream_Read           0x080045cd   0x22  Code  Lc  packbits_init.o [5]
LoadInt                 0x080029b1   0x6e  Code  Lc  xprintffull.o [3]
NVIC_GetPriorityGrouping
                        0x08001735    0xa  Code  Lc  stm32f4xx_hal_cortex.o [1]
NVIC_SetPriority        0x0800173f   0x1a  Code  Lc  stm32f4xx_hal_cortex.o [1]
Region$$Table$$Base     0x08004a04          --   Gb  - Linker created -
Region$$Table$$Limit    0x08004a30          --   Gb  - Linker created -
SysTick_Handler         0x08004a65    0xe  Code  Gb  stm32f4xx_it.o [1]
SystemClock_Config      0x080014dd   0x64  Code  Gb  main.o [1]
SystemCoreClock         0x200001ec    0x4  Data  Gb  system_stm32f4xx.o [1]
SystemInit              0x08004969   0x3a  Code  Gb  system_stm32f4xx.o [1]
TIM1_CC_IRQHandler      0x08004a73    0x6  Code  Gb  stm32f4xx_it.o [1]
TIM_Base_SetConfig      0x08001105   0x9e  Code  Gb  stm32f4xx_hal_tim.o [1]
TIM_CCxChannelCmd       0x080012ad   0x90  Code  Gb  stm32f4xx_hal_tim.o [1]
TIM_ETR_SetConfig       0x08001299   0x14  Code  Lc  stm32f4xx_hal_tim.o [1]
TIM_ITRx_SetConfig      0x08001289   0x10  Code  Lc  stm32f4xx_hal_tim.o [1]
TIM_TI1_ConfigInputStage
                        0x08001217   0x22  Code  Lc  stm32f4xx_hal_tim.o [1]
TIM_TI1_SetConfig       0x080011b9   0x5e  Code  Gb  stm32f4xx_hal_tim.o [1]
TIM_TI2_ConfigInputStage
                        0x08001265   0x24  Code  Lc  stm32f4xx_hal_tim.o [1]
TIM_TI2_SetConfig       0x08001239   0x2c  Code  Lc  stm32f4xx_hal_tim.o [1]
_Close_all              0x080048b9   0x58  Code  Gb  xcloseall.o [3]
_EncodingSb_Mbtowc      0x080040cb   0x30  Code  Gb  xencoding_sb.o [3]
_EncodingSb_Wctomb      0x080040b1   0x1a  Code  Gb  xencoding_sb.o [3]
_Files                  0x200001bc   0x20  Data  Gb  xfiles.o [3]
_Fofree                 0x08004791   0x78  Code  Gb  xfofind.o [3]
_Fspos                  0x080042f9   0xd6  Code  Gb  xfspos.o [3]
_Fwprep                 0x080046b9   0xb6  Code  Gb  xfwprep.o [3]
_GenldFull              0x0800323b  0x24c  Code  Lc  xprintffull.o [3]
_IsdstStr               0x2000008c    0x4  Data  Gb  setlocale.o [3]
_LdtobFull              0x08002e39  0x3fc  Code  Lc  xprintffull.o [3]
_LitobFull              0x08002d31  0x106  Code  Lc  xprintffull.o [3]
_LocaleEncoding         0x0800409d    0xe  Code  Gb  setlocale.o [3]
_LocaleReturnString     0x200000ac   0x50  Data  Lc  setlocale.o [3]
_Locale_Profile         0x20000090   0x1c  Data  Gb  setlocale.o [3]
_Locale_aeabi_lconv     0x20000050   0x38  Data  Gb  localeconv.o [3]
_Locale_lconv           0x20000000   0x50  Data  Gb  localeconv.o [3]
_Mbtowc                 0x080034d1   0x20  Code  Gb  xmbtowc.o [3]
_Nnl                    0x08004481    0xc  Code  Gb  xfgpos.o [3]
_PrintfFull             0x08002381  0x618  Code  Gb  xprintffull.o [3]
_Prout                  0x08004a7d   0x16  Code  Gb  xprout.o [3]
_PutcharsFull           0x08003487   0x2e  Code  Lc  xprintffull.o [3]
_PutstrFull             0x08002a1f  0x30c  Code  Lc  xprintffull.o [3]
_TzoneStr               0x20000088    0x4  Data  Gb  setlocale.o [3]
_Wctomb                 0x08003675   0x1a  Code  Gb  xwctomb.o [3]
__aeabi_cdcmple         0x080038b9         Code  Gb  DblCmpLe.o [4]
__aeabi_cdrcmple        0x080038e9         Code  Gb  DblCmpGe.o [4]
__aeabi_d2iz            0x08003a2d         Code  Gb  DblToI32.o [4]
__aeabi_d2uiz           0x08003a59         Code  Gb  DblToI32.o [4]
__aeabi_ddiv            0x08003dd9         Code  Gb  DblDiv.o [4]
__aeabi_dmul            0x08003c35         Code  Gb  DblMul.o [4]
__aeabi_dsub            0x08003ab5         Code  Gb  DblSub.o [4]
__aeabi_errno_addr      0x080044d9    0x6  Code  Gb  errno.o [3]
__aeabi_i2d             0x08003a85         Code  Gb  I32ToDbl.o [4]
__aeabi_ldiv0           0x0800413d         Code  Gb  I64DivZer.o [5]
__aeabi_ui2d            0x08003a99         Code  Gb  I32ToDbl.o [4]
__aeabi_uldivmod        0x08003789         Code  Gb  I64DivMod.o [5]
__cexit_closeall        0x08004a57         Code  Gb  cexit.o [5]
__close                 0x08004887   0x1a  Code  Gb  close.o [6]
__cmain                 0x08004a31         Code  Gb  cmain.o [5]
__cstart_closeall       0x08004c20         Data  Gb  cstart_closeall.o [5]
__data_Aldata           0x20000360    0x8  Data  Gb  xxmemxmalloc.o [3]
__data_GetMemChunk      0x08004111   0x2c  Code  Gb  xgetmemchunk.o [3]
__dwrite                0x080044f9   0x1e  Code  Gb  dwrite.o [6]
__exit                  0x080046a5   0x14  Code  Gb  exit.o [6]
__iar_Dnorm             0x08003877   0x42  Code  Gb  xdnorm.o [4]
__iar_Dscale            0x08003919  0x114  Code  Gb  xdscale.o [4]
__iar_Errno             0x200001f8    0x4  Data  Gb  errno.o [3]
__iar_Locale_lconv_init
                        0x08004021   0x3a  Code  Gb  localeconv.o [3]
__iar_Lockfilelock      0x080044e5    0x2  Code  Gb  xsyslock_nop.o [3]
__iar_Mbcurmax          0x080035b9    0xa  Code  Gb  xmbcurmax.o [3]
__iar_Memchr            0x08003561         Code  Gb  memchr.o [5]
__iar_Stderr            0x2000017c   0x40  Data  Gb  xfiles.o [3]
__iar_Stdin             0x200000fc   0x40  Data  Gb  xfiles.o [3]
__iar_Stdout            0x2000013c   0x40  Data  Gb  xfiles.o [3]
__iar_Strchr            0x080034f1         Code  Gb  strchr.o [5]
__iar_Unlockfilelock    0x080044e7    0x2  Code  Gb  xsyslock_nop.o [3]
__iar_close_ttio        0x08004559   0x2e  Code  Gb  iarttio.o [6]
__iar_d2uiz             0x08003a65         Code  Gb  DblToI32.o [4]
__iar_dadd              0x08004141         Code  Gb  DblAdd.o [4]
__iar_data_init3        0x080049b9   0x28  Code  Gb  data_init.o [5]
__iar_dlib_perthread_access
                        0x08004215    0x2  Code  Gb  xtls.o [3]
__iar_dsub              0x08003ac9         Code  Gb  DblSub.o [4]
__iar_dsubStart         0x08003adb         Code  Gb  DblSub.o [4]
__iar_get_ttio          0x08004589   0x38  Code  Gb  iarttio.o [6]
__iar_init_vfp          0x080049e1         Code  Gb  fpinit_M.o [4]
__iar_lookup_ttioh      0x080045c5    0x8  Code  Gb  XShttio.o [3]
__iar_packbits_init3    0x080045ef   0xb0  Code  Gb  packbits_init.o [5]
__iar_program_start     0x08004ab1         Code  Gb  cstartup_M.o [5]
__iar_sh_Discard        0x08004219   0x44  Code  Gb  XShHandles.o [3]
__iar_sh_Move           0x08004263   0x4c  Code  Gb  XShHandles.o [3]
__iar_sh_Pos            0x080042af   0x44  Code  Gb  XShHandles.o [3]
__iar_sh_stdout         0x08004517   0x20  Code  Gb  iarwstd.o [6]
__iar_sh_write          0x08004537   0x22  Code  Gb  iarwrite.o [6]
__iar_ttio_handles      0x200001f0    0x8  Data  Lc  XShttio.o [3]
__iar_ui2d              0x08003a9d         Code  Gb  I32ToDbl.o [4]
__iar_unaligned___aeabi_memcpy
                        0x08003691         Code  Gb  ABImemcpy_unaligned.o [5]
__iar_unaligned___aeabi_memcpy4
                        0x080036b1         Code  Gb  ABImemcpy_unaligned.o [5]
__iar_unaligned___aeabi_memcpy8
                        0x080036b1         Code  Gb  ABImemcpy_unaligned.o [5]
__iar_zero_init3        0x08003507   0x22  Code  Gb  zero_init3.o [5]
__low_level_init        0x08004a4b    0x4  Code  Gb  low_level_init.o [3]
__lseek                 0x0800448d   0x4c  Code  Gb  lseek.o [6]
__vector_table          0x08000000         Data  Gb  startup_stm32f417xx.o [1]
__write                 0x080044e9   0x10  Code  Gb  write.o [6]
_call_main              0x08004a3d         Code  Gb  cmain.o [5]
_exit                   0x08004a55         Code  Gb  cexit.o [5]
_main                   0x08004a47         Code  Gb  cmain.o [5]
abort                   0x0800469f    0x6  Code  Gb  abort.o [3]
assert_failed           0x08001581    0xc  Code  Gb  main.o [1]
div                     0x0800408d    0xe  Code  Gb  div.o [3]
ebuf                    0x2000027c   0x50  Data  Lc  xfiles.o [3]
exit                    0x08004a4f    0x4  Code  Gb  exit.o [3]
fclose                  0x0800480d   0x7a  Code  Gb  fclose.o [3]
fflush                  0x08004447   0x34  Code  Gb  fflush.o [3]
fflushOne               0x080043d1   0x76  Code  Lc  fflush.o [3]
fputc                   0x08004911   0x56  Code  Gb  fputc.o [3]
free                    0x08003709   0x7a  Code  Gb  xxmemxfree.o [3]
fseek                   0x0800476f   0x22  Code  Gb  fseek.o [3]
htim1                   0x2000031c   0x3c  Data  Gb  main.o [1]
localeconv              0x0800405b   0x16  Code  Gb  localeconv.o [3]
main                    0x08001445   0x98  Code  Gb  main.o [1]
malloc                  0x080035c5   0xac  Code  Gb  xxmemxmalloc.o [3]
memchr                  0x08003561         Code  Gb  memchr.o [5]
obuf                    0x200002cc   0x50  Data  Lc  xfiles.o [3]
printf                  0x0800235d   0x24  Code  Gb  printf.o [3]
putchar                 0x08004a95    0xc  Code  Gb  putchar.o [3]
remove                  0x080048a1   0x16  Code  Gb  remove.o [6]
sFileInfo               0x200001fc   0x80  Data  Lc  XShHandles.o [3]
strchr                  0x080034f1         Code  Gb  strchr.o [5]
strlen                  0x08003529         Code  Gb  strlen.o [5]
uwTick                  0x20000368    0x4  Data  Lc  stm32f4xx_hal.o [1]


[1] = F:\workspaces\Two_Boards_PWM_IO\Timer_F4_PWM_Input\Projects\EWARM\Timer_F4_PWM_Input Configuration\Obj
[2] = command line
[3] = dl7M_tlf.a
[4] = m7M_tlv.a
[5] = rt7M_tl.a
[6] = shb_l.a

  19 442 bytes of readonly  code memory
     195 bytes of readonly  data memory
  17 264 bytes of readwrite data memory

Errors: none
Warnings: none
